Archive member included to satisfy reference by file (symbol)

/home/qc2335/optee/optee_os/out/arm/export-ta_arm64/lib/libutils.a(trace.o)
                              ./my_test_ta.o (trace_printf)
/home/qc2335/optee/optee_os/out/arm/export-ta_arm64/lib/libutils.a(stack_check.o)
                              /home/qc2335/optee/optee_os/out/arm/export-ta_arm64/lib/libutils.a(trace.o) (__stack_chk_fail)
/home/qc2335/optee/optee_os/out/arm/export-ta_arm64/lib/libutils.a(memcpy.o)
                              /home/qc2335/optee/optee_os/out/arm/export-ta_arm64/lib/libutils.a(trace.o) (memcpy)
/home/qc2335/optee/optee_os/out/arm/export-ta_arm64/lib/libutils.a(snprintk.o)
                              /home/qc2335/optee/optee_os/out/arm/export-ta_arm64/lib/libutils.a(trace.o) (vsnprintk)
/home/qc2335/optee/optee_os/out/arm/export-ta_arm64/lib/libutils.a(memchr.o)
                              /home/qc2335/optee/optee_os/out/arm/export-ta_arm64/lib/libutils.a(snprintk.o) (memchr)
/home/qc2335/optee/optee_os/out/arm/export-ta_arm64/lib/libutils.a(strlen.o)
                              /home/qc2335/optee/optee_os/out/arm/export-ta_arm64/lib/libutils.a(snprintk.o) (strlen)
/home/qc2335/optee/optee_os/out/arm/export-ta_arm64/lib/libutee.a(trace_ext.o)
                              /home/qc2335/optee/optee_os/out/arm/export-ta_arm64/lib/libutils.a(trace.o) (trace_ext_puts)
/home/qc2335/optee/optee_os/out/arm/export-ta_arm64/lib/libutee.a(user_ta_entry.o)
                              ./user_ta_header.o (__utee_entry)
/home/qc2335/optee/optee_os/out/arm/export-ta_arm64/lib/libutee.a(user_ta_entry_compat.o)
                              ./user_ta_header.o (__ta_open_sess)
/home/qc2335/optee/optee_os/out/arm/export-ta_arm64/lib/libutee.a(utee_syscalls_a64.o)
                              /home/qc2335/optee/optee_os/out/arm/export-ta_arm64/lib/libutils.a(stack_check.o) (_utee_panic)
/home/qc2335/optee/optee_os/out/arm/export-ta_arm64/lib/libutee.a(abort.o)
                              /home/qc2335/optee/optee_os/out/arm/export-ta_arm64/lib/libutee.a(user_ta_entry.o) (abort)
/home/qc2335/optee/optee_os/out/arm/export-ta_arm64/lib/libutee.a(tee_api.o)
                              /home/qc2335/optee/optee_os/out/arm/export-ta_arm64/lib/libutee.a(user_ta_entry.o) (TEE_Malloc)
/home/qc2335/optee/optee_os/out/arm/export-ta_arm64/lib/libutee.a(tee_api_arith_mpi.o)
                              /home/qc2335/optee/optee_os/out/arm/export-ta_arm64/lib/libutee.a(user_ta_entry.o) (_TEE_MathAPI_Init)
/home/qc2335/optee/optee_os/out/arm/export-ta_arm64/lib/libutee.a(tee_api_panic.o)
                              /home/qc2335/optee/optee_os/out/arm/export-ta_arm64/lib/libutee.a(tee_api.o) (TEE_Panic)
/home/qc2335/optee/optee_os/out/arm/export-ta_arm64/lib/libutee.a(tee_api_property.o)
                              /home/qc2335/optee/optee_os/out/arm/export-ta_arm64/lib/libutee.a(user_ta_entry.o) (TEE_GetPropertyAsU32)
/home/qc2335/optee/optee_os/out/arm/export-ta_arm64/lib/libutee.a(tee_system_pta.o)
                              /home/qc2335/optee/optee_os/out/arm/export-ta_arm64/lib/libutee.a(tee_api.o) (tee_map_zi)
/home/qc2335/optee/optee_os/out/arm/export-ta_arm64/lib/libutee.a(tcb.o)
                              /home/qc2335/optee/optee_os/out/arm/export-ta_arm64/lib/libutee.a(user_ta_entry.o) (__utee_tcb_init)
/home/qc2335/optee/optee_os/out/arm/export-ta_arm64/lib/libutee.a(assert.o)
                              /home/qc2335/optee/optee_os/out/arm/export-ta_arm64/lib/libutee.a(tcb.o) (_assert_log)
/home/qc2335/optee/optee_os/out/arm/export-ta_arm64/lib/libutee.a(base64.o)
                              /home/qc2335/optee/optee_os/out/arm/export-ta_arm64/lib/libutee.a(tee_api_property.o) (_base64_enc_len)
/home/qc2335/optee/optee_os/out/arm/export-ta_arm64/lib/libmbedtls.a(bignum.o)
                              /home/qc2335/optee/optee_os/out/arm/export-ta_arm64/lib/libutee.a(tee_api_arith_mpi.o) (mbedtls_mpi_init_mempool)
/home/qc2335/optee/optee_os/out/arm/export-ta_arm64/lib/libmbedtls.a(bignum_core.o)
                              /home/qc2335/optee/optee_os/out/arm/export-ta_arm64/lib/libmbedtls.a(bignum.o) (mbedtls_mpi_core_bitlen)
/home/qc2335/optee/optee_os/out/arm/export-ta_arm64/lib/libmbedtls.a(constant_time.o)
                              /home/qc2335/optee/optee_os/out/arm/export-ta_arm64/lib/libmbedtls.a(bignum_core.o) (mbedtls_ct_mpi_uint_mask)
/home/qc2335/optee/optee_os/out/arm/export-ta_arm64/lib/libmbedtls.a(platform_util.o)
                              /home/qc2335/optee/optee_os/out/arm/export-ta_arm64/lib/libmbedtls.a(bignum.o) (mbedtls_platform_zeroize)
/home/qc2335/optee/optee_os/out/arm/export-ta_arm64/lib/libutils.a(bget_malloc.o)
                              /home/qc2335/optee/optee_os/out/arm/export-ta_arm64/lib/libutee.a(tee_api.o) (raw_malloc)
/home/qc2335/optee/optee_os/out/arm/export-ta_arm64/lib/libutils.a(snprintf.o)
[...]
Memory Configuration

Name             Origin             Length             Attributes
*default*        0x0000000000000000 0xffffffffffffffff

Linker script and memory map


.text           0x0000000000000000    0x133f8
                0x0000000000000000                __text_start = .
 *(SORT_BY_ALIGNMENT(.text) SORT_BY_ALIGNMENT(.text.*))
 .text          0x0000000000000000       0xec /home/qc2335/optee/optee_os/out/arm/export-ta_arm64/lib/libutils.a(memcpy.o)
                0x0000000000000000                memcpy
 .text          0x00000000000000ec      0x228 ./my_test_ta.o
                0x00000000000000ec                TA_CreateEntryPoint
                0x0000000000000120                TA_DestroyEntryPoint
                0x0000000000000144                __GP11_TA_OpenSessionEntryPoint
                0x00000000000001b4                TA_CloseSessionEntryPoint
                0x00000000000001d8                __GP11_TA_InvokeCommandEntryPoint
 .text          0x0000000000000314       0x34 ./user_ta_header.o
                0x0000000000000314                __ta_entry
                0x0000000000000328                tahead_get_trace_level
                0x0000000000000330                TA_OpenSessionEntryPoint
                0x000000000000033c                TA_InvokeCommandEntryPoint
 .text          0x0000000000000348      0x330 /home/qc2335/optee/optee_os/out/arm/export-ta_arm64/lib/libutils.a(trace.o)
                0x0000000000000348                trace_set_level
                0x0000000000000364                trace_get_level
                0x0000000000000374                trace_vprintf
                0x0000000000000590                trace_printf
                0x0000000000000674                dhex_dump
 .text          0x0000000000000678       0x30 /home/qc2335/optee/optee_os/out/arm/export-ta_arm64/lib/libutils.a(stack_check.o)
                0x0000000000000678                __stack_chk_fail
 .text          0x00000000000006a8      0xdfc /home/qc2335/optee/optee_os/out/arm/export-ta_arm64/lib/libutils.a(snprintk.o)
                0x00000000000006a8                __vsnprintf
                0x000000000000076c                vsnprintk
                0x00000000000007c4                snprintk
                0x0000000000001458                __vsprintf
 .text          0x00000000000014a4       0x2c /home/qc2335/optee/optee_os/out/arm/export-ta_arm64/lib/libutils.a(memchr.o)
                0x00000000000014a4                memchr
 .text          0x00000000000014d0       0x1c /home/qc2335/optee/optee_os/out/arm/export-ta_arm64/lib/libutils.a(strlen.o)
                0x00000000000014d0                strlen
 .text          0x00000000000014ec      0x1e0 /home/qc2335/optee/optee_os/out/arm/export-ta_arm64/lib/libutee.a(trace_ext.o)
                0x00000000000014ec                trace_ext_puts
                0x0000000000001514                trace_ext_get_thread_id
                0x000000000000151c                printf
                0x000000000000161c                puts
                0x000000000000165c                putchar
 .text          0x00000000000016cc      0x740 /home/qc2335/optee/optee_os/out/arm/export-ta_arm64/lib/libutee.a(user_ta_entry.o)
                0x0000000000001994                __utee_call_elf_init_fn
                0x0000000000001ae0                __utee_call_elf_fini_fn
                0x0000000000001b84                __utee_entry
 .text          0x0000000000001e0c      0x214 /home/qc2335/optee/optee_os/out/arm/export-ta_arm64/lib/libutee.a(user_ta_entry_compat.o)
                0x0000000000001ed4                __ta_open_sess
                0x0000000000001f70                __ta_invoke_cmd
 .text._utee_panic
                0x0000000000002020        0xc /home/qc2335/optee/optee_os/out/arm/export-ta_arm64/lib/libutee.a(utee_syscalls_a64.o)
                0x0000000000002020                _utee_panic
 .text._utee_return
                0x000000000000202c        0xc /home/qc2335/optee/optee_os/out/arm/export-ta_arm64/lib/libutee.a(utee_syscalls_a64.o)
                0x000000000000202c                _utee_return
 .text._utee_log
                0x0000000000002038        0xc /home/qc2335/optee/optee_os/out/arm/export-ta_arm64/lib/libutee.a(utee_syscalls_a64.o)
                0x0000000000002038                _utee_log
 .text.__utee_panic
                0x0000000000002044        0xc /home/qc2335/optee/optee_os/out/arm/export-ta_arm64/lib/libutee.a(utee_syscalls_a64.o)
                0x0000000000002044                __utee_panic
 .text._utee_get_property
                0x0000000000002050        0xc /home/qc2335/optee/optee_os/out/arm/export-ta_arm64/lib/libutee.a(utee_syscalls_a64.o)
                0x0000000000002050                _utee_get_property
 .text._utee_get_property_name_to_index
                0x000000000000205c        0xc /home/qc2335/optee/optee_os/out/arm/export-ta_arm64/lib/libutee.a(utee_syscalls_a64.o)
                0x000000000000205c                _utee_get_property_name_to_index
 .text._utee_open_ta_session
                0x0000000000002068        0xc /home/qc2335/optee/optee_os/out/arm/export-ta_arm64/lib/libutee.a(utee_syscalls_a64.o)
                0x0000000000002068                _utee_open_ta_session
 .text._utee_close_ta_session
                0x0000000000002074        0xc /home/qc2335/optee/optee_os/out/arm/export-ta_arm64/lib/libutee.a(utee_syscalls_a64.o)
                0x0000000000002074                _utee_close_ta_session
 .text._utee_invoke_ta_command
                0x0000000000002080        0xc /home/qc2335/optee/optee_os/out/arm/export-ta_arm64/lib/libutee.a(utee_syscalls_a64.o)
                0x0000000000002080                _utee_invoke_ta_command
 .text._utee_get_cancellation_flag
                0x000000000000208c        0xc /home/qc2335/optee/optee_os/out/arm/export-ta_arm64/lib/libutee.a(utee_syscalls_a64.o)
                0x000000000000208c                _utee_get_cancellation_flag
 .text._utee_check_access_rights
                0x0000000000002098        0xc /home/qc2335/optee/optee_os/out/arm/export-ta_arm64/lib/libutee.a(utee_syscalls_a64.o)
                0x0000000000002098                _utee_check_access_rights
 .text._utee_unmask_cancellation
                0x00000000000020a4        0xc /home/qc2335/optee/optee_os/out/arm/export-ta_arm64/lib/libutee.a(utee_syscalls_a64.o)
                0x00000000000020a4                _utee_unmask_cancellation
 .text._utee_mask_cancellation
                0x00000000000020b0        0xc /home/qc2335/optee/optee_os/out/arm/export-ta_arm64/lib/libutee.a(utee_syscalls_a64.o)
                0x00000000000020b0                _utee_mask_cancellation
 .text._utee_wait
                0x00000000000020bc        0xc /home/qc2335/optee/optee_os/out/arm/export-ta_arm64/lib/libutee.a(utee_syscalls_a64.o)
                0x00000000000020bc                _utee_wait
 .text._utee_get_time
                0x00000000000020c8        0xc /home/qc2335/optee/optee_os/out/arm/export-ta_arm64/lib/libutee.a(utee_syscalls_a64.o)
                0x00000000000020c8                _utee_get_time
 .text._utee_set_ta_time
                0x00000000000020d4        0xc /home/qc2335/optee/optee_os/out/arm/export-ta_arm64/lib/libutee.a(utee_syscalls_a64.o)
                0x00000000000020d4                _utee_set_ta_time
 .text._utee_cryp_state_alloc
                0x00000000000020e0        0xc /home/qc2335/optee/optee_os/out/arm/export-ta_arm64/lib/libutee.a(utee_syscalls_a64.o)
                0x00000000000020e0                _utee_cryp_state_alloc
 .text._utee_cryp_state_copy
                0x00000000000020ec        0xc /home/qc2335/optee/optee_os/out/arm/export-ta_arm64/lib/libutee.a(utee_syscalls_a64.o)
                0x00000000000020ec                _utee_cryp_state_copy
 .text._utee_cryp_state_free
                0x00000000000020f8        0xc /home/qc2335/optee/optee_os/out/arm/export-ta_arm64/lib/libutee.a(utee_syscalls_a64.o)
                0x00000000000020f8                _utee_cryp_state_free
 .text._utee_hash_init
                0x0000000000002104        0xc /home/qc2335/optee/optee_os/out/arm/export-ta_arm64/lib/libutee.a(utee_syscalls_a64.o)
                0x0000000000002104                _utee_hash_init
 .text._utee_hash_update
                0x0000000000002110        0xc /home/qc2335/optee/optee_os/out/arm/export-ta_arm64/lib/libutee.a(utee_syscalls_a64.o)
                0x0000000000002110                _utee_hash_update
 .text._utee_hash_final
                0x000000000000211c        0xc /home/qc2335/optee/optee_os/out/arm/export-ta_arm64/lib/libutee.a(utee_syscalls_a64.o)
                0x000000000000211c                _utee_hash_final
 .text._utee_cipher_init
                0x0000000000002128        0xc /home/qc2335/optee/optee_os/out/arm/export-ta_arm64/lib/libutee.a(utee_syscalls_a64.o)
                0x0000000000002128                _utee_cipher_init
 .text._utee_cipher_update
                0x0000000000002134        0xc /home/qc2335/optee/optee_os/out/arm/export-ta_arm64/lib/libutee.a(utee_syscalls_a64.o)
                0x0000000000002134                _utee_cipher_update
 .text._utee_cipher_final
                0x0000000000002140        0xc /home/qc2335/optee/optee_os/out/arm/export-ta_arm64/lib/libutee.a(utee_syscalls_a64.o)
                0x0000000000002140                _utee_cipher_final
 .text._utee_cryp_obj_get_info
                0x000000000000214c        0xc /home/qc2335/optee/optee_os/out/arm/export-ta_arm64/lib/libutee.a(utee_syscalls_a64.o)
                0x000000000000214c                _utee_cryp_obj_get_info
 .text._utee_cryp_obj_restrict_usage
                0x0000000000002158        0xc /home/qc2335/optee/optee_os/out/arm/export-ta_arm64/lib/libutee.a(utee_syscalls_a64.o)
                0x0000000000002158                _utee_cryp_obj_restrict_usage
 .text._utee_cryp_obj_get_attr
                0x0000000000002164        0xc /home/qc2335/optee/optee_os/out/arm/export-ta_arm64/lib/libutee.a(utee_syscalls_a64.o)
                0x0000000000002164                _utee_cryp_obj_get_attr
 .text._utee_cryp_obj_alloc
                0x0000000000002170        0xc /home/qc2335/optee/optee_os/out/arm/export-ta_arm64/lib/libutee.a(utee_syscalls_a64.o)
                0x0000000000002170                _utee_cryp_obj_alloc
 .text._utee_cryp_obj_close
                0x000000000000217c        0xc /home/qc2335/optee/optee_os/out/arm/export-ta_arm64/lib/libutee.a(utee_syscalls_a64.o)
                0x000000000000217c                _utee_cryp_obj_close
 .text._utee_cryp_obj_reset
                0x0000000000002188        0xc /home/qc2335/optee/optee_os/out/arm/export-ta_arm64/lib/libutee.a(utee_syscalls_a64.o)
                0x0000000000002188                _utee_cryp_obj_reset
 .text._utee_cryp_obj_populate
                0x0000000000002194        0xc /home/qc2335/optee/optee_os/out/arm/export-ta_arm64/lib/libutee.a(utee_syscalls_a64.o)
                0x0000000000002194                _utee_cryp_obj_populate
 .text._utee_cryp_obj_copy
                0x00000000000021a0        0xc /home/qc2335/optee/optee_os/out/arm/export-ta_arm64/lib/libutee.a(utee_syscalls_a64.o)
                0x00000000000021a0                _utee_cryp_obj_copy
 .text._utee_cryp_derive_key
                0x00000000000021ac        0xc /home/qc2335/optee/optee_os/out/arm/export-ta_arm64/lib/libutee.a(utee_syscalls_a64.o)
                0x00000000000021ac                _utee_cryp_derive_key
 .text._utee_cryp_random_number_generate
                0x00000000000021b8        0xc /home/qc2335/optee/optee_os/out/arm/export-ta_arm64/lib/libutee.a(utee_syscalls_a64.o)
                0x00000000000021b8                _utee_cryp_random_number_generate
 .text._utee_authenc_init
                0x00000000000021c4        0xc /home/qc2335/optee/optee_os/out/arm/export-ta_arm64/lib/libutee.a(utee_syscalls_a64.o)
                0x00000000000021c4                _utee_authenc_init
 .text._utee_authenc_update_aad
                0x00000000000021d0        0xc /home/qc2335/optee/optee_os/out/arm/export-ta_arm64/lib/libutee.a(utee_syscalls_a64.o)
                0x00000000000021d0                _utee_authenc_update_aad
 .text._utee_authenc_update_payload
                0x00000000000021dc        0xc /home/qc2335/optee/optee_os/out/arm/export-ta_arm64/lib/libutee.a(utee_syscalls_a64.o)
                0x00000000000021dc                _utee_authenc_update_payload
 .text._utee_authenc_enc_final
                0x00000000000021e8        0xc /home/qc2335/optee/optee_os/out/arm/export-ta_arm64/lib/libutee.a(utee_syscalls_a64.o)
                0x00000000000021e8                _utee_authenc_enc_final
 .text._utee_authenc_dec_final
                0x00000000000021f4        0xc /home/qc2335/optee/optee_os/out/arm/export-ta_arm64/lib/libutee.a(utee_syscalls_a64.o)
                0x00000000000021f4                _utee_authenc_dec_final
 .text._utee_asymm_operate
                0x0000000000002200        0xc /home/qc2335/optee/optee_os/out/arm/export-ta_arm64/lib/libutee.a(utee_syscalls_a64.o)
                0x0000000000002200                _utee_asymm_operate
 .text._utee_asymm_verify
                0x000000000000220c        0xc /home/qc2335/optee/optee_os/out/arm/export-ta_arm64/lib/libutee.a(utee_syscalls_a64.o)
                0x000000000000220c                _utee_asymm_verify
 .text._utee_storage_obj_open
                0x0000000000002218        0xc /home/qc2335/optee/optee_os/out/arm/export-ta_arm64/lib/libutee.a(utee_syscalls_a64.o)
                0x0000000000002218                _utee_storage_obj_open
 .text._utee_storage_obj_create
                0x0000000000002224        0xc /home/qc2335/optee/optee_os/out/arm/export-ta_arm64/lib/libutee.a(utee_syscalls_a64.o)
                0x0000000000002224                _utee_storage_obj_create
 .text._utee_storage_obj_del
                0x0000000000002230        0xc /home/qc2335/optee/optee_os/out/arm/export-ta_arm64/lib/libutee.a(utee_syscalls_a64.o)
                0x0000000000002230                _utee_storage_obj_del
 .text._utee_storage_obj_rename
                0x000000000000223c        0xc /home/qc2335/optee/optee_os/out/arm/export-ta_arm64/lib/libutee.a(utee_syscalls_a64.o)
                0x000000000000223c                _utee_storage_obj_rename
 .text._utee_storage_alloc_enum
                0x0000000000002248        0xc /home/qc2335/optee/optee_os/out/arm/export-ta_arm64/lib/libutee.a(utee_syscalls_a64.o)
                0x0000000000002248                _utee_storage_alloc_enum
 .text._utee_storage_free_enum
                0x0000000000002254        0xc /home/qc2335/optee/optee_os/out/arm/export-ta_arm64/lib/libutee.a(utee_syscalls_a64.o)
                0x0000000000002254                _utee_storage_free_enum
 .text._utee_storage_reset_enum
                0x0000000000002260        0xc /home/qc2335/optee/optee_os/out/arm/export-ta_arm64/lib/libutee.a(utee_syscalls_a64.o)
                0x0000000000002260                _utee_storage_reset_enum
 .text._utee_storage_start_enum
                0x000000000000226c        0xc /home/qc2335/optee/optee_os/out/arm/export-ta_arm64/lib/libutee.a(utee_syscalls_a64.o)
                0x000000000000226c                _utee_storage_start_enum
 .text._utee_storage_next_enum
                0x0000000000002278        0xc /home/qc2335/optee/optee_os/out/arm/export-ta_arm64/lib/libutee.a(utee_syscalls_a64.o)
                0x0000000000002278                _utee_storage_next_enum
 .text._utee_storage_obj_read
                0x0000000000002284        0xc /home/qc2335/optee/optee_os/out/arm/export-ta_arm64/lib/libutee.a(utee_syscalls_a64.o)
                0x0000000000002284                _utee_storage_obj_read
 .text._utee_storage_obj_write
                0x0000000000002290        0xc /home/qc2335/optee/optee_os/out/arm/export-ta_arm64/lib/libutee.a(utee_syscalls_a64.o)
                0x0000000000002290                _utee_storage_obj_write
 .text._utee_storage_obj_trunc
                0x000000000000229c        0xc /home/qc2335/optee/optee_os/out/arm/export-ta_arm64/lib/libutee.a(utee_syscalls_a64.o)
                0x000000000000229c                _utee_storage_obj_trunc
 .text._utee_storage_obj_seek
                0x00000000000022a8        0xc /home/qc2335/optee/optee_os/out/arm/export-ta_arm64/lib/libutee.a(utee_syscalls_a64.o)
                0x00000000000022a8                _utee_storage_obj_seek
 .text._utee_cryp_obj_generate_key
                0x00000000000022b4        0xc /home/qc2335/optee/optee_os/out/arm/export-ta_arm64/lib/libutee.a(utee_syscalls_a64.o)
                0x00000000000022b4                _utee_cryp_obj_generate_key
 .text._utee_cache_operation
                0x00000000000022c0        0xc /home/qc2335/optee/optee_os/out/arm/export-ta_arm64/lib/libutee.a(utee_syscalls_a64.o)
                0x00000000000022c0                _utee_cache_operation
 .text.unlikely
                0x00000000000022cc       0x20 /home/qc2335/optee/optee_os/out/arm/export-ta_arm64/lib/libutee.a(abort.o)
                0x00000000000022cc                abort
 .text          0x00000000000022ec     0x10dc /home/qc2335/optee/optee_os/out/arm/export-ta_arm64/lib/libutee.a(tee_api.o)
                0x0000000000002698                TEE_CloseTASession
                0x00000000000026c0                TEE_GetCancellationFlag
                0x0000000000002720                TEE_UnmaskCancellation
                0x0000000000002780                TEE_MaskCancellation
                0x00000000000027e0                TEE_CheckMemoryAccessRights
                0x0000000000002a04                TEE_OpenTASession
                0x0000000000002b58                __GP11_TEE_OpenTASession
                0x0000000000002ca0                TEE_InvokeTACommand
                0x0000000000002e24                __GP11_TEE_InvokeTACommand
                0x0000000000002f9c                __GP11_TEE_CheckMemoryAccessRights
                0x0000000000002fa4                TEE_SetInstanceData
                0x0000000000002fb0                TEE_GetInstanceData
                0x0000000000002fbc                TEE_MemMove
                0x0000000000002fc0                __GP11_TEE_MemMove
                0x0000000000002fc8                TEE_MemCompare
                0x0000000000002fcc                __GP11_TEE_MemCompare
                0x0000000000002fd4                TEE_MemFill
                0x0000000000002fd8                __GP11_TEE_MemFill
                0x0000000000002fe0                TEE_GetSystemTime
                0x0000000000003008                TEE_Wait
                0x0000000000003044                TEE_GetTAPersistentTime
                0x00000000000030bc                TEE_SetTAPersistentTime
                0x0000000000003100                TEE_GetREETime
                0x0000000000003128                TEE_Malloc
                0x000000000000324c                __GP11_TEE_Malloc
                0x0000000000003254                TEE_Free
                0x00000000000032b4                TEE_Realloc
                0x00000000000033a8                __GP11_TEE_Realloc
                0x00000000000033b0                TEE_CacheClean
                0x00000000000033b8                TEE_CacheFlush
                0x00000000000033c0                TEE_CacheInvalidate
 .text          0x00000000000033c8     0x2168 /home/qc2335/optee/optee_os/out/arm/export-ta_arm64/lib/libutee.a(tee_api_arith_mpi.o)
                0x0000000000003c2c                _TEE_MathAPI_Init
                0x0000000000003c7c                TEE_BigIntInit
                0x0000000000003cdc                __GP11_TEE_BigIntInit
                0x0000000000003ce4                TEE_BigIntConvertFromOctetString
                0x0000000000003dac                __GP11_TEE_BigIntConvertFromOctetString
                0x0000000000003db4                TEE_BigIntConvertToOctetString
                0x0000000000003e7c                __GP11_TEE_BigIntConvertToOctetString
                0x0000000000003ee0                TEE_BigIntConvertFromS32
                0x0000000000003f94                TEE_BigIntConvertToS32
                0x000000000000404c                TEE_BigIntCmp
                0x00000000000040e4                TEE_BigIntCmpS32
                0x0000000000004334                TEE_BigIntShiftRight
                0x00000000000044d4                __GP11_TEE_BigIntShiftRight
                0x00000000000044dc                TEE_BigIntGetBit
                0x0000000000004560                TEE_BigIntGetBitCount
                0x00000000000045d8                TEE_BigIntSetBit
                0x0000000000004688                TEE_BigIntAssign
                0x00000000000046d8                TEE_BigIntAbs
                0x0000000000004704                TEE_BigIntAdd
                0x0000000000004710                TEE_BigIntSub
                0x000000000000471c                TEE_BigIntNeg
                0x0000000000004800                TEE_BigIntMul
                0x0000000000004914                TEE_BigIntSquare
                0x000000000000491c                TEE_BigIntDiv
                0x0000000000004ad0                TEE_BigIntMod
                0x0000000000004b3c                TEE_BigIntAddMod
                0x0000000000004b48                TEE_BigIntSubMod
                0x0000000000004b54                TEE_BigIntMulMod
                0x0000000000004b60                TEE_BigIntSquareMod
                0x0000000000004b6c                TEE_BigIntInvMod
                0x0000000000004cbc                TEE_BigIntRelativePrime
                0x0000000000004dc4                TEE_BigIntExpMod
                0x0000000000004f9c                TEE_BigIntComputeExtendedGcd
                0x000000000000520c                TEE_BigIntIsProbablePrime
                0x00000000000052a4                TEE_BigIntInitFMM
                0x00000000000052a8                __GP11_TEE_BigIntInitFMM
                0x00000000000052b0                TEE_BigIntInitFMMContext
                0x00000000000052b4                __GP11_TEE_BigIntInitFMMContext
                0x00000000000052bc                TEE_BigIntInitFMMContext1
                0x00000000000052c4                TEE_BigIntFMMSizeInU32
                0x00000000000052d4                __GP11_TEE_BigIntFMMSizeInU32
                0x00000000000052ec                TEE_BigIntFMMContextSizeInU32
                0x00000000000052f4                __GP11_TEE_BigIntFMMContextSizeInU32
                0x000000000000530c                TEE_BigIntConvertToFMM
                0x0000000000005310                TEE_BigIntConvertFromFMM
                0x00000000000053e4                TEE_BigIntComputeFMM
 .text          0x0000000000005530      0x1fc /home/qc2335/optee/optee_os/out/arm/export-ta_arm64/lib/libutee.a(tee_api_panic.o)
                0x000000000000554c                TEE_Panic
                0x0000000000005564                __utee_check_outbuf_annotation
                0x00000000000055b0                __utee_check_gp11_outbuf_annotation
                0x00000000000055fc                __utee_check_instring_annotation
                0x000000000000562c                __utee_check_outstring_annotation
                0x0000000000005678                __utee_check_gp11_outstring_annotation
                0x00000000000056c4                __utee_check_out_annotation
                0x00000000000056e4                __utee_check_attr_in_annotation
                0x0000000000005708                __utee_check_gp11_attr_in_annotation
                0x000000000000570c                __utee_check_inout_annotation
 .text          0x000000000000572c      0xfd0 /home/qc2335/optee/optee_os/out/arm/export-ta_arm64/lib/libutee.a(tee_api_property.o)
                0x0000000000005afc                TEE_GetPropertyAsString
                0x0000000000005d60                __GP11_TEE_GetPropertyAsString
                0x0000000000005dfc                TEE_GetPropertyAsBool
                0x0000000000005ed4                TEE_GetPropertyAsU32
                0x0000000000005fbc                TEE_GetPropertyAsU64
                0x00000000000060a4                __GP11_TEE_GetPropertyAsBinaryBlock
                0x000000000000618c                TEE_GetPropertyAsBinaryBlock
                0x0000000000006228                TEE_GetPropertyAsUUID
                0x0000000000006310                TEE_GetPropertyAsIdentity
                0x00000000000063f8                TEE_ResetPropertyEnumerator
                0x0000000000006404                TEE_AllocatePropertyEnumerator
                0x000000000000644c                TEE_FreePropertyEnumerator
                0x0000000000006450                TEE_StartPropertyEnumerator
                0x0000000000006460                __GP11_TEE_GetPropertyName
                0x0000000000006590                TEE_GetPropertyName
                0x000000000000661c                TEE_GetNextProperty
 .text          0x00000000000066fc      0x2bc /home/qc2335/optee/optee_os/out/arm/export-ta_arm64/lib/libutee.a(tee_system_pta.o)
                0x0000000000006780                tee_map_zi
                0x0000000000006814                tee_unmap
                0x00000000000068d0                tee_invoke_supp_plugin
 .text          0x00000000000069b8      0x34c /home/qc2335/optee/optee_os/out/arm/export-ta_arm64/lib/libutee.a(tcb.o)
                0x00000000000069b8                __utee_tcb_init
                0x0000000000006bf8                __tls_get_addr
                0x0000000000006c14                dl_iterate_phdr
 .text          0x0000000000006d04       0x58 /home/qc2335/optee/optee_os/out/arm/export-ta_arm64/lib/libutee.a(assert.o)
                0x0000000000006d04                _assert_log
                0x0000000000006d48                _assert_break
 .text          0x0000000000006d5c      0x250 /home/qc2335/optee/optee_os/out/arm/export-ta_arm64/lib/libutee.a(base64.o)
                0x0000000000006d5c                _base64_enc_len
                0x0000000000006d74                _base64_enc
                0x0000000000006e88                _base64_dec
 .text          0x0000000000006fac     0x369c /home/qc2335/optee/optee_os/out/arm/export-ta_arm64/lib/libmbedtls.a(bignum.o)
                0x000000000000710c                mbedtls_mpi_init
                0x0000000000007120                mbedtls_mpi_init_mempool
                0x0000000000007148                mbedtls_mpi_free
                0x00000000000071b4                mbedtls_mpi_grow
                0x0000000000007308                mbedtls_mpi_shrink
                0x0000000000007420                mbedtls_mpi_copy
                0x00000000000074ec                mbedtls_mpi_swap
                0x0000000000007578                mbedtls_mpi_lset
                0x00000000000075e0                mbedtls_mpi_get_bit
                0x000000000000760c                mbedtls_mpi_set_bit
                0x0000000000007698                mbedtls_mpi_lsb
                0x00000000000076ec                mbedtls_mpi_bitlen
                0x00000000000076f4                mbedtls_mpi_size
                0x0000000000007710                mbedtls_mpi_read_binary_le
                0x000000000000776c                mbedtls_mpi_read_binary
                0x00000000000077c8                mbedtls_mpi_write_binary_le
                0x00000000000077d8                mbedtls_mpi_write_binary
                0x00000000000077e8                mbedtls_mpi_shift_l
                0x00000000000078f8                mbedtls_mpi_shift_r
                0x0000000000007928                mbedtls_mpi_cmp_abs
                0x00000000000079c4                mbedtls_mpi_cmp_mpi
                0x0000000000007a94                mbedtls_mpi_cmp_int
                0x0000000000007b0c                mbedtls_mpi_add_abs
                0x0000000000007c04                mbedtls_mpi_sub_abs
                0x0000000000007dbc                mbedtls_mpi_add_mpi
                0x0000000000007dc4                mbedtls_mpi_sub_mpi
                0x0000000000007dcc                mbedtls_mpi_add_int
                0x0000000000007e44                mbedtls_mpi_sub_int
                0x0000000000007ebc                mbedtls_mpi_mul_mpi
                0x0000000000008078                mbedtls_mpi_mul_int
                0x000000000000812c                mbedtls_mpi_read_string
                0x0000000000008338                mbedtls_mpi_div_mpi
                0x0000000000008858                mbedtls_mpi_div_int
                0x00000000000088d0                mbedtls_mpi_mod_mpi
                0x0000000000008984                mbedtls_mpi_mod_int
                0x0000000000008a20                mbedtls_mpi_write_string
                0x0000000000008d58                mbedtls_mpi_montg_init
                0x0000000000008d80                mbedtls_mpi_montmul
                0x0000000000008d8c                mbedtls_mpi_montred
                0x0000000000008d90                mbedtls_mpi_exp_mod
                0x0000000000009428                mbedtls_mpi_gcd
                0x0000000000009600                mbedtls_mpi_fill_random
                0x000000000000990c                mbedtls_mpi_random
                0x00000000000099a0                mbedtls_mpi_inv_mod
                0x0000000000009df8                mbedtls_mpi_is_prime_ext
                0x0000000000009edc                mbedtls_mpi_gen_prime
                0x000000000000a228                mbedtls_mpi_self_test
 .text          0x000000000000a648      0xe70 /home/qc2335/optee/optee_os/out/arm/export-ta_arm64/lib/libmbedtls.a(bignum_core.o)
                0x000000000000a648                mbedtls_mpi_core_clz
                0x000000000000a670                mbedtls_mpi_core_bitlen
                0x000000000000a6c4                mbedtls_mpi_core_bigendian_to_host
                0x000000000000a6f8                mbedtls_mpi_core_uint_le_mpi
                0x000000000000a75c                mbedtls_mpi_core_cond_assign
                0x000000000000a780                mbedtls_mpi_core_cond_swap
                0x000000000000a7fc                mbedtls_mpi_core_read_le
                0x000000000000a888                mbedtls_mpi_core_read_be
                0x000000000000a918                mbedtls_mpi_core_write_le
                0x000000000000a9c4                mbedtls_mpi_core_write_be
                0x000000000000aa7c                mbedtls_mpi_core_shift_r
                0x000000000000ab58                mbedtls_mpi_core_add
                0x000000000000ab94                mbedtls_mpi_core_add_if
                0x000000000000ac04                mbedtls_mpi_core_sub
                0x000000000000ac48                mbedtls_mpi_core_mla
                0x000000000000ae14                mbedtls_mpi_core_montmul_init
                0x000000000000ae48                mbedtls_mpi_core_montmul
                0x000000000000af40                mbedtls_mpi_core_get_mont_r2_unsafe
                0x000000000000afa8                mbedtls_mpi_core_fill_random
                0x000000000000b058                mbedtls_mpi_core_random
                0x000000000000b150                mbedtls_mpi_core_exp_mod_working_limbs
                0x000000000000b178                mbedtls_mpi_core_exp_mod
                0x000000000000b3d8                mbedtls_mpi_core_sub_int
                0x000000000000b408                mbedtls_mpi_core_check_zero_ct
                0x000000000000b430                mbedtls_mpi_core_to_mont_rep
                0x000000000000b44c                mbedtls_mpi_core_from_mont_rep
 .text          0x000000000000b4b8      0x774 /home/qc2335/optee/optee_os/out/arm/export-ta_arm64/lib/libmbedtls.a(constant_time.o)
                0x000000000000b4d8                mbedtls_ct_memcmp
                0x000000000000b50c                mbedtls_ct_uint_mask
                0x000000000000b51c                mbedtls_ct_mpi_uint_mask
                0x000000000000b52c                mbedtls_ct_size_bool_eq
                0x000000000000b544                mbedtls_ct_mpi_uint_lt
                0x000000000000b560                mbedtls_ct_uint_if
                0x000000000000b590                mbedtls_ct_mpi_uint_cond_assign
                0x000000000000b5cc                mbedtls_ct_base64_enc_char
                0x000000000000b680                mbedtls_ct_base64_dec_value
                0x000000000000b73c                mbedtls_mpi_safe_cond_assign
                0x000000000000b7f8                mbedtls_mpi_safe_cond_swap
                0x000000000000b8b0                mbedtls_mpi_core_lt_ct
                0x000000000000b930                mbedtls_mpi_lt_mpi_ct
                0x000000000000ba28                mbedtls_ct_rsaes_pkcs1_v15_unpadding
 .text          0x000000000000bc2c      0x21c /home/qc2335/optee/optee_os/out/arm/export-ta_arm64/lib/libmbedtls.a(platform_util.o)
                0x000000000000bc2c                mbedtls_get_unaligned_uint16
                0x000000000000bc80                mbedtls_put_unaligned_uint16
                0x000000000000bc98                mbedtls_get_unaligned_uint32
                0x000000000000bcf4                mbedtls_put_unaligned_uint32
                0x000000000000bd14                mbedtls_get_unaligned_uint64
                0x000000000000bd70                mbedtls_put_unaligned_uint64
                0x000000000000bd90                mbedtls_xor
                0x000000000000be28                mbedtls_platform_zeroize
 .text          0x000000000000be48     0x1288 /home/qc2335/optee/optee_os/out/arm/export-ta_arm64/lib/libutils.a(bget_malloc.o)
                0x000000000000bedc                bget
                0x000000000000c1bc                bgetz
                0x000000000000c244                brel
                0x000000000000c508                bgetr
                0x000000000000c5d8                bpool
                0x000000000000c6a8                bstats
                0x000000000000c7c4                bget_main_test
                0x000000000000ca98                malloc_reset_stats
                0x000000000000cab0                raw_memalign
                0x000000000000cb34                raw_malloc
                0x000000000000cb44                raw_free
                0x000000000000cb54                raw_calloc
                0x000000000000cbc4                raw_realloc
                0x000000000000ccb8                malloc
                0x000000000000ccd4                calloc
                0x000000000000ccf4                realloc
                0x000000000000cd10                memalign
                0x000000000000cd30                aligned_alloc
                0x000000000000cd48                free
                0x000000000000cd5c                free_wipe
                0x000000000000cd70                raw_malloc_get_ctx_size
                0x000000000000cd78                raw_malloc_init_ctx
                0x000000000000cd94                raw_malloc_add_pool
                0x000000000000ce68                raw_malloc_buffer_overlaps_heap
                0x000000000000cee8                raw_malloc_buffer_is_within_alloced
                0x000000000000d038                raw_malloc_get_stats
                0x000000000000d074                malloc_get_stats
                0x000000000000d088                malloc_add_pool
                0x000000000000d0a0                malloc_buffer_is_within_alloced
                0x000000000000d0b8                malloc_buffer_overlaps_heap
 .text          0x000000000000d0d0      0x12c /home/qc2335/optee/optee_os/out/arm/export-ta_arm64/lib/libutils.a(snprintf.o)
                0x000000000000d0d0                snprintf
                0x000000000000d1a4                vsnprintf
 .text          0x000000000000d1fc       0x5c /home/qc2335/optee/optee_os/out/arm/export-ta_arm64/lib/libutils.a(memmove.o)
                0x000000000000d1fc                memmove
 .text          0x000000000000d258       0x1c /home/qc2335/optee/optee_os/out/arm/export-ta_arm64/lib/libutils.a(memset.o)
                0x000000000000d258                memset
 .text          0x000000000000d274       0x24 /home/qc2335/optee/optee_os/out/arm/export-ta_arm64/lib/libutils.a(strcmp.o)
                0x000000000000d274                strcmp
 .text          0x000000000000d298       0x38 /home/qc2335/optee/optee_os/out/arm/export-ta_arm64/lib/libutils.a(strlcpy.o)
                0x000000000000d298                strlcpy
 .text          0x000000000000d2d0      0x198 /home/qc2335/optee/optee_os/out/arm/export-ta_arm64/lib/libutils.a(mempool.o)
                0x000000000000d2d0                mempool_alloc_pool
                0x000000000000d398                mempool_alloc
                0x000000000000d3fc                mempool_calloc
                0x000000000000d44c                mempool_free
 .text          0x000000000000d468       0x70 /home/qc2335/optee/optee_os/out/arm/export-ta_arm64/lib/libutils.a(consttime_memcmp.o)
                0x000000000000d468                consttime_memcmp
 .text          0x000000000000d4d8     0x44dc /home/qc2335/optee/optee_os/out/arm/export-ta_arm64/lib/libutee.a(tee_api_operations.o)
                0x000000000000dc0c                TEE_FreeOperation
                0x000000000000dc4c                TEE_AllocateOperation
                0x000000000000e89c                __GP11_TEE_FreeOperation
                0x000000000000e8c8                TEE_GetOperationInfo
                0x000000000000e91c                TEE_GetOperationInfoMultiple
                0x000000000000eacc                __GP11_TEE_GetOperationInfoMultiple
                0x000000000000eb58                TEE_ResetOperation
                0x000000000000eb94                TEE_SetOperationKey
                0x000000000000ece0                __GP11_TEE_SetOperationKey
                0x000000000000ed1c                TEE_SetOperationKey2
                0x000000000000ed3c                __GP11_TEE_SetOperationKey2
                0x000000000000ed88                TEE_CopyOperation
                0x000000000000eee4                TEE_DigestUpdate
                0x000000000000ef54                __GP11_TEE_DigestUpdate
                0x000000000000ef5c                TEE_DigestDoFinal
                0x000000000000f0c8                __GP11_TEE_DigestDoFinal
                0x000000000000f16c                TEE_DigestExtract
                0x000000000000f310                TEE_CipherInit
                0x000000000000f3f0                __GP11_TEE_CipherInit
                0x000000000000f3f8                TEE_CipherUpdate
                0x000000000000f58c                __GP11_TEE_CipherUpdate
                0x000000000000f630                TEE_CipherDoFinal
                0x000000000000f848                __GP11_TEE_CipherDoFinal
                0x000000000000f8f8                TEE_MACInit
                0x000000000000f99c                __GP11_TEE_MACInit
                0x000000000000f9a4                TEE_MACUpdate
                0x000000000000fa44                __GP11_TEE_MACUpdate
                0x000000000000fa4c                TEE_MACComputeFinal
                0x000000000000fb5c                __GP11_TEE_MACComputeFinal
                0x000000000000fc00                TEE_MACCompareFinal
                0x000000000000fd04                __GP11_TEE_MACCompareFinal
                0x000000000000fd10                TEE_AEInit
                0x000000000000fdd4                __GP11_TEE_AEInit
                0x000000000000fde4                TEE_AEUpdateAAD
                0x000000000000fe80                __GP11_TEE_AEUpdateAAD
                0x000000000000ff14                TEE_AEUpdate
                0x000000000000ffe0                __GP11_TEE_AEUpdate
                0x00000000000100e0                TEE_AEEncryptFinal
                0x00000000000102e0                __GP11_TEE_AEEncryptFinal
                0x00000000000103b8                TEE_AEDecryptFinal
                0x000000000001058c                __GP11_TEE_AEDecryptFinal
                0x0000000000010648                TEE_AsymmetricEncrypt
                0x00000000000107d4                __GP11_TEE_AsymmetricEncrypt
                0x0000000000010948                TEE_AsymmetricDecrypt
                0x0000000000010ad8                __GP11_TEE_AsymmetricDecrypt
                0x0000000000010c50                TEE_AsymmetricSignDigest
                0x0000000000010dbc                __GP11_TEE_AsymmetricSignDigest
                0x0000000000010f28                TEE_AsymmetricVerifyDigest
                0x0000000000011080                __GP11_TEE_AsymmetricVerifyDigest
                0x00000000000111d8                TEE_DeriveKey
                0x0000000000011350                __GP11_TEE_DeriveKey
                0x00000000000114c8                TEE_GenerateRandom
                0x00000000000114e8                __GP11_TEE_GenerateRandom
                0x00000000000114f0                rand
                0x000000000001154c                TEE_IsAlgorithmSupported
 .text          0x00000000000119b4     0x1a44 /home/qc2335/optee/optee_os/out/arm/export-ta_arm64/lib/libutee.a(tee_api_objects.o)
                0x00000000000119b4                __utee_from_attr
                0x0000000000011a04                __utee_from_gp11_attr
                0x0000000000011a54                TEE_GetObjectInfo
                0x0000000000011b10                __GP11_TEE_GetObjectInfo
                0x0000000000011bd8                TEE_GetObjectInfo1
                0x0000000000011c88                __GP11_TEE_GetObjectInfo1
                0x0000000000011d48                TEE_RestrictObjectUsage1
                0x0000000000011d8c                TEE_RestrictObjectUsage
                0x0000000000011e1c                TEE_GetObjectBufferAttribute
                0x0000000000011f20                __GP11_TEE_GetObjectBufferAttribute
                0x0000000000011fbc                TEE_GetObjectValueAttribute
                0x00000000000120f4                TEE_CloseObject
                0x000000000001211c                __GP11_TEE_AllocateTransientObject
                0x00000000000121d0                TEE_AllocateTransientObject
                0x00000000000121ec                TEE_FreeTransientObject
                0x000000000001227c                TEE_ResetTransientObject
                0x000000000001230c                TEE_PopulateTransientObject
                0x000000000001241c                __GP11_TEE_PopulateTransientObject
                0x000000000001252c                TEE_InitRefAttribute
                0x0000000000012578                __GP11_TEE_InitRefAttribute
                0x00000000000125c8                TEE_InitValueAttribute
                0x0000000000012614                __GP11_TEE_InitValueAttribute
                0x0000000000012660                TEE_CopyObjectAttributes1
                0x0000000000012758                TEE_CopyObjectAttributes
                0x00000000000127ec                TEE_GenerateKey
                0x00000000000128c0                __GP11_TEE_GenerateKey
                0x0000000000012994                TEE_OpenPersistentObject
                0x0000000000012a78                __GP11_TEE_OpenPersistentObject
                0x0000000000012a80                TEE_CreatePersistentObject
                0x0000000000012bc4                __GP11_TEE_CreatePersistentObject
                0x0000000000012c40                TEE_CloseAndDeletePersistentObject1
                0x0000000000012c88                TEE_CloseAndDeletePersistentObject
                0x0000000000012cb4                TEE_RenamePersistentObject
                0x0000000000012d10                __GP11_TEE_RenamePersistentObject
                0x0000000000012d18                TEE_AllocatePersistentObjectEnumerator
                0x0000000000012da8                TEE_FreePersistentObjectEnumerator
                0x0000000000012dd0                TEE_ResetPersistentObjectEnumerator
                0x0000000000012df8                TEE_StartPersistentObjectEnumerator
                0x0000000000012e48                TEE_GetNextPersistentObject
                0x0000000000012f64                __GP11_TEE_GetNextPersistentObject
                0x0000000000013090                TEE_ReadObjectData
                0x0000000000013158                __GP11_TEE_ReadObjectData
                0x00000000000131f4                TEE_WriteObjectData
                0x000000000001326c                __GP11_TEE_WriteObjectData
                0x0000000000013274                TEE_TruncateObjectData
                0x00000000000132d0                __GP11_TEE_TruncateObjectData
                0x00000000000132d8                TEE_SeekObjectData
                0x00000000000133f0                __GP11_TEE_SeekObjectData
 .text          0x00000000000133f8        0x0 /home/qc2335/optee/optee_os/out/arm/export-ta_arm64/lib/libutee.a(utee_syscalls_a64.o)
 .text          0x00000000000133f8        0x0 /home/qc2335/optee/optee_os/out/arm/export-ta_arm64/lib/libutee.a(abort.o)
 *(SORT_BY_ALIGNMENT(.stub))
 *(SORT_BY_ALIGNMENT(.glue_7))
 *(SORT_BY_ALIGNMENT(.glue_7t))
 *(SORT_BY_ALIGNMENT(.gnu.linkonce.t.*))
 *(SORT_BY_ALIGNMENT(.vfp11_veneer))
                0x00000000000133f8                __text_end = .

.note.gnu.property
 *(SORT_BY_ALIGNMENT(.note.gnu.property))

.plt            0x00000000000133f8        0x0
 *(SORT_BY_ALIGNMENT(.plt))
 .plt           0x00000000000133f8        0x0 ./my_test_ta.o

.eh_frame_hdr
 *(SORT_BY_ALIGNMENT(.eh_frame_hdr))
 *(SORT_BY_ALIGNMENT(.eh_frame_entry) SORT_BY_ALIGNMENT(.eh_frame_entry.*))

.eh_frame       0x00000000000133f8     0x40e4
 *(SORT_BY_ALIGNMENT(.eh_frame))
 .eh_frame      0x00000000000133f8       0xb8 ./my_test_ta.o
 .eh_frame      0x00000000000134b0       0x58 ./user_ta_header.o
                                         0x68 (size before relaxing)
 .eh_frame      0x0000000000013508       0xb8 /home/qc2335/optee/optee_os/out/arm/export-ta_arm64/lib/libutils.a(trace.o)
                                         0xc8 (size before relaxing)
 .eh_frame      0x00000000000135c0       0x18 /home/qc2335/optee/optee_os/out/arm/export-ta_arm64/lib/libutils.a(stack_check.o)
                                         0x30 (size before relaxing)
 .eh_frame      0x00000000000135d8       0x18 /home/qc2335/optee/optee_os/out/arm/export-ta_arm64/lib/libutils.a(memcpy.o)
                                         0x28 (size before relaxing)
 .eh_frame      0x00000000000135f0       0xf0 /home/qc2335/optee/optee_os/out/arm/export-ta_arm64/lib/libutils.a(snprintk.o)
                                        0x100 (size before relaxing)
 .eh_frame      0x00000000000136e0       0x18 /home/qc2335/optee/optee_os/out/arm/export-ta_arm64/lib/libutils.a(memchr.o)
                                         0x28 (size before relaxing)
 .eh_frame      0x00000000000136f8       0x18 /home/qc2335/optee/optee_os/out/arm/export-ta_arm64/lib/libutils.a(strlen.o)
                                         0x28 (size before relaxing)
 .eh_frame      0x0000000000013710       0xa8 /home/qc2335/optee/optee_os/out/arm/export-ta_arm64/lib/libutee.a(trace_ext.o)
                                         0xc0 (size before relaxing)
 .eh_frame      0x00000000000137b8      0x150 /home/qc2335/optee/optee_os/out/arm/export-ta_arm64/lib/libutee.a(user_ta_entry.o)
                                        0x160 (size before relaxing)
 .eh_frame      0x0000000000013908       0x80 /home/qc2335/optee/optee_os/out/arm/export-ta_arm64/lib/libutee.a(user_ta_entry_compat.o)
                                         0x98 (size before relaxing)
 .eh_frame      0x0000000000013988       0x18 /home/qc2335/optee/optee_os/out/arm/export-ta_arm64/lib/libutee.a(abort.o)
                                         0x30 (size before relaxing)
 .eh_frame      0x00000000000139a0      0x590 /home/qc2335/optee/optee_os/out/arm/export-ta_arm64/lib/libutee.a(tee_api.o)
                                        0x5a8 (size before relaxing)
 .eh_frame      0x0000000000013f30      0x7d0 /home/qc2335/optee/optee_os/out/arm/export-ta_arm64/lib/libutee.a(tee_api_arith_mpi.o)
                                        0x7e0 (size before relaxing)
 .eh_frame      0x0000000000014700      0x178 /home/qc2335/optee/optee_os/out/arm/export-ta_arm64/lib/libutee.a(tee_api_panic.o)
                                        0x188 (size before relaxing)
 .eh_frame      0x0000000000014878      0x310 /home/qc2335/optee/optee_os/out/arm/export-ta_arm64/lib/libutee.a(tee_api_property.o)
                                        0x320 (size before relaxing)
 .eh_frame      0x0000000000014b88       0xa8 /home/qc2335/optee/optee_os/out/arm/export-ta_arm64/lib/libutee.a(tee_system_pta.o)
                                         0xc0 (size before relaxing)
 .eh_frame      0x0000000000014c30       0x90 /home/qc2335/optee/optee_os/out/arm/export-ta_arm64/lib/libutee.a(tcb.o)
                                         0xa0 (size before relaxing)
 .eh_frame      0x0000000000014cc0       0x38 /home/qc2335/optee/optee_os/out/arm/export-ta_arm64/lib/libutee.a(assert.o)
                                         0x50 (size before relaxing)
 .eh_frame      0x0000000000014cf8       0x58 /home/qc2335/optee/optee_os/out/arm/export-ta_arm64/lib/libutee.a(base64.o)
                                         0x70 (size before relaxing)
 .eh_frame      0x0000000000014d50      0x910 /home/qc2335/optee/optee_os/out/arm/export-ta_arm64/lib/libmbedtls.a(bignum.o)
                                        0x920 (size before relaxing)
 .eh_frame      0x0000000000015660      0x3c8 /home/qc2335/optee/optee_os/out/arm/export-ta_arm64/lib/libmbedtls.a(bignum_core.o)
                                        0x3e0 (size before relaxing)
 .eh_frame      0x0000000000015a28      0x218 /home/qc2335/optee/optee_os/out/arm/export-ta_arm64/lib/libmbedtls.a(constant_time.o)
                                        0x228 (size before relaxing)
 .eh_frame      0x0000000000015c40      0x110 /home/qc2335/optee/optee_os/out/arm/export-ta_arm64/lib/libmbedtls.a(platform_util.o)
                                        0x128 (size before relaxing)
 .eh_frame      0x0000000000015d50      0x3f0 /home/qc2335/optee/optee_os/out/arm/export-ta_arm64/lib/libutils.a(bget_malloc.o)
                                        0x400 (size before relaxing)
 .eh_frame      0x0000000000016140       0x58 /home/qc2335/optee/optee_os/out/arm/export-ta_arm64/lib/libutils.a(snprintf.o)
                                         0x68 (size before relaxing)
 .eh_frame      0x0000000000016198       0x18 /home/qc2335/optee/optee_os/out/arm/export-ta_arm64/lib/libutils.a(memmove.o)
                                         0x28 (size before relaxing)
 .eh_frame      0x00000000000161b0       0x18 /home/qc2335/optee/optee_os/out/arm/export-ta_arm64/lib/libutils.a(memset.o)
                                         0x28 (size before relaxing)
 .eh_frame      0x00000000000161c8       0x18 /home/qc2335/optee/optee_os/out/arm/export-ta_arm64/lib/libutils.a(strcmp.o)
                                         0x28 (size before relaxing)
 .eh_frame      0x00000000000161e0       0x18 /home/qc2335/optee/optee_os/out/arm/export-ta_arm64/lib/libutils.a(strlcpy.o)
                                         0x28 (size before relaxing)
 .eh_frame      0x00000000000161f8       0x88 /home/qc2335/optee/optee_os/out/arm/export-ta_arm64/lib/libutils.a(mempool.o)
                                         0xa0 (size before relaxing)
 .eh_frame      0x0000000000016280       0x20 /home/qc2335/optee/optee_os/out/arm/export-ta_arm64/lib/libutils.a(consttime_memcmp.o)
                                         0x30 (size before relaxing)
 .eh_frame      0x00000000000162a0      0xae8 /home/qc2335/optee/optee_os/out/arm/export-ta_arm64/lib/libutee.a(tee_api_operations.o)
                                        0xaf8 (size before relaxing)
 .eh_frame      0x0000000000016d88      0x754 /home/qc2335/optee/optee_os/out/arm/export-ta_arm64/lib/libutee.a(tee_api_objects.o)
                                        0x768 (size before relaxing)
 *(SORT_BY_ALIGNMENT(.eh_frame.*))

.gcc_except_table
 *(SORT_BY_ALIGNMENT(.gcc_except_table) SORT_BY_ALIGNMENT(.gcc_except_table.*))

.rodata         0x00000000000174e0     0x14c3
 *(SORT_BY_ALIGNMENT(.gnu.linkonce.r.*))
 *(SORT_BY_ALIGNMENT(.rodata) SORT_BY_ALIGNMENT(.rodata.*))
 .rodata.user_ta_header.c
                0x00000000000174e0       0x33 ./user_ta_header.o
                0x00000000000174e0                ta_num_props
                0x0000000000017500                __ta_no_share_heap_size
                0x0000000000017508                ta_heap_size
                0x0000000000017510                trace_ext_prefix
 *fill*         0x0000000000017513        0x5 
 .rodata.lib/libutee/tee_api.c
                0x0000000000017518       0x20 /home/qc2335/optee/optee_os/out/arm/export-ta_arm64/lib/libutee.a(tee_api.o)
 .rodata.lib/libutils/ext/snprintk.c
                0x0000000000017538       0xac /home/qc2335/optee/optee_os/out/arm/export-ta_arm64/lib/libutils.a(snprintk.o)
 .rodata.lib/libutee/tee_api_property.c
                0x00000000000175e4       0x20 /home/qc2335/optee/optee_os/out/arm/export-ta_arm64/lib/libutee.a(tee_api_property.o)
 .rodata.lib/libutee/tee_system_pta.c
                0x0000000000017604       0x31 /home/qc2335/optee/optee_os/out/arm/export-ta_arm64/lib/libutee.a(tee_system_pta.o)
 *fill*         0x0000000000017635        0x3 
 .rodata.lib/libutee/base64.c
                0x0000000000017638       0x45 /home/qc2335/optee/optee_os/out/arm/export-ta_arm64/lib/libutee.a(base64.o)
 *fill*         0x000000000001767d        0x3 
 .rodata.lib/libmbedtls/mbedtls/library/bignum.c
                0x0000000000017680      0x2c4 /home/qc2335/optee/optee_os/out/arm/export-ta_arm64/lib/libmbedtls.a(bignum.o)
 .rodata.lib/libutee/tee_api_operations.c
                0x0000000000017944       0x20 /home/qc2335/optee/optee_os/out/arm/export-ta_arm64/lib/libutee.a(tee_api_operations.o)
 .rodata.str1.1.my_test_ta.c
                0x0000000000017964       0x72 ./my_test_ta.o
 .rodata.my_test_ta.c
                0x00000000000179d6       0x77 ./my_test_ta.o
 .rodata.str1.1.user_ta_header.c
                0x0000000000017a4d      0x153 ./user_ta_header.o
 .rodata.str1.1.lib/libutils/ext/trace.c
                0x0000000000017ba0       0x1a /home/qc2335/optee/optee_os/out/arm/export-ta_arm64/lib/libutils.a(trace.o)
                                         0x1b (size before relaxing)
 .rodata.lib/libutils/ext/trace.c
                0x0000000000017bba        0x5 /home/qc2335/optee/optee_os/out/arm/export-ta_arm64/lib/libutils.a(trace.o)
 .rodata.str1.1.lib/libutils/isoc/stack_check.c
                0x0000000000017bbf       0x18 /home/qc2335/optee/optee_os/out/arm/export-ta_arm64/lib/libutils.a(stack_check.o)
 .rodata.str1.1.lib/libutils/ext/snprintk.c
                0x0000000000017bd7       0x38 /home/qc2335/optee/optee_os/out/arm/export-ta_arm64/lib/libutils.a(snprintk.o)
 .rodata.str1.1.lib/libutee/trace_ext.c
                0x0000000000017c0f       0x38 /home/qc2335/optee/optee_os/out/arm/export-ta_arm64/lib/libutee.a(trace_ext.o)
                                          0x2 (size before relaxing)
 .rodata.str1.1.lib/libutee/user_ta_entry.c
                0x0000000000017c0f       0x4f /home/qc2335/optee/optee_os/out/arm/export-ta_arm64/lib/libutee.a(user_ta_entry.o)
 .rodata.lib/libutee/user_ta_entry.c
                0x0000000000017c5e       0x16 /home/qc2335/optee/optee_os/out/arm/export-ta_arm64/lib/libutee.a(user_ta_entry.o)
 .rodata.str1.1.lib/libutee/abort.c
                0x0000000000017c74        0x7 /home/qc2335/optee/optee_os/out/arm/export-ta_arm64/lib/libutee.a(abort.o)
 .rodata.str1.1.lib/libutee/tee_api.c
                0x0000000000017c7b       0x11 /home/qc2335/optee/optee_os/out/arm/export-ta_arm64/lib/libutee.a(tee_api.o)
 .rodata.str1.1.lib/libutee/tee_api_arith_mpi.c
                0x0000000000017c8c       0xc9 /home/qc2335/optee/optee_os/out/arm/export-ta_arm64/lib/libutee.a(tee_api_arith_mpi.o)
 .rodata.lib/libutee/tee_api_arith_mpi.c
                0x0000000000017d55      0x14e /home/qc2335/optee/optee_os/out/arm/export-ta_arm64/lib/libutee.a(tee_api_arith_mpi.o)
 .rodata.str1.1.lib/libutee/tee_api_property.c
                0x0000000000017ea3       0x80 /home/qc2335/optee/optee_os/out/arm/export-ta_arm64/lib/libutee.a(tee_api_property.o)
                                         0x88 (size before relaxing)
 .rodata.str1.1.lib/libutee/tee_system_pta.c
                0x0000000000017f23       0x55 /home/qc2335/optee/optee_os/out/arm/export-ta_arm64/lib/libutee.a(tee_system_pta.o)
 .rodata.str1.1.lib/libutee/tcb.c
                0x0000000000017f78       0x8d /home/qc2335/optee/optee_os/out/arm/export-ta_arm64/lib/libutee.a(tcb.o)
 .rodata.lib/libutee/tcb.c
                0x0000000000018005       0x20 /home/qc2335/optee/optee_os/out/arm/export-ta_arm64/lib/libutee.a(tcb.o)
 .rodata.str1.1.lib/libutee/assert.c
                0x0000000000018025       0x27 /home/qc2335/optee/optee_os/out/arm/export-ta_arm64/lib/libutee.a(assert.o)
 .rodata.str1.1.lib/libmbedtls/mbedtls/library/bignum.c
                0x000000000001804c      0x456 /home/qc2335/optee/optee_os/out/arm/export-ta_arm64/lib/libmbedtls.a(bignum.o)
                                        0x45d (size before relaxing)
 .rodata.str1.1.lib/libutils/isoc/bget_malloc.c
                0x00000000000184a2      0x3a9 /home/qc2335/optee/optee_os/out/arm/export-ta_arm64/lib/libutils.a(bget_malloc.o)
                                        0x3b2 (size before relaxing)
 .rodata.lib/libutils/isoc/bget_malloc.c
                0x000000000001884b       0x6a /home/qc2335/optee/optee_os/out/arm/export-ta_arm64/lib/libutils.a(bget_malloc.o)
 .rodata.str1.1.lib/libutils/ext/mempool.c
                0x00000000000188b5       0x89 /home/qc2335/optee/optee_os/out/arm/export-ta_arm64/lib/libutils.a(mempool.o)
 .rodata.lib/libutils/ext/mempool.c
                0x000000000001893e       0x2c /home/qc2335/optee/optee_os/out/arm/export-ta_arm64/lib/libutils.a(mempool.o)
 .rodata.str1.1.lib/libutee/tee_api_operations.c
                0x000000000001896a       0x39 /home/qc2335/optee/optee_os/out/arm/export-ta_arm64/lib/libutee.a(tee_api_operations.o)

.gnu.version_d  0x00000000000189a8        0x0
 .gnu.version_d
                0x00000000000189a8        0x0 ./my_test_ta.o

.gnu.version    0x00000000000189a4        0x0
 .gnu.version   0x00000000000189a4        0x0 ./my_test_ta.o

.gnu.version_r  0x00000000000189a8        0x0
 .gnu.version_r
                0x00000000000189a8        0x0 ./my_test_ta.o

.gnu.hash       0x00000000000189a8       0x34
 .gnu.hash      0x00000000000189a8       0x34 ./my_test_ta.o

.ta_head        0x00000000000189e0       0x20
 .ta_head       0x00000000000189e0       0x20 ./user_ta_header.o
                0x00000000000189e0                ta_head

.ARM.extab
 *(SORT_BY_ALIGNMENT(.ARM.extab*) SORT_BY_ALIGNMENT(.gnu.linkonce.armextab.*))
                [!provide]                        PROVIDE (__exidx_start = .)

.ARM.exidx
 *(SORT_BY_ALIGNMENT(.ARM.exidx*) SORT_BY_ALIGNMENT(.gnu.linkonce.armexidx.*))
                [!provide]                        PROVIDE (__exidx_end = .)

.ctors
 *(SORT_BY_ALIGNMENT(.ctors))

.dtors
 *(SORT_BY_ALIGNMENT(.dtors))

.dynsym         0x0000000000018a00       0xa8
 *(SORT_BY_ALIGNMENT(.dynsym))
 .dynsym        0x0000000000018a00       0xa8 ./my_test_ta.o

.dynstr         0x0000000000018aa8       0x36
 *(SORT_BY_ALIGNMENT(.dynstr))
 .dynstr        0x0000000000018aa8       0x36 ./my_test_ta.o

.hash           0x0000000000018ae0       0x30
 *(SORT_BY_ALIGNMENT(.hash))
 .hash          0x0000000000018ae0       0x30 ./my_test_ta.o

.rela.dyn       0x0000000000018b10      0x378
 .rela.data.rel.ro
                0x0000000000018b10        0x0 ./my_test_ta.o
 .rela.ifunc    0x0000000000018b10        0x0 ./my_test_ta.o
 .rela.data.rel.ro.local
                0x0000000000018b10      0x2d0 ./my_test_ta.o
 .rela.data.rel.local
                0x0000000000018de0       0x90 ./my_test_ta.o
 .rela.data.rel
                0x0000000000018e70       0x18 ./my_test_ta.o
                0x0000000000019000                . = ALIGN (0x1000)

.dynamic        0x0000000000019000      0x110
 *(SORT_BY_ALIGNMENT(.dynamic))
 .dynamic       0x0000000000019000      0x110 ./my_test_ta.o
                0x0000000000019000                _DYNAMIC

.tdata
 *(SORT_BY_ALIGNMENT(.tdata) SORT_BY_ALIGNMENT(.tdata.*) SORT_BY_ALIGNMENT(.gnu.linkonce.td.*))

.tbss
 *(SORT_BY_ALIGNMENT(.tbss) SORT_BY_ALIGNMENT(.tbss.*) SORT_BY_ALIGNMENT(.gnu.linkonce.tb.*))
 *(SORT_BY_ALIGNMENT(.tcommon))

.got            0x0000000000019110       0xe0
 *(SORT_BY_ALIGNMENT(.got.plt))
 .got.plt       0x0000000000019110       0x18 ./my_test_ta.o
 *(SORT_BY_ALIGNMENT(.got))
 .got           0x0000000000019128       0xc8 ./my_test_ta.o
                0x0000000000019128                _GLOBAL_OFFSET_TABLE_

.rel.text
 *(SORT_BY_ALIGNMENT(.rel.text))
 *(SORT_BY_ALIGNMENT(.rel.gnu.linkonce.t*))

.rela.text
 *(SORT_BY_ALIGNMENT(.rela.text))
 *(SORT_BY_ALIGNMENT(.rela.gnu.linkonce.t*))

.rel.data
 *(SORT_BY_ALIGNMENT(.rel.data))
 *(SORT_BY_ALIGNMENT(.rel.gnu.linkonce.d*))

.rela.data
 *(SORT_BY_ALIGNMENT(.rela.data))
 *(SORT_BY_ALIGNMENT(.rela.gnu.linkonce.d*))

.rel.tdata
 *(SORT_BY_ALIGNMENT(.rel.tdata) SORT_BY_ALIGNMENT(.rel.tdata.*) SORT_BY_ALIGNMENT(.rel.gnu.linkonce.td.*))

.rela.tdata
 *(SORT_BY_ALIGNMENT(.rela.tdata) SORT_BY_ALIGNMENT(.rela.tdata.*) SORT_BY_ALIGNMENT(.rela.gnu.linkonce.td.*))

.rel.tbss
 *(SORT_BY_ALIGNMENT(.rel.tbss) SORT_BY_ALIGNMENT(.rel.tbss.*) SORT_BY_ALIGNMENT(.rel.gnu.linkonce.tb.*))

.rela.tbss
 *(SORT_BY_ALIGNMENT(.rela.tbss) SORT_BY_ALIGNMENT(.rela.tbss.*) SORT_BY_ALIGNMENT(.rela.gnu.linkonce.tb.*))

.rel.rodata
 *(SORT_BY_ALIGNMENT(.rel.rodata))
 *(SORT_BY_ALIGNMENT(.rel.gnu.linkonce.r*))

.rela.rodata
 *(SORT_BY_ALIGNMENT(.rela.rodata))
 *(SORT_BY_ALIGNMENT(.rela.gnu.linkonce.r*))

.rel.dyn
 *(SORT_BY_ALIGNMENT(.rel.dyn))

.rel.got
 *(SORT_BY_ALIGNMENT(.rel.got))

.rela.got       0x00000000000191f0      0x240
 *(SORT_BY_ALIGNMENT(.rela.got))
 .rela.got      0x00000000000191f0      0x240 ./my_test_ta.o

.rel.ctors
 *(SORT_BY_ALIGNMENT(.rel.ctors))

.rela.ctors
 *(SORT_BY_ALIGNMENT(.rela.ctors))

.rel.dtors
 *(SORT_BY_ALIGNMENT(.rel.dtors))

.rela.dtors
 *(SORT_BY_ALIGNMENT(.rela.dtors))

.rel.init
 *(SORT_BY_ALIGNMENT(.rel.init))

.rela.init
 *(SORT_BY_ALIGNMENT(.rela.init))

.rel.fini
 *(SORT_BY_ALIGNMENT(.rel.fini))

.rela.fini
 *(SORT_BY_ALIGNMENT(.rela.fini))

.rel.bss
 *(SORT_BY_ALIGNMENT(.rel.bss))

.rela.bss       0x0000000000019430        0x0
 *(SORT_BY_ALIGNMENT(.rela.bss))
 .rela.bss      0x0000000000019430        0x0 ./my_test_ta.o

.rel.plt
 *(SORT_BY_ALIGNMENT(.rel.plt))

.rela.plt       0x0000000000019430        0x0
 *(SORT_BY_ALIGNMENT(.rela.plt))
 .rela.plt      0x0000000000019430        0x0 ./my_test_ta.o

.data           0x0000000000019430      0x25c
 *(SORT_BY_ALIGNMENT(.data) SORT_BY_ALIGNMENT(.data.*) SORT_BY_ALIGNMENT(.gnu.linkonce.d.*))
 .data.rel.ro.local
                0x0000000000019430      0x108 ./user_ta_header.o
                0x0000000000019430                ta_props
 .data          0x0000000000019538        0x8 /home/qc2335/optee/optee_os/out/arm/export-ta_arm64/lib/libutils.a(stack_check.o)
                0x0000000000019538                __stack_chk_guard
 .data.rel.local
                0x0000000000019540       0x20 /home/qc2335/optee/optee_os/out/arm/export-ta_arm64/lib/libutee.a(user_ta_entry.o)
 .data.rel.ro.local
                0x0000000000019560       0x60 /home/qc2335/optee/optee_os/out/arm/export-ta_arm64/lib/libutee.a(tee_api_property.o)
                0x0000000000019560                tee_props
 .data.rel      0x00000000000195c0        0x8 /home/qc2335/optee/optee_os/out/arm/export-ta_arm64/lib/libmbedtls.a(platform_util.o)
 .data          0x00000000000195c8        0x8 /home/qc2335/optee/optee_os/out/arm/export-ta_arm64/lib/libutils.a(bget_malloc.o)
 .data.rel.local
                0x00000000000195d0       0xb8 /home/qc2335/optee/optee_os/out/arm/export-ta_arm64/lib/libutils.a(bget_malloc.o)
 .data          0x0000000000019688        0x4 ./user_ta_header.o
                0x0000000000019688                trace_level
 .data          0x000000000001968c        0x0 ./my_test_ta.o
 .data.rel.ro   0x000000000001968c        0x0 ./my_test_ta.o
 .data          0x000000000001968c        0x0 /home/qc2335/optee/optee_os/out/arm/export-ta_arm64/lib/libutils.a(trace.o)
 .data          0x000000000001968c        0x0 /home/qc2335/optee/optee_os/out/arm/export-ta_arm64/lib/libutils.a(memcpy.o)
 .data          0x000000000001968c        0x0 /home/qc2335/optee/optee_os/out/arm/export-ta_arm64/lib/libutils.a(snprintk.o)
 .data          0x000000000001968c        0x0 /home/qc2335/optee/optee_os/out/arm/export-ta_arm64/lib/libutils.a(memchr.o)
 .data          0x000000000001968c        0x0 /home/qc2335/optee/optee_os/out/arm/export-ta_arm64/lib/libutils.a(strlen.o)
 .data          0x000000000001968c        0x0 /home/qc2335/optee/optee_os/out/arm/export-ta_arm64/lib/libutee.a(trace_ext.o)
 .data          0x000000000001968c        0x0 /home/qc2335/optee/optee_os/out/arm/export-ta_arm64/lib/libutee.a(user_ta_entry.o)
 .data          0x000000000001968c        0x0 /home/qc2335/optee/optee_os/out/arm/export-ta_arm64/lib/libutee.a(user_ta_entry_compat.o)
 .data          0x000000000001968c        0x0 /home/qc2335/optee/optee_os/out/arm/export-ta_arm64/lib/libutee.a(utee_syscalls_a64.o)
 .data          0x000000000001968c        0x0 /home/qc2335/optee/optee_os/out/arm/export-ta_arm64/lib/libutee.a(abort.o)
 .data          0x000000000001968c        0x0 /home/qc2335/optee/optee_os/out/arm/export-ta_arm64/lib/libutee.a(tee_api.o)
 .data          0x000000000001968c        0x0 /home/qc2335/optee/optee_os/out/arm/export-ta_arm64/lib/libutee.a(tee_api_arith_mpi.o)
 .data          0x000000000001968c        0x0 /home/qc2335/optee/optee_os/out/arm/export-ta_arm64/lib/libutee.a(tee_api_panic.o)
 .data          0x000000000001968c        0x0 /home/qc2335/optee/optee_os/out/arm/export-ta_arm64/lib/libutee.a(tee_api_property.o)
 .data          0x000000000001968c        0x0 /home/qc2335/optee/optee_os/out/arm/export-ta_arm64/lib/libutee.a(tee_system_pta.o)
 .data          0x000000000001968c        0x0 /home/qc2335/optee/optee_os/out/arm/export-ta_arm64/lib/libutee.a(tcb.o)
 .data          0x000000000001968c        0x0 /home/qc2335/optee/optee_os/out/arm/export-ta_arm64/lib/libutee.a(assert.o)
 .data          0x000000000001968c        0x0 /home/qc2335/optee/optee_os/out/arm/export-ta_arm64/lib/libutee.a(base64.o)
 .data          0x000000000001968c        0x0 /home/qc2335/optee/optee_os/out/arm/export-ta_arm64/lib/libmbedtls.a(bignum.o)
 .data          0x000000000001968c        0x0 /home/qc2335/optee/optee_os/out/arm/export-ta_arm64/lib/libmbedtls.a(bignum_core.o)
 .data          0x000000000001968c        0x0 /home/qc2335/optee/optee_os/out/arm/export-ta_arm64/lib/libmbedtls.a(constant_time.o)
 .data          0x000000000001968c        0x0 /home/qc2335/optee/optee_os/out/arm/export-ta_arm64/lib/libmbedtls.a(platform_util.o)
 .data          0x000000000001968c        0x0 /home/qc2335/optee/optee_os/out/arm/export-ta_arm64/lib/libutils.a(snprintf.o)
 .data          0x000000000001968c        0x0 /home/qc2335/optee/optee_os/out/arm/export-ta_arm64/lib/libutils.a(memmove.o)
 .data          0x000000000001968c        0x0 /home/qc2335/optee/optee_os/out/arm/export-ta_arm64/lib/libutils.a(memset.o)
 .data          0x000000000001968c        0x0 /home/qc2335/optee/optee_os/out/arm/export-ta_arm64/lib/libutils.a(strcmp.o)
 .data          0x000000000001968c        0x0 /home/qc2335/optee/optee_os/out/arm/export-ta_arm64/lib/libutils.a(strlcpy.o)
 .data          0x000000000001968c        0x0 /home/qc2335/optee/optee_os/out/arm/export-ta_arm64/lib/libutils.a(mempool.o)
 .data          0x000000000001968c        0x0 /home/qc2335/optee/optee_os/out/arm/export-ta_arm64/lib/libutils.a(consttime_memcmp.o)
 .data          0x000000000001968c        0x0 /home/qc2335/optee/optee_os/out/arm/export-ta_arm64/lib/libutee.a(tee_api_operations.o)
 .data          0x000000000001968c        0x0 /home/qc2335/optee/optee_os/out/arm/export-ta_arm64/lib/libutee.a(tee_api_objects.o)

.bss            0x0000000000019690     0xb8a8
 *(SORT_BY_ALIGNMENT(.bss) SORT_BY_ALIGNMENT(.bss.*) SORT_BY_ALIGNMENT(.gnu.linkonce.b.*) SORT_BY_ALIGNMENT(COMMON))
 .bss           0x0000000000019690       0x6c /home/qc2335/optee/optee_os/out/arm/export-ta_arm64/lib/libutee.a(user_ta_entry.o)
                0x00000000000196a0                __elf_phdr_info
                0x00000000000196b0                __ta_no_share_malloc_ctx
                0x00000000000196b8                ta_params
                0x00000000000196f8                ta_param_types
 *fill*         0x00000000000196fc        0x4 
 .bss           0x0000000000019700       0x10 /home/qc2335/optee/optee_os/out/arm/export-ta_arm64/lib/libutee.a(tee_api.o)
 .bss           0x0000000000019710     0x3800 /home/qc2335/optee/optee_os/out/arm/export-ta_arm64/lib/libutee.a(tee_api_arith_mpi.o)
 .bss           0x000000000001cf10        0x8 /home/qc2335/optee/optee_os/out/arm/export-ta_arm64/lib/libutee.a(tee_system_pta.o)
 .bss           0x000000000001cf18       0x10 /home/qc2335/optee/optee_os/out/arm/export-ta_arm64/lib/libutee.a(tcb.o)
 .bss           0x000000000001cf28        0x8 /home/qc2335/optee/optee_os/out/arm/export-ta_arm64/lib/libmbedtls.a(bignum.o)
                0x000000000001cf28                mbedtls_mpi_mempool
 .bss           0x000000000001cf30        0x8 /home/qc2335/optee/optee_os/out/arm/export-ta_arm64/lib/libutils.a(bget_malloc.o)
 .bss           0x000000000001cf38        0x0 ./my_test_ta.o
 .bss           0x000000000001cf38        0x0 ./user_ta_header.o
 COMMON         0x000000000001cf38     0x8000 ./user_ta_header.o
                0x000000000001cf38                ta_heap
                0x0000000000024f38                __ta_no_share_heap
 .bss           0x0000000000024f38        0x0 /home/qc2335/optee/optee_os/out/arm/export-ta_arm64/lib/libutils.a(trace.o)
 .bss           0x0000000000024f38        0x0 /home/qc2335/optee/optee_os/out/arm/export-ta_arm64/lib/libutils.a(stack_check.o)
 .bss           0x0000000000024f38        0x0 /home/qc2335/optee/optee_os/out/arm/export-ta_arm64/lib/libutils.a(memcpy.o)
 .bss           0x0000000000024f38        0x0 /home/qc2335/optee/optee_os/out/arm/export-ta_arm64/lib/libutils.a(snprintk.o)
 .bss           0x0000000000024f38        0x0 /home/qc2335/optee/optee_os/out/arm/export-ta_arm64/lib/libutils.a(memchr.o)
 .bss           0x0000000000024f38        0x0 /home/qc2335/optee/optee_os/out/arm/export-ta_arm64/lib/libutils.a(strlen.o)
 .bss           0x0000000000024f38        0x0 /home/qc2335/optee/optee_os/out/arm/export-ta_arm64/lib/libutee.a(trace_ext.o)
 .bss           0x0000000000024f38        0x0 /home/qc2335/optee/optee_os/out/arm/export-ta_arm64/lib/libutee.a(user_ta_entry_compat.o)
 .bss           0x0000000000024f38        0x0 /home/qc2335/optee/optee_os/out/arm/export-ta_arm64/lib/libutee.a(utee_syscalls_a64.o)
 .bss           0x0000000000024f38        0x0 /home/qc2335/optee/optee_os/out/arm/export-ta_arm64/lib/libutee.a(abort.o)
 .bss           0x0000000000024f38        0x0 /home/qc2335/optee/optee_os/out/arm/export-ta_arm64/lib/libutee.a(tee_api_panic.o)
 .bss           0x0000000000024f38        0x0 /home/qc2335/optee/optee_os/out/arm/export-ta_arm64/lib/libutee.a(tee_api_property.o)
 .bss           0x0000000000024f38        0x0 /home/qc2335/optee/optee_os/out/arm/export-ta_arm64/lib/libutee.a(assert.o)
 .bss           0x0000000000024f38        0x0 /home/qc2335/optee/optee_os/out/arm/export-ta_arm64/lib/libutee.a(base64.o)
 .bss           0x0000000000024f38        0x0 /home/qc2335/optee/optee_os/out/arm/export-ta_arm64/lib/libmbedtls.a(bignum_core.o)
 .bss           0x0000000000024f38        0x0 /home/qc2335/optee/optee_os/out/arm/export-ta_arm64/lib/libmbedtls.a(constant_time.o)
 .bss           0x0000000000024f38        0x0 /home/qc2335/optee/optee_os/out/arm/export-ta_arm64/lib/libmbedtls.a(platform_util.o)
 .bss           0x0000000000024f38        0x0 /home/qc2335/optee/optee_os/out/arm/export-ta_arm64/lib/libutils.a(snprintf.o)
 .bss           0x0000000000024f38        0x0 /home/qc2335/optee/optee_os/out/arm/export-ta_arm64/lib/libutils.a(memmove.o)
 .bss           0x0000000000024f38        0x0 /home/qc2335/optee/optee_os/out/arm/export-ta_arm64/lib/libutils.a(memset.o)
 .bss           0x0000000000024f38        0x0 /home/qc2335/optee/optee_os/out/arm/export-ta_arm64/lib/libutils.a(strcmp.o)
 .bss           0x0000000000024f38        0x0 /home/qc2335/optee/optee_os/out/arm/export-ta_arm64/lib/libutils.a(strlcpy.o)
 .bss           0x0000000000024f38        0x0 /home/qc2335/optee/optee_os/out/arm/export-ta_arm64/lib/libutils.a(mempool.o)
 .bss           0x0000000000024f38        0x0 /home/qc2335/optee/optee_os/out/arm/export-ta_arm64/lib/libutils.a(consttime_memcmp.o)
 .bss           0x0000000000024f38        0x0 /home/qc2335/optee/optee_os/out/arm/export-ta_arm64/lib/libutee.a(tee_api_operations.o)
 .bss           0x0000000000024f38        0x0 /home/qc2335/optee/optee_os/out/arm/export-ta_arm64/lib/libutee.a(tee_api_objects.o)
                0x0000000000024f38                . = ALIGN (0x8)
                0x0000000000024f38                __ftrace_buf_start = .
                0x0000000000024f38                . = (. + DEFINED (_mcount)?0x800:0x0)
                0x0000000000024f38                __ftrace_buf_end = .

.dynbss         0x0000000000024f38        0x0
 .dynbss        0x0000000000024f38        0x0 ./my_test_ta.o

/DISCARD/
 *(SORT_BY_ALIGNMENT(.interp))
LOAD ./my_test_ta.o
LOAD ./user_ta_header.o
START GROUP
LOAD /home/qc2335/optee/optee_os/out/arm/export-ta_arm64/lib/libutils.a
LOAD /home/qc2335/optee/optee_os/out/arm/export-ta_arm64/lib/libutee.a
LOAD /home/qc2335/optee/optee_os/out/arm/export-ta_arm64/lib/libmbedtls.a
LOAD /home/qc2335/optee/optee_os/out/arm/export-ta_arm64/lib/libdl.a
END GROUP
LOAD /usr/lib/gcc-cross/aarch64-linux-gnu/9/libgcc.a
LOAD /home/qc2335/optee/optee_os/out/arm/export-ta_arm64/lib/libutils.a
OUTPUT(9aaaf200-2450-11e4-abe2-0002a5d5c51b.elf elf64-littleaarch64)
LOAD linker stubs

.debug_info     0x0000000000000000    0x247eb
 .debug_info    0x0000000000000000      0x6e5 ./my_test_ta.o
 .debug_info    0x00000000000006e5      0x793 ./user_ta_header.o
 .debug_info    0x0000000000000e78      0x711 /home/qc2335/optee/optee_os/out/arm/export-ta_arm64/lib/libutils.a(trace.o)
 .debug_info    0x0000000000001589      0x144 /home/qc2335/optee/optee_os/out/arm/export-ta_arm64/lib/libutils.a(stack_check.o)
 .debug_info    0x00000000000016cd      0x130 /home/qc2335/optee/optee_os/out/arm/export-ta_arm64/lib/libutils.a(memcpy.o)
 .debug_info    0x00000000000017fd      0x961 /home/qc2335/optee/optee_os/out/arm/export-ta_arm64/lib/libutils.a(snprintk.o)
 .debug_info    0x000000000000215e       0xff /home/qc2335/optee/optee_os/out/arm/export-ta_arm64/lib/libutils.a(memchr.o)
 .debug_info    0x000000000000225d       0xbf /home/qc2335/optee/optee_os/out/arm/export-ta_arm64/lib/libutils.a(strlen.o)
 .debug_info    0x000000000000231c      0x3d8 /home/qc2335/optee/optee_os/out/arm/export-ta_arm64/lib/libutee.a(trace_ext.o)
 .debug_info    0x00000000000026f4     0x16ba /home/qc2335/optee/optee_os/out/arm/export-ta_arm64/lib/libutee.a(user_ta_entry.o)
 .debug_info    0x0000000000003dae      0x4d2 /home/qc2335/optee/optee_os/out/arm/export-ta_arm64/lib/libutee.a(user_ta_entry_compat.o)
 .debug_info    0x0000000000004280       0x23 /home/qc2335/optee/optee_os/out/arm/export-ta_arm64/lib/libutee.a(utee_syscalls_a64.o)
 .debug_info    0x00000000000042a3       0xf1 /home/qc2335/optee/optee_os/out/arm/export-ta_arm64/lib/libutee.a(abort.o)
 .debug_info    0x0000000000004394     0x2759 /home/qc2335/optee/optee_os/out/arm/export-ta_arm64/lib/libutee.a(tee_api.o)
 .debug_info    0x0000000000006aed     0x520a /home/qc2335/optee/optee_os/out/arm/export-ta_arm64/lib/libutee.a(tee_api_arith_mpi.o)
 .debug_info    0x000000000000bcf7      0xa4c /home/qc2335/optee/optee_os/out/arm/export-ta_arm64/lib/libutee.a(tee_api_panic.o)
 .debug_info    0x000000000000c743     0x1946 /home/qc2335/optee/optee_os/out/arm/export-ta_arm64/lib/libutee.a(tee_api_property.o)
 .debug_info    0x000000000000e089      0x7fa /home/qc2335/optee/optee_os/out/arm/export-ta_arm64/lib/libutee.a(tee_system_pta.o)
 .debug_info    0x000000000000e883      0x8af /home/qc2335/optee/optee_os/out/arm/export-ta_arm64/lib/libutee.a(tcb.o)
 .debug_info    0x000000000000f132      0x1b5 /home/qc2335/optee/optee_os/out/arm/export-ta_arm64/lib/libutee.a(assert.o)
 .debug_info    0x000000000000f2e7      0x339 /home/qc2335/optee/optee_os/out/arm/export-ta_arm64/lib/libutee.a(base64.o)
 .debug_info    0x000000000000f620     0x57b0 /home/qc2335/optee/optee_os/out/arm/export-ta_arm64/lib/libmbedtls.a(bignum.o)
 .debug_info    0x0000000000014dd0     0x20b9 /home/qc2335/optee/optee_os/out/arm/export-ta_arm64/lib/libmbedtls.a(bignum_core.o)
 .debug_info    0x0000000000016e89     0x1084 /home/qc2335/optee/optee_os/out/arm/export-ta_arm64/lib/libmbedtls.a(constant_time.o)
 .debug_info    0x0000000000017f0d      0x4c2 /home/qc2335/optee/optee_os/out/arm/export-ta_arm64/lib/libmbedtls.a(platform_util.o)
 .debug_info    0x00000000000183cf     0x2f9b /home/qc2335/optee/optee_os/out/arm/export-ta_arm64/lib/libutils.a(bget_malloc.o)
 .debug_info    0x000000000001b36a      0x2a0 /home/qc2335/optee/optee_os/out/arm/export-ta_arm64/lib/libutils.a(snprintf.o)
 .debug_info    0x000000000001b60a       0xfb /home/qc2335/optee/optee_os/out/arm/export-ta_arm64/lib/libutils.a(memmove.o)
 .debug_info    0x000000000001b705       0xd3 /home/qc2335/optee/optee_os/out/arm/export-ta_arm64/lib/libutils.a(memset.o)
 .debug_info    0x000000000001b7d8       0xb4 /home/qc2335/optee/optee_os/out/arm/export-ta_arm64/lib/libutils.a(strcmp.o)
 .debug_info    0x000000000001b88c      0x123 /home/qc2335/optee/optee_os/out/arm/export-ta_arm64/lib/libutils.a(strlcpy.o)
 .debug_info    0x000000000001b9af      0x733 /home/qc2335/optee/optee_os/out/arm/export-ta_arm64/lib/libutils.a(mempool.o)
 .debug_info    0x000000000001c0e2      0x132 /home/qc2335/optee/optee_os/out/arm/export-ta_arm64/lib/libutils.a(consttime_memcmp.o)
 .debug_info    0x000000000001c214     0x5705 /home/qc2335/optee/optee_os/out/arm/export-ta_arm64/lib/libutee.a(tee_api_operations.o)
 .debug_info    0x0000000000021919     0x2ed2 /home/qc2335/optee/optee_os/out/arm/export-ta_arm64/lib/libutee.a(tee_api_objects.o)

.debug_abbrev   0x0000000000000000     0x5227
 .debug_abbrev  0x0000000000000000      0x20d ./my_test_ta.o
 .debug_abbrev  0x000000000000020d      0x224 ./user_ta_header.o
 .debug_abbrev  0x0000000000000431      0x2bf /home/qc2335/optee/optee_os/out/arm/export-ta_arm64/lib/libutils.a(trace.o)
 .debug_abbrev  0x00000000000006f0       0xb2 /home/qc2335/optee/optee_os/out/arm/export-ta_arm64/lib/libutils.a(stack_check.o)
 .debug_abbrev  0x00000000000007a2       0xbb /home/qc2335/optee/optee_os/out/arm/export-ta_arm64/lib/libutils.a(memcpy.o)
 .debug_abbrev  0x000000000000085d      0x300 /home/qc2335/optee/optee_os/out/arm/export-ta_arm64/lib/libutils.a(snprintk.o)
 .debug_abbrev  0x0000000000000b5d       0xb4 /home/qc2335/optee/optee_os/out/arm/export-ta_arm64/lib/libutils.a(memchr.o)
 .debug_abbrev  0x0000000000000c11       0x85 /home/qc2335/optee/optee_os/out/arm/export-ta_arm64/lib/libutils.a(strlen.o)
 .debug_abbrev  0x0000000000000c96      0x1c4 /home/qc2335/optee/optee_os/out/arm/export-ta_arm64/lib/libutee.a(trace_ext.o)
 .debug_abbrev  0x0000000000000e5a      0x5aa /home/qc2335/optee/optee_os/out/arm/export-ta_arm64/lib/libutee.a(user_ta_entry.o)
 .debug_abbrev  0x0000000000001404      0x1a4 /home/qc2335/optee/optee_os/out/arm/export-ta_arm64/lib/libutee.a(user_ta_entry_compat.o)
 .debug_abbrev  0x00000000000015a8       0x12 /home/qc2335/optee/optee_os/out/arm/export-ta_arm64/lib/libutee.a(utee_syscalls_a64.o)
 .debug_abbrev  0x00000000000015ba       0x94 /home/qc2335/optee/optee_os/out/arm/export-ta_arm64/lib/libutee.a(abort.o)
 .debug_abbrev  0x000000000000164e      0x558 /home/qc2335/optee/optee_os/out/arm/export-ta_arm64/lib/libutee.a(tee_api.o)
 .debug_abbrev  0x0000000000001ba6      0x541 /home/qc2335/optee/optee_os/out/arm/export-ta_arm64/lib/libutee.a(tee_api_arith_mpi.o)
 .debug_abbrev  0x00000000000020e7      0x21c /home/qc2335/optee/optee_os/out/arm/export-ta_arm64/lib/libutee.a(tee_api_panic.o)
 .debug_abbrev  0x0000000000002303      0x343 /home/qc2335/optee/optee_os/out/arm/export-ta_arm64/lib/libutee.a(tee_api_property.o)
 .debug_abbrev  0x0000000000002646      0x29f /home/qc2335/optee/optee_os/out/arm/export-ta_arm64/lib/libutee.a(tee_system_pta.o)
 .debug_abbrev  0x00000000000028e5      0x2cf /home/qc2335/optee/optee_os/out/arm/export-ta_arm64/lib/libutee.a(tcb.o)
 .debug_abbrev  0x0000000000002bb4       0xbd /home/qc2335/optee/optee_os/out/arm/export-ta_arm64/lib/libutee.a(assert.o)
 .debug_abbrev  0x0000000000002c71      0x1a4 /home/qc2335/optee/optee_os/out/arm/export-ta_arm64/lib/libutee.a(base64.o)
 .debug_abbrev  0x0000000000002e15      0x5a3 /home/qc2335/optee/optee_os/out/arm/export-ta_arm64/lib/libmbedtls.a(bignum.o)
 .debug_abbrev  0x00000000000033b8      0x47c /home/qc2335/optee/optee_os/out/arm/export-ta_arm64/lib/libmbedtls.a(bignum_core.o)
 .debug_abbrev  0x0000000000003834      0x398 /home/qc2335/optee/optee_os/out/arm/export-ta_arm64/lib/libmbedtls.a(constant_time.o)
 .debug_abbrev  0x0000000000003bcc      0x18a /home/qc2335/optee/optee_os/out/arm/export-ta_arm64/lib/libmbedtls.a(platform_util.o)
 .debug_abbrev  0x0000000000003d56      0x506 /home/qc2335/optee/optee_os/out/arm/export-ta_arm64/lib/libutils.a(bget_malloc.o)
 .debug_abbrev  0x000000000000425c      0x155 /home/qc2335/optee/optee_os/out/arm/export-ta_arm64/lib/libutils.a(snprintf.o)
 .debug_abbrev  0x00000000000043b1       0xa6 /home/qc2335/optee/optee_os/out/arm/export-ta_arm64/lib/libutils.a(memmove.o)
 .debug_abbrev  0x0000000000004457       0xa3 /home/qc2335/optee/optee_os/out/arm/export-ta_arm64/lib/libutils.a(memset.o)
 .debug_abbrev  0x00000000000044fa       0x6f /home/qc2335/optee/optee_os/out/arm/export-ta_arm64/lib/libutils.a(strcmp.o)
 .debug_abbrev  0x0000000000004569       0xa5 /home/qc2335/optee/optee_os/out/arm/export-ta_arm64/lib/libutils.a(strlcpy.o)
 .debug_abbrev  0x000000000000460e      0x2a9 /home/qc2335/optee/optee_os/out/arm/export-ta_arm64/lib/libutils.a(mempool.o)
 .debug_abbrev  0x00000000000048b7       0xc2 /home/qc2335/optee/optee_os/out/arm/export-ta_arm64/lib/libutils.a(consttime_memcmp.o)
 .debug_abbrev  0x0000000000004979      0x515 /home/qc2335/optee/optee_os/out/arm/export-ta_arm64/lib/libutee.a(tee_api_operations.o)
 .debug_abbrev  0x0000000000004e8e      0x399 /home/qc2335/optee/optee_os/out/arm/export-ta_arm64/lib/libutee.a(tee_api_objects.o)

.debug_loc      0x0000000000000000      0x7c2
 .debug_loc     0x0000000000000000      0x4e5 ./my_test_ta.o
 .debug_loc     0x00000000000004e5      0x2dd ./user_ta_header.o

.debug_aranges  0x0000000000000000      0xa10
 .debug_aranges
                0x0000000000000000       0x30 ./my_test_ta.o
 .debug_aranges
                0x0000000000000030       0x30 ./user_ta_header.o
 .debug_aranges
                0x0000000000000060       0x30 /home/qc2335/optee/optee_os/out/arm/export-ta_arm64/lib/libutils.a(trace.o)
 .debug_aranges
                0x0000000000000090       0x30 /home/qc2335/optee/optee_os/out/arm/export-ta_arm64/lib/libutils.a(stack_check.o)
 .debug_aranges
                0x00000000000000c0       0x30 /home/qc2335/optee/optee_os/out/arm/export-ta_arm64/lib/libutils.a(memcpy.o)
 .debug_aranges
                0x00000000000000f0       0x30 /home/qc2335/optee/optee_os/out/arm/export-ta_arm64/lib/libutils.a(snprintk.o)
 .debug_aranges
                0x0000000000000120       0x30 /home/qc2335/optee/optee_os/out/arm/export-ta_arm64/lib/libutils.a(memchr.o)
 .debug_aranges
                0x0000000000000150       0x30 /home/qc2335/optee/optee_os/out/arm/export-ta_arm64/lib/libutils.a(strlen.o)
 .debug_aranges
                0x0000000000000180       0x30 /home/qc2335/optee/optee_os/out/arm/export-ta_arm64/lib/libutee.a(trace_ext.o)
 .debug_aranges
                0x00000000000001b0       0x30 /home/qc2335/optee/optee_os/out/arm/export-ta_arm64/lib/libutee.a(user_ta_entry.o)
 .debug_aranges
                0x00000000000001e0       0x30 /home/qc2335/optee/optee_os/out/arm/export-ta_arm64/lib/libutee.a(user_ta_entry_compat.o)
 .debug_aranges
                0x0000000000000210      0x3b0 /home/qc2335/optee/optee_os/out/arm/export-ta_arm64/lib/libutee.a(utee_syscalls_a64.o)
 .debug_aranges
                0x00000000000005c0       0x30 /home/qc2335/optee/optee_os/out/arm/export-ta_arm64/lib/libutee.a(abort.o)
 .debug_aranges
                0x00000000000005f0       0x30 /home/qc2335/optee/optee_os/out/arm/export-ta_arm64/lib/libutee.a(tee_api.o)
 .debug_aranges
                0x0000000000000620       0x30 /home/qc2335/optee/optee_os/out/arm/export-ta_arm64/lib/libutee.a(tee_api_arith_mpi.o)
 .debug_aranges
                0x0000000000000650       0x30 /home/qc2335/optee/optee_os/out/arm/export-ta_arm64/lib/libutee.a(tee_api_panic.o)
 .debug_aranges
                0x0000000000000680       0x30 /home/qc2335/optee/optee_os/out/arm/export-ta_arm64/lib/libutee.a(tee_api_property.o)
 .debug_aranges
                0x00000000000006b0       0x30 /home/qc2335/optee/optee_os/out/arm/export-ta_arm64/lib/libutee.a(tee_system_pta.o)
 .debug_aranges
                0x00000000000006e0       0x30 /home/qc2335/optee/optee_os/out/arm/export-ta_arm64/lib/libutee.a(tcb.o)
 .debug_aranges
                0x0000000000000710       0x30 /home/qc2335/optee/optee_os/out/arm/export-ta_arm64/lib/libutee.a(assert.o)
 .debug_aranges
                0x0000000000000740       0x30 /home/qc2335/optee/optee_os/out/arm/export-ta_arm64/lib/libutee.a(base64.o)
 .debug_aranges
                0x0000000000000770       0x30 /home/qc2335/optee/optee_os/out/arm/export-ta_arm64/lib/libmbedtls.a(bignum.o)
 .debug_aranges
                0x00000000000007a0       0x30 /home/qc2335/optee/optee_os/out/arm/export-ta_arm64/lib/libmbedtls.a(bignum_core.o)
 .debug_aranges
                0x00000000000007d0       0x30 /home/qc2335/optee/optee_os/out/arm/export-ta_arm64/lib/libmbedtls.a(constant_time.o)
 .debug_aranges
                0x0000000000000800       0x30 /home/qc2335/optee/optee_os/out/arm/export-ta_arm64/lib/libmbedtls.a(platform_util.o)
 .debug_aranges
                0x0000000000000830       0x30 /home/qc2335/optee/optee_os/out/arm/export-ta_arm64/lib/libutils.a(bget_malloc.o)
 .debug_aranges
                0x0000000000000860       0x30 /home/qc2335/optee/optee_os/out/arm/export-ta_arm64/lib/libutils.a(snprintf.o)
 .debug_aranges
                0x0000000000000890       0x30 /home/qc2335/optee/optee_os/out/arm/export-ta_arm64/lib/libutils.a(memmove.o)
 .debug_aranges
                0x00000000000008c0       0x30 /home/qc2335/optee/optee_os/out/arm/export-ta_arm64/lib/libutils.a(memset.o)
 .debug_aranges
                0x00000000000008f0       0x30 /home/qc2335/optee/optee_os/out/arm/export-ta_arm64/lib/libutils.a(strcmp.o)
 .debug_aranges
                0x0000000000000920       0x30 /home/qc2335/optee/optee_os/out/arm/export-ta_arm64/lib/libutils.a(strlcpy.o)
 .debug_aranges
                0x0000000000000950       0x30 /home/qc2335/optee/optee_os/out/arm/export-ta_arm64/lib/libutils.a(mempool.o)
 .debug_aranges
                0x0000000000000980       0x30 /home/qc2335/optee/optee_os/out/arm/export-ta_arm64/lib/libutils.a(consttime_memcmp.o)
 .debug_aranges
                0x00000000000009b0       0x30 /home/qc2335/optee/optee_os/out/arm/export-ta_arm64/lib/libutee.a(tee_api_operations.o)
 .debug_aranges
                0x00000000000009e0       0x30 /home/qc2335/optee/optee_os/out/arm/export-ta_arm64/lib/libutee.a(tee_api_objects.o)

.debug_ranges   0x0000000000000000       0x50
 .debug_ranges  0x0000000000000000       0x30 ./my_test_ta.o
 .debug_ranges  0x0000000000000030       0x20 ./user_ta_header.o

.debug_macro    0x0000000000000000    0x1c634
 .debug_macro   0x0000000000000000       0xd9 ./my_test_ta.o
 .debug_macro   0x00000000000000d9      0x9b8 ./my_test_ta.o
 .debug_macro   0x0000000000000a91      0x119 ./my_test_ta.o
 .debug_macro   0x0000000000000baa      0x174 ./my_test_ta.o
 .debug_macro   0x0000000000000d1e      0xceb ./my_test_ta.o
 .debug_macro   0x0000000000001a09       0x7c ./my_test_ta.o
 .debug_macro   0x0000000000001a85      0x1a0 ./my_test_ta.o
 .debug_macro   0x0000000000001c25       0xc4 ./my_test_ta.o
 .debug_macro   0x0000000000001ce9       0x22 ./my_test_ta.o
 .debug_macro   0x0000000000001d0b       0x35 ./my_test_ta.o
 .debug_macro   0x0000000000001d40       0x58 ./my_test_ta.o
 .debug_macro   0x0000000000001d98       0x34 ./my_test_ta.o
 .debug_macro   0x0000000000001dcc       0x79 ./my_test_ta.o
 .debug_macro   0x0000000000001e45      0x184 ./my_test_ta.o
 .debug_macro   0x0000000000001fc9       0xf7 ./my_test_ta.o
 .debug_macro   0x00000000000020c0       0x1c ./my_test_ta.o
 .debug_macro   0x00000000000020dc      0x1a7 ./user_ta_header.o
 .debug_macro   0x0000000000002283      0x9b8 ./user_ta_header.o
 .debug_macro   0x0000000000002c3b       0x2e ./user_ta_header.o
 .debug_macro   0x0000000000002c69       0x64 ./user_ta_header.o
 .debug_macro   0x0000000000002ccd       0x2e ./user_ta_header.o
 .debug_macro   0x0000000000002cfb       0x33 ./user_ta_header.o
 .debug_macro   0x0000000000002d2e       0xf0 ./user_ta_header.o
 .debug_macro   0x0000000000002e1e       0x88 ./user_ta_header.o
 .debug_macro   0x0000000000002ea6       0x2e ./user_ta_header.o
 .debug_macro   0x0000000000002ed4       0xd9 /home/qc2335/optee/optee_os/out/arm/export-ta_arm64/lib/libutils.a(trace.o)
 .debug_macro   0x0000000000002fad      0x9b8 /home/qc2335/optee/optee_os/out/arm/export-ta_arm64/lib/libutils.a(trace.o)
 .debug_macro   0x0000000000003965      0x64a /home/qc2335/optee/optee_os/out/arm/export-ta_arm64/lib/libutils.a(trace.o)
 .debug_macro   0x0000000000003faf       0x22 /home/qc2335/optee/optee_os/out/arm/export-ta_arm64/lib/libutils.a(trace.o)
 .debug_macro   0x0000000000003fd1       0x16 /home/qc2335/optee/optee_os/out/arm/export-ta_arm64/lib/libutils.a(trace.o)
 .debug_macro   0x0000000000003fe7      0x119 /home/qc2335/optee/optee_os/out/arm/export-ta_arm64/lib/libutils.a(trace.o)
 .debug_macro   0x0000000000004100       0x79 /home/qc2335/optee/optee_os/out/arm/export-ta_arm64/lib/libutils.a(trace.o)
 .debug_macro   0x0000000000004179       0xb5 /home/qc2335/optee/optee_os/out/arm/export-ta_arm64/lib/libutils.a(stack_check.o)
 .debug_macro   0x000000000000422e      0x9b8 /home/qc2335/optee/optee_os/out/arm/export-ta_arm64/lib/libutils.a(stack_check.o)
 .debug_macro   0x0000000000004be6      0xcf1 /home/qc2335/optee/optee_os/out/arm/export-ta_arm64/lib/libutils.a(stack_check.o)
 .debug_macro   0x00000000000058d7       0x57 /home/qc2335/optee/optee_os/out/arm/export-ta_arm64/lib/libutils.a(memcpy.o)
 .debug_macro   0x000000000000592e      0x9b2 /home/qc2335/optee/optee_os/out/arm/export-ta_arm64/lib/libutils.a(memcpy.o)
 .debug_macro   0x00000000000062e0       0x7c /home/qc2335/optee/optee_os/out/arm/export-ta_arm64/lib/libutils.a(memcpy.o)
 .debug_macro   0x000000000000635c      0x13d /home/qc2335/optee/optee_os/out/arm/export-ta_arm64/lib/libutils.a(snprintk.o)
 .debug_macro   0x0000000000006499      0x9b8 /home/qc2335/optee/optee_os/out/arm/export-ta_arm64/lib/libutils.a(snprintk.o)
 .debug_macro   0x0000000000006e51       0x66 /home/qc2335/optee/optee_os/out/arm/export-ta_arm64/lib/libutils.a(memchr.o)
 .debug_macro   0x0000000000006eb7      0x9b8 /home/qc2335/optee/optee_os/out/arm/export-ta_arm64/lib/libutils.a(memchr.o)
 .debug_macro   0x000000000000786f       0x5a /home/qc2335/optee/optee_os/out/arm/export-ta_arm64/lib/libutils.a(strlen.o)
 .debug_macro   0x00000000000078c9      0x9b8 /home/qc2335/optee/optee_os/out/arm/export-ta_arm64/lib/libutils.a(strlen.o)
 .debug_macro   0x0000000000008281       0xf1 /home/qc2335/optee/optee_os/out/arm/export-ta_arm64/lib/libutee.a(trace_ext.o)
 .debug_macro   0x0000000000008372      0x9b8 /home/qc2335/optee/optee_os/out/arm/export-ta_arm64/lib/libutee.a(trace_ext.o)
 .debug_macro   0x0000000000008d2a       0xea /home/qc2335/optee/optee_os/out/arm/export-ta_arm64/lib/libutee.a(trace_ext.o)
 .debug_macro   0x0000000000008e14      0x21e /home/qc2335/optee/optee_os/out/arm/export-ta_arm64/lib/libutee.a(user_ta_entry.o)
 .debug_macro   0x0000000000009032      0x9b8 /home/qc2335/optee/optee_os/out/arm/export-ta_arm64/lib/libutee.a(user_ta_entry.o)
 .debug_macro   0x00000000000099ea     0x1610 /home/qc2335/optee/optee_os/out/arm/export-ta_arm64/lib/libutee.a(user_ta_entry.o)
 .debug_macro   0x000000000000affa       0x5f /home/qc2335/optee/optee_os/out/arm/export-ta_arm64/lib/libutee.a(user_ta_entry.o)
 .debug_macro   0x000000000000b059       0x1c /home/qc2335/optee/optee_os/out/arm/export-ta_arm64/lib/libutee.a(user_ta_entry.o)
 .debug_macro   0x000000000000b075       0x1c /home/qc2335/optee/optee_os/out/arm/export-ta_arm64/lib/libutee.a(user_ta_entry.o)
 .debug_macro   0x000000000000b091      0x2e9 /home/qc2335/optee/optee_os/out/arm/export-ta_arm64/lib/libutee.a(user_ta_entry.o)
 .debug_macro   0x000000000000b37a       0x28 /home/qc2335/optee/optee_os/out/arm/export-ta_arm64/lib/libutee.a(user_ta_entry.o)
 .debug_macro   0x000000000000b3a2       0x8e /home/qc2335/optee/optee_os/out/arm/export-ta_arm64/lib/libutee.a(user_ta_entry.o)
 .debug_macro   0x000000000000b430       0xb3 /home/qc2335/optee/optee_os/out/arm/export-ta_arm64/lib/libutee.a(user_ta_entry_compat.o)
 .debug_macro   0x000000000000b4e3      0x9b8 /home/qc2335/optee/optee_os/out/arm/export-ta_arm64/lib/libutee.a(user_ta_entry_compat.o)