Archive member included to satisfy reference by file (symbol)

/home/qc2335/optee/optee_os/out/arm/export-ta_arm64/lib/libutils.a(stack_check.o)
                              ./my_test_ta.o (__stack_chk_fail)
/home/qc2335/optee/optee_os/out/arm/export-ta_arm64/lib/libutils.a(trace.o)
                              ./my_test_ta.o (trace_printf)
/home/qc2335/optee/optee_os/out/arm/export-ta_arm64/lib/libutils.a(memcpy.o)
                              /home/qc2335/optee/optee_os/out/arm/export-ta_arm64/lib/libutils.a(trace.o) (memcpy)
/home/qc2335/optee/optee_os/out/arm/export-ta_arm64/lib/libutils.a(snprintk.o)
                              /home/qc2335/optee/optee_os/out/arm/export-ta_arm64/lib/libutils.a(trace.o) (vsnprintk)
/home/qc2335/optee/optee_os/out/arm/export-ta_arm64/lib/libutils.a(memchr.o)
                              /home/qc2335/optee/optee_os/out/arm/export-ta_arm64/lib/libutils.a(snprintk.o) (memchr)
/home/qc2335/optee/optee_os/out/arm/export-ta_arm64/lib/libutils.a(strlen.o)
                              /home/qc2335/optee/optee_os/out/arm/export-ta_arm64/lib/libutils.a(snprintk.o) (strlen)
/home/qc2335/optee/optee_os/out/arm/export-ta_arm64/lib/libutee.a(trace_ext.o)
                              /home/qc2335/optee/optee_os/out/arm/export-ta_arm64/lib/libutils.a(trace.o) (trace_ext_puts)
/home/qc2335/optee/optee_os/out/arm/export-ta_arm64/lib/libutee.a(tee_api_objects.o)
                              ./my_test_ta.o (__GP11_TEE_GetObjectBufferAttribute)
/home/qc2335/optee/optee_os/out/arm/export-ta_arm64/lib/libutee.a(tee_api_panic.o)
                              /home/qc2335/optee/optee_os/out/arm/export-ta_arm64/lib/libutee.a(tee_api_objects.o) (TEE_Panic)
/home/qc2335/optee/optee_os/out/arm/export-ta_arm64/lib/libutee.a(user_ta_entry.o)
                              ./user_ta_header.o (__utee_entry)
/home/qc2335/optee/optee_os/out/arm/export-ta_arm64/lib/libutee.a(user_ta_entry_compat.o)
                              ./user_ta_header.o (__ta_open_sess)
/home/qc2335/optee/optee_os/out/arm/export-ta_arm64/lib/libutee.a(utee_syscalls_a64.o)
                              /home/qc2335/optee/optee_os/out/arm/export-ta_arm64/lib/libutils.a(stack_check.o) (_utee_panic)
/home/qc2335/optee/optee_os/out/arm/export-ta_arm64/lib/libutee.a(abort.o)
                              /home/qc2335/optee/optee_os/out/arm/export-ta_arm64/lib/libutee.a(user_ta_entry.o) (abort)
/home/qc2335/optee/optee_os/out/arm/export-ta_arm64/lib/libutee.a(tee_api.o)
                              /home/qc2335/optee/optee_os/out/arm/export-ta_arm64/lib/libutee.a(tee_api_panic.o) (TEE_CheckMemoryAccessRights)
/home/qc2335/optee/optee_os/out/arm/export-ta_arm64/lib/libutee.a(tee_api_arith_mpi.o)
                              /home/qc2335/optee/optee_os/out/arm/export-ta_arm64/lib/libutee.a(user_ta_entry.o) (_TEE_MathAPI_Init)
/home/qc2335/optee/optee_os/out/arm/export-ta_arm64/lib/libutee.a(tee_api_property.o)
                              /home/qc2335/optee/optee_os/out/arm/export-ta_arm64/lib/libutee.a(user_ta_entry.o) (TEE_GetPropertyAsU32)
/home/qc2335/optee/optee_os/out/arm/export-ta_arm64/lib/libutee.a(tee_system_pta.o)
                              /home/qc2335/optee/optee_os/out/arm/export-ta_arm64/lib/libutee.a(tee_api.o) (tee_map_zi)
/home/qc2335/optee/optee_os/out/arm/export-ta_arm64/lib/libutee.a(tcb.o)
                              /home/qc2335/optee/optee_os/out/arm/export-ta_arm64/lib/libutee.a(user_ta_entry.o) (__utee_tcb_init)
/home/qc2335/optee/optee_os/out/arm/export-ta_arm64/lib/libutee.a(assert.o)
                              /home/qc2335/optee/optee_os/out/arm/export-ta_arm64/lib/libutee.a(tcb.o) (_assert_log)
/home/qc2335/optee/optee_os/out/arm/export-ta_arm64/lib/libutee.a(base64.o)
                              /home/qc2335/optee/optee_os/out/arm/export-ta_arm64/lib/libutee.a(tee_api_property.o) (_base64_enc_len)
/home/qc2335/optee/optee_os/out/arm/export-ta_arm64/lib/libmbedtls.a(bignum.o)
                              /home/qc2335/optee/optee_os/out/arm/export-ta_arm64/lib/libutee.a(tee_api_arith_mpi.o) (mbedtls_mpi_init_mempool)
/home/qc2335/optee/optee_os/out/arm/export-ta_arm64/lib/libmbedtls.a(bignum_core.o)
                              /home/qc2335/optee/optee_os/out/arm/export-ta_arm64/lib/libmbedtls.a(bignum.o) (mbedtls_mpi_core_bitlen)
/home/qc2335/optee/optee_os/out/arm/export-ta_arm64/lib/libmbedtls.a(constant_time.o)
                              /home/qc2335/optee/optee_os/out/arm/export-ta_arm64/lib/libmbedtls.a(bignum_core.o) (mbedtls_ct_mpi_uint_mask)
/home/qc2335/optee/optee_os/out/arm/export-ta_arm64/lib/libmbedtls.a(platform_util.o)
                              /home/qc2335/optee/optee_os/out/arm/export-ta_arm64/lib/libmbedtls.a(bignum.o) (mbedtls_platform_zeroize)
/home/qc2335/optee/optee_os/out/arm/export-ta_arm64/lib/libutils.a(bget_malloc.o)
                              /home/qc2335/optee/optee_os/out/arm/export-ta_arm64/lib/libutee.a(tee_api.o) (raw_malloc)
[...]
Memory Configuration

Name             Origin             Length             Attributes
*default*        0x0000000000000000 0xffffffffffffffff

Linker script and memory map


.text           0x0000000000000000    0x134f0
                0x0000000000000000                __text_start = .
 *(SORT_BY_ALIGNMENT(.text) SORT_BY_ALIGNMENT(.text.*))
 .text          0x0000000000000000       0xec /home/qc2335/optee/optee_os/out/arm/export-ta_arm64/lib/libutils.a(memcpy.o)
                0x0000000000000000                memcpy
 .text          0x00000000000000ec      0x320 ./my_test_ta.o
                0x00000000000000ec                TA_CreateEntryPoint
                0x0000000000000218                TA_DestroyEntryPoint
                0x000000000000023c                __GP11_TA_OpenSessionEntryPoint
                0x00000000000002ac                TA_CloseSessionEntryPoint
                0x00000000000002d0                __GP11_TA_InvokeCommandEntryPoint
 .text          0x000000000000040c       0x34 ./user_ta_header.o
                0x000000000000040c                __ta_entry
                0x0000000000000420                tahead_get_trace_level
                0x0000000000000428                TA_OpenSessionEntryPoint
                0x0000000000000434                TA_InvokeCommandEntryPoint
 .text          0x0000000000000440       0x30 /home/qc2335/optee/optee_os/out/arm/export-ta_arm64/lib/libutils.a(stack_check.o)
                0x0000000000000440                __stack_chk_fail
 .text          0x0000000000000470      0x330 /home/qc2335/optee/optee_os/out/arm/export-ta_arm64/lib/libutils.a(trace.o)
                0x0000000000000470                trace_set_level
                0x000000000000048c                trace_get_level
                0x000000000000049c                trace_vprintf
                0x00000000000006b8                trace_printf
                0x000000000000079c                dhex_dump
 .text          0x00000000000007a0      0xdfc /home/qc2335/optee/optee_os/out/arm/export-ta_arm64/lib/libutils.a(snprintk.o)
                0x00000000000007a0                __vsnprintf
                0x0000000000000864                vsnprintk
                0x00000000000008bc                snprintk
                0x0000000000001550                __vsprintf
 .text          0x000000000000159c       0x2c /home/qc2335/optee/optee_os/out/arm/export-ta_arm64/lib/libutils.a(memchr.o)
                0x000000000000159c                memchr
 .text          0x00000000000015c8       0x1c /home/qc2335/optee/optee_os/out/arm/export-ta_arm64/lib/libutils.a(strlen.o)
                0x00000000000015c8                strlen
 .text          0x00000000000015e4      0x1e0 /home/qc2335/optee/optee_os/out/arm/export-ta_arm64/lib/libutee.a(trace_ext.o)
                0x00000000000015e4                trace_ext_puts
                0x000000000000160c                trace_ext_get_thread_id
                0x0000000000001614                printf
                0x0000000000001714                puts
                0x0000000000001754                putchar
 .text          0x00000000000017c4     0x1a44 /home/qc2335/optee/optee_os/out/arm/export-ta_arm64/lib/libutee.a(tee_api_objects.o)
                0x00000000000017c4                __utee_from_attr
                0x0000000000001814                __utee_from_gp11_attr
                0x0000000000001864                TEE_GetObjectInfo
                0x0000000000001920                __GP11_TEE_GetObjectInfo
                0x00000000000019e8                TEE_GetObjectInfo1
                0x0000000000001a98                __GP11_TEE_GetObjectInfo1
                0x0000000000001b58                TEE_RestrictObjectUsage1
                0x0000000000001b9c                TEE_RestrictObjectUsage
                0x0000000000001c2c                TEE_GetObjectBufferAttribute
                0x0000000000001d30                __GP11_TEE_GetObjectBufferAttribute
                0x0000000000001dcc                TEE_GetObjectValueAttribute
                0x0000000000001f04                TEE_CloseObject
                0x0000000000001f2c                __GP11_TEE_AllocateTransientObject
                0x0000000000001fe0                TEE_AllocateTransientObject
                0x0000000000001ffc                TEE_FreeTransientObject
                0x000000000000208c                TEE_ResetTransientObject
                0x000000000000211c                TEE_PopulateTransientObject
                0x000000000000222c                __GP11_TEE_PopulateTransientObject
                0x000000000000233c                TEE_InitRefAttribute
                0x0000000000002388                __GP11_TEE_InitRefAttribute
                0x00000000000023d8                TEE_InitValueAttribute
                0x0000000000002424                __GP11_TEE_InitValueAttribute
                0x0000000000002470                TEE_CopyObjectAttributes1
                0x0000000000002568                TEE_CopyObjectAttributes
                0x00000000000025fc                TEE_GenerateKey
                0x00000000000026d0                __GP11_TEE_GenerateKey
                0x00000000000027a4                TEE_OpenPersistentObject
                0x0000000000002888                __GP11_TEE_OpenPersistentObject
                0x0000000000002890                TEE_CreatePersistentObject
                0x00000000000029d4                __GP11_TEE_CreatePersistentObject
                0x0000000000002a50                TEE_CloseAndDeletePersistentObject1
                0x0000000000002a98                TEE_CloseAndDeletePersistentObject
                0x0000000000002ac4                TEE_RenamePersistentObject
                0x0000000000002b20                __GP11_TEE_RenamePersistentObject
                0x0000000000002b28                TEE_AllocatePersistentObjectEnumerator
                0x0000000000002bb8                TEE_FreePersistentObjectEnumerator
                0x0000000000002be0                TEE_ResetPersistentObjectEnumerator
                0x0000000000002c08                TEE_StartPersistentObjectEnumerator
                0x0000000000002c58                TEE_GetNextPersistentObject
                0x0000000000002d74                __GP11_TEE_GetNextPersistentObject
                0x0000000000002ea0                TEE_ReadObjectData
                0x0000000000002f68                __GP11_TEE_ReadObjectData
                0x0000000000003004                TEE_WriteObjectData
                0x000000000000307c                __GP11_TEE_WriteObjectData
                0x0000000000003084                TEE_TruncateObjectData
                0x00000000000030e0                __GP11_TEE_TruncateObjectData
                0x00000000000030e8                TEE_SeekObjectData
                0x0000000000003200                __GP11_TEE_SeekObjectData
 .text          0x0000000000003208      0x1fc /home/qc2335/optee/optee_os/out/arm/export-ta_arm64/lib/libutee.a(tee_api_panic.o)
                0x0000000000003224                TEE_Panic
                0x000000000000323c                __utee_check_outbuf_annotation
                0x0000000000003288                __utee_check_gp11_outbuf_annotation
                0x00000000000032d4                __utee_check_instring_annotation
                0x0000000000003304                __utee_check_outstring_annotation
                0x0000000000003350                __utee_check_gp11_outstring_annotation
                0x000000000000339c                __utee_check_out_annotation
                0x00000000000033bc                __utee_check_attr_in_annotation
                0x00000000000033e0                __utee_check_gp11_attr_in_annotation
                0x00000000000033e4                __utee_check_inout_annotation
 .text          0x0000000000003404      0x740 /home/qc2335/optee/optee_os/out/arm/export-ta_arm64/lib/libutee.a(user_ta_entry.o)
                0x00000000000036cc                __utee_call_elf_init_fn
                0x0000000000003818                __utee_call_elf_fini_fn
                0x00000000000038bc                __utee_entry
 .text          0x0000000000003b44      0x214 /home/qc2335/optee/optee_os/out/arm/export-ta_arm64/lib/libutee.a(user_ta_entry_compat.o)
                0x0000000000003c0c                __ta_open_sess
                0x0000000000003ca8                __ta_invoke_cmd
 .text._utee_panic
                0x0000000000003d58        0xc /home/qc2335/optee/optee_os/out/arm/export-ta_arm64/lib/libutee.a(utee_syscalls_a64.o)
                0x0000000000003d58                _utee_panic
 .text._utee_return
                0x0000000000003d64        0xc /home/qc2335/optee/optee_os/out/arm/export-ta_arm64/lib/libutee.a(utee_syscalls_a64.o)
                0x0000000000003d64                _utee_return
 .text._utee_log
                0x0000000000003d70        0xc /home/qc2335/optee/optee_os/out/arm/export-ta_arm64/lib/libutee.a(utee_syscalls_a64.o)
                0x0000000000003d70                _utee_log
 .text.__utee_panic
                0x0000000000003d7c        0xc /home/qc2335/optee/optee_os/out/arm/export-ta_arm64/lib/libutee.a(utee_syscalls_a64.o)
                0x0000000000003d7c                __utee_panic
 .text._utee_get_property
                0x0000000000003d88        0xc /home/qc2335/optee/optee_os/out/arm/export-ta_arm64/lib/libutee.a(utee_syscalls_a64.o)
                0x0000000000003d88                _utee_get_property
 .text._utee_get_property_name_to_index
                0x0000000000003d94        0xc /home/qc2335/optee/optee_os/out/arm/export-ta_arm64/lib/libutee.a(utee_syscalls_a64.o)
                0x0000000000003d94                _utee_get_property_name_to_index
 .text._utee_open_ta_session
                0x0000000000003da0        0xc /home/qc2335/optee/optee_os/out/arm/export-ta_arm64/lib/libutee.a(utee_syscalls_a64.o)
                0x0000000000003da0                _utee_open_ta_session
 .text._utee_close_ta_session
                0x0000000000003dac        0xc /home/qc2335/optee/optee_os/out/arm/export-ta_arm64/lib/libutee.a(utee_syscalls_a64.o)
                0x0000000000003dac                _utee_close_ta_session
 .text._utee_invoke_ta_command
                0x0000000000003db8        0xc /home/qc2335/optee/optee_os/out/arm/export-ta_arm64/lib/libutee.a(utee_syscalls_a64.o)
                0x0000000000003db8                _utee_invoke_ta_command
 .text._utee_get_cancellation_flag
                0x0000000000003dc4        0xc /home/qc2335/optee/optee_os/out/arm/export-ta_arm64/lib/libutee.a(utee_syscalls_a64.o)
                0x0000000000003dc4                _utee_get_cancellation_flag
 .text._utee_check_access_rights
                0x0000000000003dd0        0xc /home/qc2335/optee/optee_os/out/arm/export-ta_arm64/lib/libutee.a(utee_syscalls_a64.o)
                0x0000000000003dd0                _utee_check_access_rights
 .text._utee_unmask_cancellation
                0x0000000000003ddc        0xc /home/qc2335/optee/optee_os/out/arm/export-ta_arm64/lib/libutee.a(utee_syscalls_a64.o)
                0x0000000000003ddc                _utee_unmask_cancellation
 .text._utee_mask_cancellation
                0x0000000000003de8        0xc /home/qc2335/optee/optee_os/out/arm/export-ta_arm64/lib/libutee.a(utee_syscalls_a64.o)
                0x0000000000003de8                _utee_mask_cancellation
 .text._utee_wait
                0x0000000000003df4        0xc /home/qc2335/optee/optee_os/out/arm/export-ta_arm64/lib/libutee.a(utee_syscalls_a64.o)
                0x0000000000003df4                _utee_wait
 .text._utee_get_time
                0x0000000000003e00        0xc /home/qc2335/optee/optee_os/out/arm/export-ta_arm64/lib/libutee.a(utee_syscalls_a64.o)
                0x0000000000003e00                _utee_get_time
 .text._utee_set_ta_time
                0x0000000000003e0c        0xc /home/qc2335/optee/optee_os/out/arm/export-ta_arm64/lib/libutee.a(utee_syscalls_a64.o)
                0x0000000000003e0c                _utee_set_ta_time
 .text._utee_cryp_state_alloc
                0x0000000000003e18        0xc /home/qc2335/optee/optee_os/out/arm/export-ta_arm64/lib/libutee.a(utee_syscalls_a64.o)
                0x0000000000003e18                _utee_cryp_state_alloc
 .text._utee_cryp_state_copy
                0x0000000000003e24        0xc /home/qc2335/optee/optee_os/out/arm/export-ta_arm64/lib/libutee.a(utee_syscalls_a64.o)
                0x0000000000003e24                _utee_cryp_state_copy
 .text._utee_cryp_state_free
                0x0000000000003e30        0xc /home/qc2335/optee/optee_os/out/arm/export-ta_arm64/lib/libutee.a(utee_syscalls_a64.o)
                0x0000000000003e30                _utee_cryp_state_free
 .text._utee_hash_init
                0x0000000000003e3c        0xc /home/qc2335/optee/optee_os/out/arm/export-ta_arm64/lib/libutee.a(utee_syscalls_a64.o)
                0x0000000000003e3c                _utee_hash_init
 .text._utee_hash_update
                0x0000000000003e48        0xc /home/qc2335/optee/optee_os/out/arm/export-ta_arm64/lib/libutee.a(utee_syscalls_a64.o)
                0x0000000000003e48                _utee_hash_update
 .text._utee_hash_final
                0x0000000000003e54        0xc /home/qc2335/optee/optee_os/out/arm/export-ta_arm64/lib/libutee.a(utee_syscalls_a64.o)
                0x0000000000003e54                _utee_hash_final
 .text._utee_cipher_init
                0x0000000000003e60        0xc /home/qc2335/optee/optee_os/out/arm/export-ta_arm64/lib/libutee.a(utee_syscalls_a64.o)
                0x0000000000003e60                _utee_cipher_init
 .text._utee_cipher_update
                0x0000000000003e6c        0xc /home/qc2335/optee/optee_os/out/arm/export-ta_arm64/lib/libutee.a(utee_syscalls_a64.o)
                0x0000000000003e6c                _utee_cipher_update
 .text._utee_cipher_final
                0x0000000000003e78        0xc /home/qc2335/optee/optee_os/out/arm/export-ta_arm64/lib/libutee.a(utee_syscalls_a64.o)
                0x0000000000003e78                _utee_cipher_final
 .text._utee_cryp_obj_get_info
                0x0000000000003e84        0xc /home/qc2335/optee/optee_os/out/arm/export-ta_arm64/lib/libutee.a(utee_syscalls_a64.o)
                0x0000000000003e84                _utee_cryp_obj_get_info
 .text._utee_cryp_obj_restrict_usage
                0x0000000000003e90        0xc /home/qc2335/optee/optee_os/out/arm/export-ta_arm64/lib/libutee.a(utee_syscalls_a64.o)
                0x0000000000003e90                _utee_cryp_obj_restrict_usage
 .text._utee_cryp_obj_get_attr
                0x0000000000003e9c        0xc /home/qc2335/optee/optee_os/out/arm/export-ta_arm64/lib/libutee.a(utee_syscalls_a64.o)
                0x0000000000003e9c                _utee_cryp_obj_get_attr
 .text._utee_cryp_obj_alloc
                0x0000000000003ea8        0xc /home/qc2335/optee/optee_os/out/arm/export-ta_arm64/lib/libutee.a(utee_syscalls_a64.o)
                0x0000000000003ea8                _utee_cryp_obj_alloc
 .text._utee_cryp_obj_close
                0x0000000000003eb4        0xc /home/qc2335/optee/optee_os/out/arm/export-ta_arm64/lib/libutee.a(utee_syscalls_a64.o)
                0x0000000000003eb4                _utee_cryp_obj_close
 .text._utee_cryp_obj_reset
                0x0000000000003ec0        0xc /home/qc2335/optee/optee_os/out/arm/export-ta_arm64/lib/libutee.a(utee_syscalls_a64.o)
                0x0000000000003ec0                _utee_cryp_obj_reset
 .text._utee_cryp_obj_populate
                0x0000000000003ecc        0xc /home/qc2335/optee/optee_os/out/arm/export-ta_arm64/lib/libutee.a(utee_syscalls_a64.o)
                0x0000000000003ecc                _utee_cryp_obj_populate
 .text._utee_cryp_obj_copy
                0x0000000000003ed8        0xc /home/qc2335/optee/optee_os/out/arm/export-ta_arm64/lib/libutee.a(utee_syscalls_a64.o)
                0x0000000000003ed8                _utee_cryp_obj_copy
 .text._utee_cryp_derive_key
                0x0000000000003ee4        0xc /home/qc2335/optee/optee_os/out/arm/export-ta_arm64/lib/libutee.a(utee_syscalls_a64.o)
                0x0000000000003ee4                _utee_cryp_derive_key
 .text._utee_cryp_random_number_generate
                0x0000000000003ef0        0xc /home/qc2335/optee/optee_os/out/arm/export-ta_arm64/lib/libutee.a(utee_syscalls_a64.o)
                0x0000000000003ef0                _utee_cryp_random_number_generate
 .text._utee_authenc_init
                0x0000000000003efc        0xc /home/qc2335/optee/optee_os/out/arm/export-ta_arm64/lib/libutee.a(utee_syscalls_a64.o)
                0x0000000000003efc                _utee_authenc_init
 .text._utee_authenc_update_aad
                0x0000000000003f08        0xc /home/qc2335/optee/optee_os/out/arm/export-ta_arm64/lib/libutee.a(utee_syscalls_a64.o)
                0x0000000000003f08                _utee_authenc_update_aad
 .text._utee_authenc_update_payload
                0x0000000000003f14        0xc /home/qc2335/optee/optee_os/out/arm/export-ta_arm64/lib/libutee.a(utee_syscalls_a64.o)
                0x0000000000003f14                _utee_authenc_update_payload
 .text._utee_authenc_enc_final
                0x0000000000003f20        0xc /home/qc2335/optee/optee_os/out/arm/export-ta_arm64/lib/libutee.a(utee_syscalls_a64.o)
                0x0000000000003f20                _utee_authenc_enc_final
 .text._utee_authenc_dec_final
                0x0000000000003f2c        0xc /home/qc2335/optee/optee_os/out/arm/export-ta_arm64/lib/libutee.a(utee_syscalls_a64.o)
                0x0000000000003f2c                _utee_authenc_dec_final
 .text._utee_asymm_operate
                0x0000000000003f38        0xc /home/qc2335/optee/optee_os/out/arm/export-ta_arm64/lib/libutee.a(utee_syscalls_a64.o)
                0x0000000000003f38                _utee_asymm_operate
 .text._utee_asymm_verify
                0x0000000000003f44        0xc /home/qc2335/optee/optee_os/out/arm/export-ta_arm64/lib/libutee.a(utee_syscalls_a64.o)
                0x0000000000003f44                _utee_asymm_verify
 .text._utee_storage_obj_open
                0x0000000000003f50        0xc /home/qc2335/optee/optee_os/out/arm/export-ta_arm64/lib/libutee.a(utee_syscalls_a64.o)
                0x0000000000003f50                _utee_storage_obj_open
 .text._utee_storage_obj_create
                0x0000000000003f5c        0xc /home/qc2335/optee/optee_os/out/arm/export-ta_arm64/lib/libutee.a(utee_syscalls_a64.o)
                0x0000000000003f5c                _utee_storage_obj_create
 .text._utee_storage_obj_del
                0x0000000000003f68        0xc /home/qc2335/optee/optee_os/out/arm/export-ta_arm64/lib/libutee.a(utee_syscalls_a64.o)
                0x0000000000003f68                _utee_storage_obj_del
 .text._utee_storage_obj_rename
                0x0000000000003f74        0xc /home/qc2335/optee/optee_os/out/arm/export-ta_arm64/lib/libutee.a(utee_syscalls_a64.o)
                0x0000000000003f74                _utee_storage_obj_rename
 .text._utee_storage_alloc_enum
                0x0000000000003f80        0xc /home/qc2335/optee/optee_os/out/arm/export-ta_arm64/lib/libutee.a(utee_syscalls_a64.o)
                0x0000000000003f80                _utee_storage_alloc_enum
 .text._utee_storage_free_enum
                0x0000000000003f8c        0xc /home/qc2335/optee/optee_os/out/arm/export-ta_arm64/lib/libutee.a(utee_syscalls_a64.o)
                0x0000000000003f8c                _utee_storage_free_enum
 .text._utee_storage_reset_enum
                0x0000000000003f98        0xc /home/qc2335/optee/optee_os/out/arm/export-ta_arm64/lib/libutee.a(utee_syscalls_a64.o)
                0x0000000000003f98                _utee_storage_reset_enum
 .text._utee_storage_start_enum
                0x0000000000003fa4        0xc /home/qc2335/optee/optee_os/out/arm/export-ta_arm64/lib/libutee.a(utee_syscalls_a64.o)
                0x0000000000003fa4                _utee_storage_start_enum
 .text._utee_storage_next_enum
                0x0000000000003fb0        0xc /home/qc2335/optee/optee_os/out/arm/export-ta_arm64/lib/libutee.a(utee_syscalls_a64.o)
                0x0000000000003fb0                _utee_storage_next_enum
 .text._utee_storage_obj_read
                0x0000000000003fbc        0xc /home/qc2335/optee/optee_os/out/arm/export-ta_arm64/lib/libutee.a(utee_syscalls_a64.o)
                0x0000000000003fbc                _utee_storage_obj_read
 .text._utee_storage_obj_write
                0x0000000000003fc8        0xc /home/qc2335/optee/optee_os/out/arm/export-ta_arm64/lib/libutee.a(utee_syscalls_a64.o)
                0x0000000000003fc8                _utee_storage_obj_write
 .text._utee_storage_obj_trunc
                0x0000000000003fd4        0xc /home/qc2335/optee/optee_os/out/arm/export-ta_arm64/lib/libutee.a(utee_syscalls_a64.o)
                0x0000000000003fd4                _utee_storage_obj_trunc
 .text._utee_storage_obj_seek
                0x0000000000003fe0        0xc /home/qc2335/optee/optee_os/out/arm/export-ta_arm64/lib/libutee.a(utee_syscalls_a64.o)
                0x0000000000003fe0                _utee_storage_obj_seek
 .text._utee_cryp_obj_generate_key
                0x0000000000003fec        0xc /home/qc2335/optee/optee_os/out/arm/export-ta_arm64/lib/libutee.a(utee_syscalls_a64.o)
                0x0000000000003fec                _utee_cryp_obj_generate_key
 .text._utee_cache_operation
                0x0000000000003ff8        0xc /home/qc2335/optee/optee_os/out/arm/export-ta_arm64/lib/libutee.a(utee_syscalls_a64.o)
                0x0000000000003ff8                _utee_cache_operation
 .text.unlikely
                0x0000000000004004       0x20 /home/qc2335/optee/optee_os/out/arm/export-ta_arm64/lib/libutee.a(abort.o)
                0x0000000000004004                abort
 .text          0x0000000000004024     0x10dc /home/qc2335/optee/optee_os/out/arm/export-ta_arm64/lib/libutee.a(tee_api.o)
                0x00000000000043d0                TEE_CloseTASession
                0x00000000000043f8                TEE_GetCancellationFlag
                0x0000000000004458                TEE_UnmaskCancellation
                0x00000000000044b8                TEE_MaskCancellation
                0x0000000000004518                TEE_CheckMemoryAccessRights
                0x000000000000473c                TEE_OpenTASession
                0x0000000000004890                __GP11_TEE_OpenTASession
                0x00000000000049d8                TEE_InvokeTACommand
                0x0000000000004b5c                __GP11_TEE_InvokeTACommand
                0x0000000000004cd4                __GP11_TEE_CheckMemoryAccessRights
                0x0000000000004cdc                TEE_SetInstanceData
                0x0000000000004ce8                TEE_GetInstanceData
                0x0000000000004cf4                TEE_MemMove
                0x0000000000004cf8                __GP11_TEE_MemMove
                0x0000000000004d00                TEE_MemCompare
                0x0000000000004d04                __GP11_TEE_MemCompare
                0x0000000000004d0c                TEE_MemFill
                0x0000000000004d10                __GP11_TEE_MemFill
                0x0000000000004d18                TEE_GetSystemTime
                0x0000000000004d40                TEE_Wait
                0x0000000000004d7c                TEE_GetTAPersistentTime
                0x0000000000004df4                TEE_SetTAPersistentTime
                0x0000000000004e38                TEE_GetREETime
                0x0000000000004e60                TEE_Malloc
                0x0000000000004f84                __GP11_TEE_Malloc
                0x0000000000004f8c                TEE_Free
                0x0000000000004fec                TEE_Realloc
                0x00000000000050e0                __GP11_TEE_Realloc
                0x00000000000050e8                TEE_CacheClean
                0x00000000000050f0                TEE_CacheFlush
                0x00000000000050f8                TEE_CacheInvalidate
 .text          0x0000000000005100     0x2168 /home/qc2335/optee/optee_os/out/arm/export-ta_arm64/lib/libutee.a(tee_api_arith_mpi.o)
                0x0000000000005964                _TEE_MathAPI_Init
                0x00000000000059b4                TEE_BigIntInit
                0x0000000000005a14                __GP11_TEE_BigIntInit
                0x0000000000005a1c                TEE_BigIntConvertFromOctetString
                0x0000000000005ae4                __GP11_TEE_BigIntConvertFromOctetString
                0x0000000000005aec                TEE_BigIntConvertToOctetString
                0x0000000000005bb4                __GP11_TEE_BigIntConvertToOctetString
                0x0000000000005c18                TEE_BigIntConvertFromS32
                0x0000000000005ccc                TEE_BigIntConvertToS32
                0x0000000000005d84                TEE_BigIntCmp
                0x0000000000005e1c                TEE_BigIntCmpS32
                0x000000000000606c                TEE_BigIntShiftRight
                0x000000000000620c                __GP11_TEE_BigIntShiftRight
                0x0000000000006214                TEE_BigIntGetBit
                0x0000000000006298                TEE_BigIntGetBitCount
                0x0000000000006310                TEE_BigIntSetBit
                0x00000000000063c0                TEE_BigIntAssign
                0x0000000000006410                TEE_BigIntAbs
                0x000000000000643c                TEE_BigIntAdd
                0x0000000000006448                TEE_BigIntSub
                0x0000000000006454                TEE_BigIntNeg
                0x0000000000006538                TEE_BigIntMul
                0x000000000000664c                TEE_BigIntSquare
                0x0000000000006654                TEE_BigIntDiv
                0x0000000000006808                TEE_BigIntMod
                0x0000000000006874                TEE_BigIntAddMod
                0x0000000000006880                TEE_BigIntSubMod
                0x000000000000688c                TEE_BigIntMulMod
                0x0000000000006898                TEE_BigIntSquareMod
                0x00000000000068a4                TEE_BigIntInvMod
                0x00000000000069f4                TEE_BigIntRelativePrime
                0x0000000000006afc                TEE_BigIntExpMod
                0x0000000000006cd4                TEE_BigIntComputeExtendedGcd
                0x0000000000006f44                TEE_BigIntIsProbablePrime
                0x0000000000006fdc                TEE_BigIntInitFMM
                0x0000000000006fe0                __GP11_TEE_BigIntInitFMM
                0x0000000000006fe8                TEE_BigIntInitFMMContext
                0x0000000000006fec                __GP11_TEE_BigIntInitFMMContext
                0x0000000000006ff4                TEE_BigIntInitFMMContext1
                0x0000000000006ffc                TEE_BigIntFMMSizeInU32
                0x000000000000700c                __GP11_TEE_BigIntFMMSizeInU32
                0x0000000000007024                TEE_BigIntFMMContextSizeInU32
                0x000000000000702c                __GP11_TEE_BigIntFMMContextSizeInU32
                0x0000000000007044                TEE_BigIntConvertToFMM
                0x0000000000007048                TEE_BigIntConvertFromFMM
                0x000000000000711c                TEE_BigIntComputeFMM
 .text          0x0000000000007268      0xfd0 /home/qc2335/optee/optee_os/out/arm/export-ta_arm64/lib/libutee.a(tee_api_property.o)
                0x0000000000007638                TEE_GetPropertyAsString
                0x000000000000789c                __GP11_TEE_GetPropertyAsString
                0x0000000000007938                TEE_GetPropertyAsBool
                0x0000000000007a10                TEE_GetPropertyAsU32
                0x0000000000007af8                TEE_GetPropertyAsU64
                0x0000000000007be0                __GP11_TEE_GetPropertyAsBinaryBlock
                0x0000000000007cc8                TEE_GetPropertyAsBinaryBlock
                0x0000000000007d64                TEE_GetPropertyAsUUID
                0x0000000000007e4c                TEE_GetPropertyAsIdentity
                0x0000000000007f34                TEE_ResetPropertyEnumerator
                0x0000000000007f40                TEE_AllocatePropertyEnumerator
                0x0000000000007f88                TEE_FreePropertyEnumerator
                0x0000000000007f8c                TEE_StartPropertyEnumerator
                0x0000000000007f9c                __GP11_TEE_GetPropertyName
                0x00000000000080cc                TEE_GetPropertyName
                0x0000000000008158                TEE_GetNextProperty
 .text          0x0000000000008238      0x2bc /home/qc2335/optee/optee_os/out/arm/export-ta_arm64/lib/libutee.a(tee_system_pta.o)
                0x00000000000082bc                tee_map_zi
                0x0000000000008350                tee_unmap
                0x000000000000840c                tee_invoke_supp_plugin
 .text          0x00000000000084f4      0x34c /home/qc2335/optee/optee_os/out/arm/export-ta_arm64/lib/libutee.a(tcb.o)
                0x00000000000084f4                __utee_tcb_init
                0x0000000000008734                __tls_get_addr
                0x0000000000008750                dl_iterate_phdr
 .text          0x0000000000008840       0x58 /home/qc2335/optee/optee_os/out/arm/export-ta_arm64/lib/libutee.a(assert.o)
                0x0000000000008840                _assert_log
                0x0000000000008884                _assert_break
 .text          0x0000000000008898      0x250 /home/qc2335/optee/optee_os/out/arm/export-ta_arm64/lib/libutee.a(base64.o)
                0x0000000000008898                _base64_enc_len
                0x00000000000088b0                _base64_enc
                0x00000000000089c4                _base64_dec
 .text          0x0000000000008ae8     0x369c /home/qc2335/optee/optee_os/out/arm/export-ta_arm64/lib/libmbedtls.a(bignum.o)
                0x0000000000008c48                mbedtls_mpi_init
                0x0000000000008c5c                mbedtls_mpi_init_mempool
                0x0000000000008c84                mbedtls_mpi_free
                0x0000000000008cf0                mbedtls_mpi_grow
                0x0000000000008e44                mbedtls_mpi_shrink
                0x0000000000008f5c                mbedtls_mpi_copy
                0x0000000000009028                mbedtls_mpi_swap
                0x00000000000090b4                mbedtls_mpi_lset
                0x000000000000911c                mbedtls_mpi_get_bit
                0x0000000000009148                mbedtls_mpi_set_bit
                0x00000000000091d4                mbedtls_mpi_lsb
                0x0000000000009228                mbedtls_mpi_bitlen
                0x0000000000009230                mbedtls_mpi_size
                0x000000000000924c                mbedtls_mpi_read_binary_le
                0x00000000000092a8                mbedtls_mpi_read_binary
                0x0000000000009304                mbedtls_mpi_write_binary_le
                0x0000000000009314                mbedtls_mpi_write_binary
                0x0000000000009324                mbedtls_mpi_shift_l
                0x0000000000009434                mbedtls_mpi_shift_r
                0x0000000000009464                mbedtls_mpi_cmp_abs
                0x0000000000009500                mbedtls_mpi_cmp_mpi
                0x00000000000095d0                mbedtls_mpi_cmp_int
                0x0000000000009648                mbedtls_mpi_add_abs
                0x0000000000009740                mbedtls_mpi_sub_abs
                0x00000000000098f8                mbedtls_mpi_add_mpi
                0x0000000000009900                mbedtls_mpi_sub_mpi
                0x0000000000009908                mbedtls_mpi_add_int
                0x0000000000009980                mbedtls_mpi_sub_int
                0x00000000000099f8                mbedtls_mpi_mul_mpi
                0x0000000000009bb4                mbedtls_mpi_mul_int
                0x0000000000009c68                mbedtls_mpi_read_string
                0x0000000000009e74                mbedtls_mpi_div_mpi
                0x000000000000a394                mbedtls_mpi_div_int
                0x000000000000a40c                mbedtls_mpi_mod_mpi
                0x000000000000a4c0                mbedtls_mpi_mod_int
                0x000000000000a55c                mbedtls_mpi_write_string
                0x000000000000a894                mbedtls_mpi_montg_init
                0x000000000000a8bc                mbedtls_mpi_montmul
                0x000000000000a8c8                mbedtls_mpi_montred
                0x000000000000a8cc                mbedtls_mpi_exp_mod
                0x000000000000af64                mbedtls_mpi_gcd
                0x000000000000b13c                mbedtls_mpi_fill_random
                0x000000000000b448                mbedtls_mpi_random
                0x000000000000b4dc                mbedtls_mpi_inv_mod
                0x000000000000b934                mbedtls_mpi_is_prime_ext
                0x000000000000ba18                mbedtls_mpi_gen_prime
                0x000000000000bd64                mbedtls_mpi_self_test
 .text          0x000000000000c184      0xe70 /home/qc2335/optee/optee_os/out/arm/export-ta_arm64/lib/libmbedtls.a(bignum_core.o)
                0x000000000000c184                mbedtls_mpi_core_clz
                0x000000000000c1ac                mbedtls_mpi_core_bitlen
                0x000000000000c200                mbedtls_mpi_core_bigendian_to_host
                0x000000000000c234                mbedtls_mpi_core_uint_le_mpi
                0x000000000000c298                mbedtls_mpi_core_cond_assign
                0x000000000000c2bc                mbedtls_mpi_core_cond_swap
                0x000000000000c338                mbedtls_mpi_core_read_le
                0x000000000000c3c4                mbedtls_mpi_core_read_be
                0x000000000000c454                mbedtls_mpi_core_write_le
                0x000000000000c500                mbedtls_mpi_core_write_be
                0x000000000000c5b8                mbedtls_mpi_core_shift_r
                0x000000000000c694                mbedtls_mpi_core_add
                0x000000000000c6d0                mbedtls_mpi_core_add_if
                0x000000000000c740                mbedtls_mpi_core_sub
                0x000000000000c784                mbedtls_mpi_core_mla
                0x000000000000c950                mbedtls_mpi_core_montmul_init
                0x000000000000c984                mbedtls_mpi_core_montmul
                0x000000000000ca7c                mbedtls_mpi_core_get_mont_r2_unsafe
                0x000000000000cae4                mbedtls_mpi_core_fill_random
                0x000000000000cb94                mbedtls_mpi_core_random
                0x000000000000cc8c                mbedtls_mpi_core_exp_mod_working_limbs
                0x000000000000ccb4                mbedtls_mpi_core_exp_mod
                0x000000000000cf14                mbedtls_mpi_core_sub_int
                0x000000000000cf44                mbedtls_mpi_core_check_zero_ct
                0x000000000000cf6c                mbedtls_mpi_core_to_mont_rep
                0x000000000000cf88                mbedtls_mpi_core_from_mont_rep
 .text          0x000000000000cff4      0x774 /home/qc2335/optee/optee_os/out/arm/export-ta_arm64/lib/libmbedtls.a(constant_time.o)
                0x000000000000d014                mbedtls_ct_memcmp
                0x000000000000d048                mbedtls_ct_uint_mask
                0x000000000000d058                mbedtls_ct_mpi_uint_mask
                0x000000000000d068                mbedtls_ct_size_bool_eq
                0x000000000000d080                mbedtls_ct_mpi_uint_lt
                0x000000000000d09c                mbedtls_ct_uint_if
                0x000000000000d0cc                mbedtls_ct_mpi_uint_cond_assign
                0x000000000000d108                mbedtls_ct_base64_enc_char
                0x000000000000d1bc                mbedtls_ct_base64_dec_value
                0x000000000000d278                mbedtls_mpi_safe_cond_assign
                0x000000000000d334                mbedtls_mpi_safe_cond_swap
                0x000000000000d3ec                mbedtls_mpi_core_lt_ct
                0x000000000000d46c                mbedtls_mpi_lt_mpi_ct
                0x000000000000d564                mbedtls_ct_rsaes_pkcs1_v15_unpadding
 .text          0x000000000000d768      0x21c /home/qc2335/optee/optee_os/out/arm/export-ta_arm64/lib/libmbedtls.a(platform_util.o)
                0x000000000000d768                mbedtls_get_unaligned_uint16
                0x000000000000d7bc                mbedtls_put_unaligned_uint16
                0x000000000000d7d4                mbedtls_get_unaligned_uint32
                0x000000000000d830                mbedtls_put_unaligned_uint32
                0x000000000000d850                mbedtls_get_unaligned_uint64
                0x000000000000d8ac                mbedtls_put_unaligned_uint64
                0x000000000000d8cc                mbedtls_xor
                0x000000000000d964                mbedtls_platform_zeroize
 .text          0x000000000000d984     0x1288 /home/qc2335/optee/optee_os/out/arm/export-ta_arm64/lib/libutils.a(bget_malloc.o)
                0x000000000000da18                bget
                0x000000000000dcf8                bgetz
                0x000000000000dd80                brel
                0x000000000000e044                bgetr
                0x000000000000e114                bpool
                0x000000000000e1e4                bstats
                0x000000000000e300                bget_main_test
                0x000000000000e5d4                malloc_reset_stats
                0x000000000000e5ec                raw_memalign
                0x000000000000e670                raw_malloc
                0x000000000000e680                raw_free
                0x000000000000e690                raw_calloc
                0x000000000000e700                raw_realloc
                0x000000000000e7f4                malloc
                0x000000000000e810                calloc
                0x000000000000e830                realloc
                0x000000000000e84c                memalign
                0x000000000000e86c                aligned_alloc
                0x000000000000e884                free
                0x000000000000e898                free_wipe
                0x000000000000e8ac                raw_malloc_get_ctx_size
                0x000000000000e8b4                raw_malloc_init_ctx
                0x000000000000e8d0                raw_malloc_add_pool
                0x000000000000e9a4                raw_malloc_buffer_overlaps_heap
                0x000000000000ea24                raw_malloc_buffer_is_within_alloced
                0x000000000000eb74                raw_malloc_get_stats
                0x000000000000ebb0                malloc_get_stats
                0x000000000000ebc4                malloc_add_pool
                0x000000000000ebdc                malloc_buffer_is_within_alloced
                0x000000000000ebf4                malloc_buffer_overlaps_heap
 .text          0x000000000000ec0c      0x12c /home/qc2335/optee/optee_os/out/arm/export-ta_arm64/lib/libutils.a(snprintf.o)
                0x000000000000ec0c                snprintf
                0x000000000000ece0                vsnprintf
 .text          0x000000000000ed38       0x5c /home/qc2335/optee/optee_os/out/arm/export-ta_arm64/lib/libutils.a(memmove.o)
                0x000000000000ed38                memmove
 .text          0x000000000000ed94       0x1c /home/qc2335/optee/optee_os/out/arm/export-ta_arm64/lib/libutils.a(memset.o)
                0x000000000000ed94                memset
 .text          0x000000000000edb0       0x24 /home/qc2335/optee/optee_os/out/arm/export-ta_arm64/lib/libutils.a(strcmp.o)
                0x000000000000edb0                strcmp
 .text          0x000000000000edd4       0x38 /home/qc2335/optee/optee_os/out/arm/export-ta_arm64/lib/libutils.a(strlcpy.o)
                0x000000000000edd4                strlcpy
 .text          0x000000000000ee0c      0x198 /home/qc2335/optee/optee_os/out/arm/export-ta_arm64/lib/libutils.a(mempool.o)
                0x000000000000ee0c                mempool_alloc_pool
                0x000000000000eed4                mempool_alloc
                0x000000000000ef38                mempool_calloc
                0x000000000000ef88                mempool_free
 .text          0x000000000000efa4       0x70 /home/qc2335/optee/optee_os/out/arm/export-ta_arm64/lib/libutils.a(consttime_memcmp.o)
                0x000000000000efa4                consttime_memcmp
 .text          0x000000000000f014     0x44dc /home/qc2335/optee/optee_os/out/arm/export-ta_arm64/lib/libutee.a(tee_api_operations.o)
                0x000000000000f748                TEE_FreeOperation
                0x000000000000f788                TEE_AllocateOperation
                0x00000000000103d8                __GP11_TEE_FreeOperation
                0x0000000000010404                TEE_GetOperationInfo
                0x0000000000010458                TEE_GetOperationInfoMultiple
                0x0000000000010608                __GP11_TEE_GetOperationInfoMultiple
                0x0000000000010694                TEE_ResetOperation
                0x00000000000106d0                TEE_SetOperationKey
                0x000000000001081c                __GP11_TEE_SetOperationKey
                0x0000000000010858                TEE_SetOperationKey2
                0x0000000000010878                __GP11_TEE_SetOperationKey2
                0x00000000000108c4                TEE_CopyOperation
                0x0000000000010a20                TEE_DigestUpdate
                0x0000000000010a90                __GP11_TEE_DigestUpdate
                0x0000000000010a98                TEE_DigestDoFinal
                0x0000000000010c04                __GP11_TEE_DigestDoFinal
                0x0000000000010ca8                TEE_DigestExtract
                0x0000000000010e4c                TEE_CipherInit
                0x0000000000010f2c                __GP11_TEE_CipherInit
                0x0000000000010f34                TEE_CipherUpdate
                0x00000000000110c8                __GP11_TEE_CipherUpdate
                0x000000000001116c                TEE_CipherDoFinal
                0x0000000000011384                __GP11_TEE_CipherDoFinal
                0x0000000000011434                TEE_MACInit
                0x00000000000114d8                __GP11_TEE_MACInit
                0x00000000000114e0                TEE_MACUpdate
                0x0000000000011580                __GP11_TEE_MACUpdate
                0x0000000000011588                TEE_MACComputeFinal
                0x0000000000011698                __GP11_TEE_MACComputeFinal
                0x000000000001173c                TEE_MACCompareFinal
                0x0000000000011840                __GP11_TEE_MACCompareFinal
                0x000000000001184c                TEE_AEInit
                0x0000000000011910                __GP11_TEE_AEInit
                0x0000000000011920                TEE_AEUpdateAAD
                0x00000000000119bc                __GP11_TEE_AEUpdateAAD
                0x0000000000011a50                TEE_AEUpdate
                0x0000000000011b1c                __GP11_TEE_AEUpdate
                0x0000000000011c1c                TEE_AEEncryptFinal
                0x0000000000011e1c                __GP11_TEE_AEEncryptFinal
                0x0000000000011ef4                TEE_AEDecryptFinal
                0x00000000000120c8                __GP11_TEE_AEDecryptFinal
                0x0000000000012184                TEE_AsymmetricEncrypt
                0x0000000000012310                __GP11_TEE_AsymmetricEncrypt
                0x0000000000012484                TEE_AsymmetricDecrypt
                0x0000000000012614                __GP11_TEE_AsymmetricDecrypt
                0x000000000001278c                TEE_AsymmetricSignDigest
                0x00000000000128f8                __GP11_TEE_AsymmetricSignDigest
                0x0000000000012a64                TEE_AsymmetricVerifyDigest
                0x0000000000012bbc                __GP11_TEE_AsymmetricVerifyDigest
                0x0000000000012d14                TEE_DeriveKey
                0x0000000000012e8c                __GP11_TEE_DeriveKey
                0x0000000000013004                TEE_GenerateRandom
                0x0000000000013024                __GP11_TEE_GenerateRandom
                0x000000000001302c                rand
                0x0000000000013088                TEE_IsAlgorithmSupported
 .text          0x00000000000134f0        0x0 /home/qc2335/optee/optee_os/out/arm/export-ta_arm64/lib/libutee.a(utee_syscalls_a64.o)
 .text          0x00000000000134f0        0x0 /home/qc2335/optee/optee_os/out/arm/export-ta_arm64/lib/libutee.a(abort.o)
 *(SORT_BY_ALIGNMENT(.stub))
 *(SORT_BY_ALIGNMENT(.glue_7))
 *(SORT_BY_ALIGNMENT(.glue_7t))
 *(SORT_BY_ALIGNMENT(.gnu.linkonce.t.*))
 *(SORT_BY_ALIGNMENT(.vfp11_veneer))
                0x00000000000134f0                __text_end = .

.note.gnu.property
 *(SORT_BY_ALIGNMENT(.note.gnu.property))

.plt            0x00000000000134f0        0x0
 *(SORT_BY_ALIGNMENT(.plt))
 .plt           0x00000000000134f0        0x0 ./my_test_ta.o

.eh_frame_hdr
 *(SORT_BY_ALIGNMENT(.eh_frame_hdr))
 *(SORT_BY_ALIGNMENT(.eh_frame_entry) SORT_BY_ALIGNMENT(.eh_frame_entry.*))

.eh_frame       0x00000000000134f0     0x40ec
 *(SORT_BY_ALIGNMENT(.eh_frame))
 .eh_frame      0x00000000000134f0       0xc0 ./my_test_ta.o
 .eh_frame      0x00000000000135b0       0x58 ./user_ta_header.o
                                         0x68 (size before relaxing)
 .eh_frame      0x0000000000013608       0x18 /home/qc2335/optee/optee_os/out/arm/export-ta_arm64/lib/libutils.a(stack_check.o)
                                         0x30 (size before relaxing)
 .eh_frame      0x0000000000013620       0xb8 /home/qc2335/optee/optee_os/out/arm/export-ta_arm64/lib/libutils.a(trace.o)
                                         0xc8 (size before relaxing)
 .eh_frame      0x00000000000136d8       0x18 /home/qc2335/optee/optee_os/out/arm/export-ta_arm64/lib/libutils.a(memcpy.o)
                                         0x28 (size before relaxing)
 .eh_frame      0x00000000000136f0       0xf0 /home/qc2335/optee/optee_os/out/arm/export-ta_arm64/lib/libutils.a(snprintk.o)
                                        0x100 (size before relaxing)
 .eh_frame      0x00000000000137e0       0x18 /home/qc2335/optee/optee_os/out/arm/export-ta_arm64/lib/libutils.a(memchr.o)
                                         0x28 (size before relaxing)
 .eh_frame      0x00000000000137f8       0x18 /home/qc2335/optee/optee_os/out/arm/export-ta_arm64/lib/libutils.a(strlen.o)
                                         0x28 (size before relaxing)
 .eh_frame      0x0000000000013810       0xa8 /home/qc2335/optee/optee_os/out/arm/export-ta_arm64/lib/libutee.a(trace_ext.o)
                                         0xc0 (size before relaxing)
 .eh_frame      0x00000000000138b8      0x758 /home/qc2335/optee/optee_os/out/arm/export-ta_arm64/lib/libutee.a(tee_api_objects.o)
                                        0x768 (size before relaxing)
 .eh_frame      0x0000000000014010      0x178 /home/qc2335/optee/optee_os/out/arm/export-ta_arm64/lib/libutee.a(tee_api_panic.o)
                                        0x188 (size before relaxing)
 .eh_frame      0x0000000000014188      0x150 /home/qc2335/optee/optee_os/out/arm/export-ta_arm64/lib/libutee.a(user_ta_entry.o)
                                        0x160 (size before relaxing)
 .eh_frame      0x00000000000142d8       0x80 /home/qc2335/optee/optee_os/out/arm/export-ta_arm64/lib/libutee.a(user_ta_entry_compat.o)
                                         0x98 (size before relaxing)
 .eh_frame      0x0000000000014358       0x18 /home/qc2335/optee/optee_os/out/arm/export-ta_arm64/lib/libutee.a(abort.o)
                                         0x30 (size before relaxing)
 .eh_frame      0x0000000000014370      0x590 /home/qc2335/optee/optee_os/out/arm/export-ta_arm64/lib/libutee.a(tee_api.o)
                                        0x5a8 (size before relaxing)
 .eh_frame      0x0000000000014900      0x7d0 /home/qc2335/optee/optee_os/out/arm/export-ta_arm64/lib/libutee.a(tee_api_arith_mpi.o)
                                        0x7e0 (size before relaxing)
 .eh_frame      0x00000000000150d0      0x310 /home/qc2335/optee/optee_os/out/arm/export-ta_arm64/lib/libutee.a(tee_api_property.o)
                                        0x320 (size before relaxing)
 .eh_frame      0x00000000000153e0       0xa8 /home/qc2335/optee/optee_os/out/arm/export-ta_arm64/lib/libutee.a(tee_system_pta.o)
                                         0xc0 (size before relaxing)
 .eh_frame      0x0000000000015488       0x90 /home/qc2335/optee/optee_os/out/arm/export-ta_arm64/lib/libutee.a(tcb.o)
                                         0xa0 (size before relaxing)
 .eh_frame      0x0000000000015518       0x38 /home/qc2335/optee/optee_os/out/arm/export-ta_arm64/lib/libutee.a(assert.o)
                                         0x50 (size before relaxing)
 .eh_frame      0x0000000000015550       0x58 /home/qc2335/optee/optee_os/out/arm/export-ta_arm64/lib/libutee.a(base64.o)
                                         0x70 (size before relaxing)
 .eh_frame      0x00000000000155a8      0x910 /home/qc2335/optee/optee_os/out/arm/export-ta_arm64/lib/libmbedtls.a(bignum.o)
                                        0x920 (size before relaxing)
 .eh_frame      0x0000000000015eb8      0x3c8 /home/qc2335/optee/optee_os/out/arm/export-ta_arm64/lib/libmbedtls.a(bignum_core.o)
                                        0x3e0 (size before relaxing)
 .eh_frame      0x0000000000016280      0x218 /home/qc2335/optee/optee_os/out/arm/export-ta_arm64/lib/libmbedtls.a(constant_time.o)
                                        0x228 (size before relaxing)
 .eh_frame      0x0000000000016498      0x110 /home/qc2335/optee/optee_os/out/arm/export-ta_arm64/lib/libmbedtls.a(platform_util.o)
                                        0x128 (size before relaxing)
 .eh_frame      0x00000000000165a8      0x3f0 /home/qc2335/optee/optee_os/out/arm/export-ta_arm64/lib/libutils.a(bget_malloc.o)
                                        0x400 (size before relaxing)
 .eh_frame      0x0000000000016998       0x58 /home/qc2335/optee/optee_os/out/arm/export-ta_arm64/lib/libutils.a(snprintf.o)
                                         0x68 (size before relaxing)
 .eh_frame      0x00000000000169f0       0x18 /home/qc2335/optee/optee_os/out/arm/export-ta_arm64/lib/libutils.a(memmove.o)
                                         0x28 (size before relaxing)
 .eh_frame      0x0000000000016a08       0x18 /home/qc2335/optee/optee_os/out/arm/export-ta_arm64/lib/libutils.a(memset.o)
                                         0x28 (size before relaxing)
 .eh_frame      0x0000000000016a20       0x18 /home/qc2335/optee/optee_os/out/arm/export-ta_arm64/lib/libutils.a(strcmp.o)
                                         0x28 (size before relaxing)
 .eh_frame      0x0000000000016a38       0x18 /home/qc2335/optee/optee_os/out/arm/export-ta_arm64/lib/libutils.a(strlcpy.o)
                                         0x28 (size before relaxing)
 .eh_frame      0x0000000000016a50       0x88 /home/qc2335/optee/optee_os/out/arm/export-ta_arm64/lib/libutils.a(mempool.o)
                                         0xa0 (size before relaxing)
 .eh_frame      0x0000000000016ad8       0x20 /home/qc2335/optee/optee_os/out/arm/export-ta_arm64/lib/libutils.a(consttime_memcmp.o)
                                         0x30 (size before relaxing)
 .eh_frame      0x0000000000016af8      0xae4 /home/qc2335/optee/optee_os/out/arm/export-ta_arm64/lib/libutee.a(tee_api_operations.o)
                                        0xaf8 (size before relaxing)
 *(SORT_BY_ALIGNMENT(.eh_frame.*))

.gcc_except_table
 *(SORT_BY_ALIGNMENT(.gcc_except_table) SORT_BY_ALIGNMENT(.gcc_except_table.*))

.rodata         0x00000000000175e0     0x1546
 *(SORT_BY_ALIGNMENT(.gnu.linkonce.r.*))
 *(SORT_BY_ALIGNMENT(.rodata) SORT_BY_ALIGNMENT(.rodata.*))
 .rodata.user_ta_header.c
                0x00000000000175e0       0x33 ./user_ta_header.o
                0x00000000000175e0                ta_num_props
                0x0000000000017600                __ta_no_share_heap_size
                0x0000000000017608                ta_heap_size
                0x0000000000017610                trace_ext_prefix
 *fill*         0x0000000000017613        0x5 
 .rodata.lib/libutee/tee_api.c
                0x0000000000017618       0x20 /home/qc2335/optee/optee_os/out/arm/export-ta_arm64/lib/libutee.a(tee_api.o)
 .rodata.lib/libutils/ext/snprintk.c
                0x0000000000017638       0xac /home/qc2335/optee/optee_os/out/arm/export-ta_arm64/lib/libutils.a(snprintk.o)
 .rodata.lib/libutee/tee_api_property.c
                0x00000000000176e4       0x20 /home/qc2335/optee/optee_os/out/arm/export-ta_arm64/lib/libutee.a(tee_api_property.o)
 .rodata.lib/libutee/tee_system_pta.c
                0x0000000000017704       0x31 /home/qc2335/optee/optee_os/out/arm/export-ta_arm64/lib/libutee.a(tee_system_pta.o)
 *fill*         0x0000000000017735        0x3 
 .rodata.lib/libutee/base64.c
                0x0000000000017738       0x45 /home/qc2335/optee/optee_os/out/arm/export-ta_arm64/lib/libutee.a(base64.o)
 *fill*         0x000000000001777d        0x3 
 .rodata.lib/libmbedtls/mbedtls/library/bignum.c
                0x0000000000017780      0x2c4 /home/qc2335/optee/optee_os/out/arm/export-ta_arm64/lib/libmbedtls.a(bignum.o)
 .rodata.lib/libutee/tee_api_operations.c
                0x0000000000017a44       0x20 /home/qc2335/optee/optee_os/out/arm/export-ta_arm64/lib/libutee.a(tee_api_operations.o)
 .rodata.str1.1.my_test_ta.c
                0x0000000000017a64       0xf5 ./my_test_ta.o
 .rodata.my_test_ta.c
                0x0000000000017b59       0x77 ./my_test_ta.o
 .rodata.str1.1.user_ta_header.c
                0x0000000000017bd0      0x153 ./user_ta_header.o
 .rodata.str1.1.lib/libutils/isoc/stack_check.c
                0x0000000000017d23       0x18 /home/qc2335/optee/optee_os/out/arm/export-ta_arm64/lib/libutils.a(stack_check.o)
 .rodata.str1.1.lib/libutils/ext/trace.c
                0x0000000000017d3b       0x1a /home/qc2335/optee/optee_os/out/arm/export-ta_arm64/lib/libutils.a(trace.o)
                                         0x1b (size before relaxing)
 .rodata.lib/libutils/ext/trace.c
                0x0000000000017d55        0x5 /home/qc2335/optee/optee_os/out/arm/export-ta_arm64/lib/libutils.a(trace.o)
 .rodata.str1.1.lib/libutils/ext/snprintk.c
                0x0000000000017d5a       0x38 /home/qc2335/optee/optee_os/out/arm/export-ta_arm64/lib/libutils.a(snprintk.o)
 .rodata.str1.1.lib/libutee/trace_ext.c
                0x0000000000017d92       0x38 /home/qc2335/optee/optee_os/out/arm/export-ta_arm64/lib/libutee.a(trace_ext.o)
                                          0x2 (size before relaxing)
 .rodata.str1.1.lib/libutee/user_ta_entry.c
                0x0000000000017d92       0x4f /home/qc2335/optee/optee_os/out/arm/export-ta_arm64/lib/libutee.a(user_ta_entry.o)
 .rodata.lib/libutee/user_ta_entry.c
                0x0000000000017de1       0x16 /home/qc2335/optee/optee_os/out/arm/export-ta_arm64/lib/libutee.a(user_ta_entry.o)
 .rodata.str1.1.lib/libutee/abort.c
                0x0000000000017df7        0x7 /home/qc2335/optee/optee_os/out/arm/export-ta_arm64/lib/libutee.a(abort.o)
 .rodata.str1.1.lib/libutee/tee_api.c
                0x0000000000017dfe       0x11 /home/qc2335/optee/optee_os/out/arm/export-ta_arm64/lib/libutee.a(tee_api.o)
 .rodata.str1.1.lib/libutee/tee_api_arith_mpi.c
                0x0000000000017e0f       0xc9 /home/qc2335/optee/optee_os/out/arm/export-ta_arm64/lib/libutee.a(tee_api_arith_mpi.o)
 .rodata.lib/libutee/tee_api_arith_mpi.c
                0x0000000000017ed8      0x14e /home/qc2335/optee/optee_os/out/arm/export-ta_arm64/lib/libutee.a(tee_api_arith_mpi.o)
 .rodata.str1.1.lib/libutee/tee_api_property.c
                0x0000000000018026       0x80 /home/qc2335/optee/optee_os/out/arm/export-ta_arm64/lib/libutee.a(tee_api_property.o)
                                         0x88 (size before relaxing)
 .rodata.str1.1.lib/libutee/tee_system_pta.c
                0x00000000000180a6       0x55 /home/qc2335/optee/optee_os/out/arm/export-ta_arm64/lib/libutee.a(tee_system_pta.o)
 .rodata.str1.1.lib/libutee/tcb.c
                0x00000000000180fb       0x8d /home/qc2335/optee/optee_os/out/arm/export-ta_arm64/lib/libutee.a(tcb.o)
 .rodata.lib/libutee/tcb.c
                0x0000000000018188       0x20 /home/qc2335/optee/optee_os/out/arm/export-ta_arm64/lib/libutee.a(tcb.o)
 .rodata.str1.1.lib/libutee/assert.c
                0x00000000000181a8       0x27 /home/qc2335/optee/optee_os/out/arm/export-ta_arm64/lib/libutee.a(assert.o)
 .rodata.str1.1.lib/libmbedtls/mbedtls/library/bignum.c
                0x00000000000181cf      0x456 /home/qc2335/optee/optee_os/out/arm/export-ta_arm64/lib/libmbedtls.a(bignum.o)
                                        0x45d (size before relaxing)
 .rodata.str1.1.lib/libutils/isoc/bget_malloc.c
                0x0000000000018625      0x3a9 /home/qc2335/optee/optee_os/out/arm/export-ta_arm64/lib/libutils.a(bget_malloc.o)
                                        0x3b2 (size before relaxing)
 .rodata.lib/libutils/isoc/bget_malloc.c
                0x00000000000189ce       0x6a /home/qc2335/optee/optee_os/out/arm/export-ta_arm64/lib/libutils.a(bget_malloc.o)
 .rodata.str1.1.lib/libutils/ext/mempool.c
                0x0000000000018a38       0x89 /home/qc2335/optee/optee_os/out/arm/export-ta_arm64/lib/libutils.a(mempool.o)
 .rodata.lib/libutils/ext/mempool.c
                0x0000000000018ac1       0x2c /home/qc2335/optee/optee_os/out/arm/export-ta_arm64/lib/libutils.a(mempool.o)
 .rodata.str1.1.lib/libutee/tee_api_operations.c
                0x0000000000018aed       0x39 /home/qc2335/optee/optee_os/out/arm/export-ta_arm64/lib/libutee.a(tee_api_operations.o)

.gnu.version_d  0x0000000000018b28        0x0
 .gnu.version_d
                0x0000000000018b28        0x0 ./my_test_ta.o

.gnu.version    0x0000000000018b26        0x0
 .gnu.version   0x0000000000018b26        0x0 ./my_test_ta.o

.gnu.version_r  0x0000000000018b28        0x0
 .gnu.version_r
                0x0000000000018b28        0x0 ./my_test_ta.o

.gnu.hash       0x0000000000018b28       0x34
 .gnu.hash      0x0000000000018b28       0x34 ./my_test_ta.o

.ta_head        0x0000000000018b60       0x20
 .ta_head       0x0000000000018b60       0x20 ./user_ta_header.o
                0x0000000000018b60                ta_head

.ARM.extab
 *(SORT_BY_ALIGNMENT(.ARM.extab*) SORT_BY_ALIGNMENT(.gnu.linkonce.armextab.*))
                [!provide]                        PROVIDE (__exidx_start = .)

.ARM.exidx
 *(SORT_BY_ALIGNMENT(.ARM.exidx*) SORT_BY_ALIGNMENT(.gnu.linkonce.armexidx.*))
                [!provide]                        PROVIDE (__exidx_end = .)

.ctors
 *(SORT_BY_ALIGNMENT(.ctors))

.dtors
 *(SORT_BY_ALIGNMENT(.dtors))

.dynsym         0x0000000000018b80       0xa8
 *(SORT_BY_ALIGNMENT(.dynsym))
 .dynsym        0x0000000000018b80       0xa8 ./my_test_ta.o

.dynstr         0x0000000000018c28       0x36
 *(SORT_BY_ALIGNMENT(.dynstr))
 .dynstr        0x0000000000018c28       0x36 ./my_test_ta.o

.hash           0x0000000000018c60       0x30
 *(SORT_BY_ALIGNMENT(.hash))
 .hash          0x0000000000018c60       0x30 ./my_test_ta.o

.rela.dyn       0x0000000000018c90      0x378
 .rela.data.rel.ro
                0x0000000000018c90        0x0 ./my_test_ta.o
 .rela.ifunc    0x0000000000018c90        0x0 ./my_test_ta.o
 .rela.data.rel.ro.local
                0x0000000000018c90      0x2d0 ./my_test_ta.o
 .rela.data.rel.local
                0x0000000000018f60       0x90 ./my_test_ta.o
 .rela.data.rel
                0x0000000000018ff0       0x18 ./my_test_ta.o
                0x000000000001a000                . = ALIGN (0x1000)

.dynamic        0x000000000001a000      0x110
 *(SORT_BY_ALIGNMENT(.dynamic))
 .dynamic       0x000000000001a000      0x110 ./my_test_ta.o
                0x000000000001a000                _DYNAMIC

.tdata
 *(SORT_BY_ALIGNMENT(.tdata) SORT_BY_ALIGNMENT(.tdata.*) SORT_BY_ALIGNMENT(.gnu.linkonce.td.*))

.tbss
 *(SORT_BY_ALIGNMENT(.tbss) SORT_BY_ALIGNMENT(.tbss.*) SORT_BY_ALIGNMENT(.gnu.linkonce.tb.*))
 *(SORT_BY_ALIGNMENT(.tcommon))

.got            0x000000000001a110       0xf0
 *(SORT_BY_ALIGNMENT(.got.plt))
 .got.plt       0x000000000001a110       0x18 ./my_test_ta.o
 *(SORT_BY_ALIGNMENT(.got))
 .got           0x000000000001a128       0xd8 ./my_test_ta.o
                0x000000000001a128                _GLOBAL_OFFSET_TABLE_

.rel.text
 *(SORT_BY_ALIGNMENT(.rel.text))
 *(SORT_BY_ALIGNMENT(.rel.gnu.linkonce.t*))

.rela.text
 *(SORT_BY_ALIGNMENT(.rela.text))
 *(SORT_BY_ALIGNMENT(.rela.gnu.linkonce.t*))

.rel.data
 *(SORT_BY_ALIGNMENT(.rel.data))
 *(SORT_BY_ALIGNMENT(.rel.gnu.linkonce.d*))

.rela.data
 *(SORT_BY_ALIGNMENT(.rela.data))
 *(SORT_BY_ALIGNMENT(.rela.gnu.linkonce.d*))

.rel.tdata
 *(SORT_BY_ALIGNMENT(.rel.tdata) SORT_BY_ALIGNMENT(.rel.tdata.*) SORT_BY_ALIGNMENT(.rel.gnu.linkonce.td.*))

.rela.tdata
 *(SORT_BY_ALIGNMENT(.rela.tdata) SORT_BY_ALIGNMENT(.rela.tdata.*) SORT_BY_ALIGNMENT(.rela.gnu.linkonce.td.*))

.rel.tbss
 *(SORT_BY_ALIGNMENT(.rel.tbss) SORT_BY_ALIGNMENT(.rel.tbss.*) SORT_BY_ALIGNMENT(.rel.gnu.linkonce.tb.*))

.rela.tbss
 *(SORT_BY_ALIGNMENT(.rela.tbss) SORT_BY_ALIGNMENT(.rela.tbss.*) SORT_BY_ALIGNMENT(.rela.gnu.linkonce.tb.*))

.rel.rodata
 *(SORT_BY_ALIGNMENT(.rel.rodata))
 *(SORT_BY_ALIGNMENT(.rel.gnu.linkonce.r*))

.rela.rodata
 *(SORT_BY_ALIGNMENT(.rela.rodata))
 *(SORT_BY_ALIGNMENT(.rela.gnu.linkonce.r*))

.rel.dyn
 *(SORT_BY_ALIGNMENT(.rel.dyn))

.rel.got
 *(SORT_BY_ALIGNMENT(.rel.got))

.rela.got       0x000000000001a200      0x270
 *(SORT_BY_ALIGNMENT(.rela.got))
 .rela.got      0x000000000001a200      0x270 ./my_test_ta.o

.rel.ctors
 *(SORT_BY_ALIGNMENT(.rel.ctors))

.rela.ctors
 *(SORT_BY_ALIGNMENT(.rela.ctors))

.rel.dtors
 *(SORT_BY_ALIGNMENT(.rel.dtors))

.rela.dtors
 *(SORT_BY_ALIGNMENT(.rela.dtors))

.rel.init
 *(SORT_BY_ALIGNMENT(.rel.init))

.rela.init
 *(SORT_BY_ALIGNMENT(.rela.init))

.rel.fini
 *(SORT_BY_ALIGNMENT(.rel.fini))

.rela.fini
 *(SORT_BY_ALIGNMENT(.rela.fini))

.rel.bss
 *(SORT_BY_ALIGNMENT(.rel.bss))

.rela.bss       0x000000000001a470        0x0
 *(SORT_BY_ALIGNMENT(.rela.bss))
 .rela.bss      0x000000000001a470        0x0 ./my_test_ta.o

.rel.plt
 *(SORT_BY_ALIGNMENT(.rel.plt))

.rela.plt       0x000000000001a470        0x0
 *(SORT_BY_ALIGNMENT(.rela.plt))
 .rela.plt      0x000000000001a470        0x0 ./my_test_ta.o

.data           0x000000000001a470      0x260
 *(SORT_BY_ALIGNMENT(.data) SORT_BY_ALIGNMENT(.data.*) SORT_BY_ALIGNMENT(.gnu.linkonce.d.*))
 .data.rel.ro.local
                0x000000000001a470      0x108 ./user_ta_header.o
                0x000000000001a470                ta_props
 .data          0x000000000001a578        0x8 /home/qc2335/optee/optee_os/out/arm/export-ta_arm64/lib/libutils.a(stack_check.o)
                0x000000000001a578                __stack_chk_guard
 .data.rel.local
                0x000000000001a580       0x20 /home/qc2335/optee/optee_os/out/arm/export-ta_arm64/lib/libutee.a(user_ta_entry.o)
 .data.rel.ro.local
                0x000000000001a5a0       0x60 /home/qc2335/optee/optee_os/out/arm/export-ta_arm64/lib/libutee.a(tee_api_property.o)
                0x000000000001a5a0                tee_props
 .data.rel      0x000000000001a600        0x8 /home/qc2335/optee/optee_os/out/arm/export-ta_arm64/lib/libmbedtls.a(platform_util.o)
 .data          0x000000000001a608        0x8 /home/qc2335/optee/optee_os/out/arm/export-ta_arm64/lib/libutils.a(bget_malloc.o)
 .data.rel.local
                0x000000000001a610       0xb8 /home/qc2335/optee/optee_os/out/arm/export-ta_arm64/lib/libutils.a(bget_malloc.o)
 .data          0x000000000001a6c8        0x4 ./my_test_ta.o
                0x000000000001a6c8                g_public_key_size
 .data          0x000000000001a6cc        0x4 ./user_ta_header.o
                0x000000000001a6cc                trace_level
 .data.rel.ro   0x000000000001a6d0        0x0 ./my_test_ta.o
 .data          0x000000000001a6d0        0x0 /home/qc2335/optee/optee_os/out/arm/export-ta_arm64/lib/libutils.a(trace.o)
 .data          0x000000000001a6d0        0x0 /home/qc2335/optee/optee_os/out/arm/export-ta_arm64/lib/libutils.a(memcpy.o)
 .data          0x000000000001a6d0        0x0 /home/qc2335/optee/optee_os/out/arm/export-ta_arm64/lib/libutils.a(snprintk.o)
 .data          0x000000000001a6d0        0x0 /home/qc2335/optee/optee_os/out/arm/export-ta_arm64/lib/libutils.a(memchr.o)
 .data          0x000000000001a6d0        0x0 /home/qc2335/optee/optee_os/out/arm/export-ta_arm64/lib/libutils.a(strlen.o)
 .data          0x000000000001a6d0        0x0 /home/qc2335/optee/optee_os/out/arm/export-ta_arm64/lib/libutee.a(trace_ext.o)
 .data          0x000000000001a6d0        0x0 /home/qc2335/optee/optee_os/out/arm/export-ta_arm64/lib/libutee.a(tee_api_objects.o)
 .data          0x000000000001a6d0        0x0 /home/qc2335/optee/optee_os/out/arm/export-ta_arm64/lib/libutee.a(tee_api_panic.o)
 .data          0x000000000001a6d0        0x0 /home/qc2335/optee/optee_os/out/arm/export-ta_arm64/lib/libutee.a(user_ta_entry.o)
 .data          0x000000000001a6d0        0x0 /home/qc2335/optee/optee_os/out/arm/export-ta_arm64/lib/libutee.a(user_ta_entry_compat.o)
 .data          0x000000000001a6d0        0x0 /home/qc2335/optee/optee_os/out/arm/export-ta_arm64/lib/libutee.a(utee_syscalls_a64.o)
 .data          0x000000000001a6d0        0x0 /home/qc2335/optee/optee_os/out/arm/export-ta_arm64/lib/libutee.a(abort.o)
 .data          0x000000000001a6d0        0x0 /home/qc2335/optee/optee_os/out/arm/export-ta_arm64/lib/libutee.a(tee_api.o)
 .data          0x000000000001a6d0        0x0 /home/qc2335/optee/optee_os/out/arm/export-ta_arm64/lib/libutee.a(tee_api_arith_mpi.o)
 .data          0x000000000001a6d0        0x0 /home/qc2335/optee/optee_os/out/arm/export-ta_arm64/lib/libutee.a(tee_api_property.o)
 .data          0x000000000001a6d0        0x0 /home/qc2335/optee/optee_os/out/arm/export-ta_arm64/lib/libutee.a(tee_system_pta.o)
 .data          0x000000000001a6d0        0x0 /home/qc2335/optee/optee_os/out/arm/export-ta_arm64/lib/libutee.a(tcb.o)
 .data          0x000000000001a6d0        0x0 /home/qc2335/optee/optee_os/out/arm/export-ta_arm64/lib/libutee.a(assert.o)
 .data          0x000000000001a6d0        0x0 /home/qc2335/optee/optee_os/out/arm/export-ta_arm64/lib/libutee.a(base64.o)
 .data          0x000000000001a6d0        0x0 /home/qc2335/optee/optee_os/out/arm/export-ta_arm64/lib/libmbedtls.a(bignum.o)
 .data          0x000000000001a6d0        0x0 /home/qc2335/optee/optee_os/out/arm/export-ta_arm64/lib/libmbedtls.a(bignum_core.o)
 .data          0x000000000001a6d0        0x0 /home/qc2335/optee/optee_os/out/arm/export-ta_arm64/lib/libmbedtls.a(constant_time.o)
 .data          0x000000000001a6d0        0x0 /home/qc2335/optee/optee_os/out/arm/export-ta_arm64/lib/libmbedtls.a(platform_util.o)
 .data          0x000000000001a6d0        0x0 /home/qc2335/optee/optee_os/out/arm/export-ta_arm64/lib/libutils.a(snprintf.o)
 .data          0x000000000001a6d0        0x0 /home/qc2335/optee/optee_os/out/arm/export-ta_arm64/lib/libutils.a(memmove.o)
 .data          0x000000000001a6d0        0x0 /home/qc2335/optee/optee_os/out/arm/export-ta_arm64/lib/libutils.a(memset.o)
 .data          0x000000000001a6d0        0x0 /home/qc2335/optee/optee_os/out/arm/export-ta_arm64/lib/libutils.a(strcmp.o)
 .data          0x000000000001a6d0        0x0 /home/qc2335/optee/optee_os/out/arm/export-ta_arm64/lib/libutils.a(strlcpy.o)
 .data          0x000000000001a6d0        0x0 /home/qc2335/optee/optee_os/out/arm/export-ta_arm64/lib/libutils.a(mempool.o)
 .data          0x000000000001a6d0        0x0 /home/qc2335/optee/optee_os/out/arm/export-ta_arm64/lib/libutils.a(consttime_memcmp.o)
 .data          0x000000000001a6d0        0x0 /home/qc2335/optee/optee_os/out/arm/export-ta_arm64/lib/libutee.a(tee_api_operations.o)

.bss            0x000000000001a6d0     0xbaa8
 *(SORT_BY_ALIGNMENT(.bss) SORT_BY_ALIGNMENT(.bss.*) SORT_BY_ALIGNMENT(.gnu.linkonce.b.*) SORT_BY_ALIGNMENT(COMMON))
 .bss           0x000000000001a6d0       0x6c /home/qc2335/optee/optee_os/out/arm/export-ta_arm64/lib/libutee.a(user_ta_entry.o)
                0x000000000001a6e0                __elf_phdr_info
                0x000000000001a6f0                __ta_no_share_malloc_ctx
                0x000000000001a6f8                ta_params
                0x000000000001a738                ta_param_types
 *fill*         0x000000000001a73c        0x4 
 .bss           0x000000000001a740       0x10 /home/qc2335/optee/optee_os/out/arm/export-ta_arm64/lib/libutee.a(tee_api.o)
 .bss           0x000000000001a750     0x3800 /home/qc2335/optee/optee_os/out/arm/export-ta_arm64/lib/libutee.a(tee_api_arith_mpi.o)
 .bss           0x000000000001df50        0x8 /home/qc2335/optee/optee_os/out/arm/export-ta_arm64/lib/libutee.a(tee_system_pta.o)
 .bss           0x000000000001df58       0x10 /home/qc2335/optee/optee_os/out/arm/export-ta_arm64/lib/libutee.a(tcb.o)
 .bss           0x000000000001df68        0x8 /home/qc2335/optee/optee_os/out/arm/export-ta_arm64/lib/libmbedtls.a(bignum.o)
                0x000000000001df68                mbedtls_mpi_mempool
 .bss           0x000000000001df70        0x8 /home/qc2335/optee/optee_os/out/arm/export-ta_arm64/lib/libutils.a(bget_malloc.o)
 .bss           0x000000000001df78        0x0 ./my_test_ta.o
 COMMON         0x000000000001df78      0x200 ./my_test_ta.o
                0x000000000001df78                g_public_key
 .bss           0x000000000001e178        0x0 ./user_ta_header.o
 COMMON         0x000000000001e178     0x8000 ./user_ta_header.o
                0x000000000001e178                ta_heap
                0x0000000000026178                __ta_no_share_heap
 .bss           0x0000000000026178        0x0 /home/qc2335/optee/optee_os/out/arm/export-ta_arm64/lib/libutils.a(stack_check.o)
 .bss           0x0000000000026178        0x0 /home/qc2335/optee/optee_os/out/arm/export-ta_arm64/lib/libutils.a(trace.o)
 .bss           0x0000000000026178        0x0 /home/qc2335/optee/optee_os/out/arm/export-ta_arm64/lib/libutils.a(memcpy.o)
 .bss           0x0000000000026178        0x0 /home/qc2335/optee/optee_os/out/arm/export-ta_arm64/lib/libutils.a(snprintk.o)
 .bss           0x0000000000026178        0x0 /home/qc2335/optee/optee_os/out/arm/export-ta_arm64/lib/libutils.a(memchr.o)
 .bss           0x0000000000026178        0x0 /home/qc2335/optee/optee_os/out/arm/export-ta_arm64/lib/libutils.a(strlen.o)
 .bss           0x0000000000026178        0x0 /home/qc2335/optee/optee_os/out/arm/export-ta_arm64/lib/libutee.a(trace_ext.o)
 .bss           0x0000000000026178        0x0 /home/qc2335/optee/optee_os/out/arm/export-ta_arm64/lib/libutee.a(tee_api_objects.o)
 .bss           0x0000000000026178        0x0 /home/qc2335/optee/optee_os/out/arm/export-ta_arm64/lib/libutee.a(tee_api_panic.o)
 .bss           0x0000000000026178        0x0 /home/qc2335/optee/optee_os/out/arm/export-ta_arm64/lib/libutee.a(user_ta_entry_compat.o)
 .bss           0x0000000000026178        0x0 /home/qc2335/optee/optee_os/out/arm/export-ta_arm64/lib/libutee.a(utee_syscalls_a64.o)
 .bss           0x0000000000026178        0x0 /home/qc2335/optee/optee_os/out/arm/export-ta_arm64/lib/libutee.a(abort.o)
 .bss           0x0000000000026178        0x0 /home/qc2335/optee/optee_os/out/arm/export-ta_arm64/lib/libutee.a(tee_api_property.o)
 .bss           0x0000000000026178        0x0 /home/qc2335/optee/optee_os/out/arm/export-ta_arm64/lib/libutee.a(assert.o)
 .bss           0x0000000000026178        0x0 /home/qc2335/optee/optee_os/out/arm/export-ta_arm64/lib/libutee.a(base64.o)
 .bss           0x0000000000026178        0x0 /home/qc2335/optee/optee_os/out/arm/export-ta_arm64/lib/libmbedtls.a(bignum_core.o)
 .bss           0x0000000000026178        0x0 /home/qc2335/optee/optee_os/out/arm/export-ta_arm64/lib/libmbedtls.a(constant_time.o)
 .bss           0x0000000000026178        0x0 /home/qc2335/optee/optee_os/out/arm/export-ta_arm64/lib/libmbedtls.a(platform_util.o)
 .bss           0x0000000000026178        0x0 /home/qc2335/optee/optee_os/out/arm/export-ta_arm64/lib/libutils.a(snprintf.o)
 .bss           0x0000000000026178        0x0 /home/qc2335/optee/optee_os/out/arm/export-ta_arm64/lib/libutils.a(memmove.o)
 .bss           0x0000000000026178        0x0 /home/qc2335/optee/optee_os/out/arm/export-ta_arm64/lib/libutils.a(memset.o)
 .bss           0x0000000000026178        0x0 /home/qc2335/optee/optee_os/out/arm/export-ta_arm64/lib/libutils.a(strcmp.o)
 .bss           0x0000000000026178        0x0 /home/qc2335/optee/optee_os/out/arm/export-ta_arm64/lib/libutils.a(strlcpy.o)
 .bss           0x0000000000026178        0x0 /home/qc2335/optee/optee_os/out/arm/export-ta_arm64/lib/libutils.a(mempool.o)
 .bss           0x0000000000026178        0x0 /home/qc2335/optee/optee_os/out/arm/export-ta_arm64/lib/libutils.a(consttime_memcmp.o)
 .bss           0x0000000000026178        0x0 /home/qc2335/optee/optee_os/out/arm/export-ta_arm64/lib/libutee.a(tee_api_operations.o)
                0x0000000000026178                . = ALIGN (0x8)
                0x0000000000026178                __ftrace_buf_start = .
                0x0000000000026178                . = (. + DEFINED (_mcount)?0x800:0x0)
                0x0000000000026178                __ftrace_buf_end = .

.dynbss         0x0000000000026178        0x0
 .dynbss        0x0000000000026178        0x0 ./my_test_ta.o

/DISCARD/
 *(SORT_BY_ALIGNMENT(.interp))
LOAD ./my_test_ta.o
LOAD ./user_ta_header.o
START GROUP
LOAD /home/qc2335/optee/optee_os/out/arm/export-ta_arm64/lib/libutils.a
LOAD /home/qc2335/optee/optee_os/out/arm/export-ta_arm64/lib/libutee.a
LOAD /home/qc2335/optee/optee_os/out/arm/export-ta_arm64/lib/libmbedtls.a
LOAD /home/qc2335/optee/optee_os/out/arm/export-ta_arm64/lib/libdl.a
END GROUP
LOAD /usr/lib/gcc-cross/aarch64-linux-gnu/9/libgcc.a
LOAD /home/qc2335/optee/optee_os/out/arm/export-ta_arm64/lib/libutils.a
OUTPUT(9aaaf200-2450-11e4-abe2-0002a5d5c51b.elf elf64-littleaarch64)
LOAD linker stubs

.debug_info     0x0000000000000000    0x24962
 .debug_info    0x0000000000000000      0x85c ./my_test_ta.o
 .debug_info    0x000000000000085c      0x793 ./user_ta_header.o
 .debug_info    0x0000000000000fef      0x144 /home/qc2335/optee/optee_os/out/arm/export-ta_arm64/lib/libutils.a(stack_check.o)
 .debug_info    0x0000000000001133      0x711 /home/qc2335/optee/optee_os/out/arm/export-ta_arm64/lib/libutils.a(trace.o)
 .debug_info    0x0000000000001844      0x130 /home/qc2335/optee/optee_os/out/arm/export-ta_arm64/lib/libutils.a(memcpy.o)
 .debug_info    0x0000000000001974      0x961 /home/qc2335/optee/optee_os/out/arm/export-ta_arm64/lib/libutils.a(snprintk.o)
 .debug_info    0x00000000000022d5       0xff /home/qc2335/optee/optee_os/out/arm/export-ta_arm64/lib/libutils.a(memchr.o)
 .debug_info    0x00000000000023d4       0xbf /home/qc2335/optee/optee_os/out/arm/export-ta_arm64/lib/libutils.a(strlen.o)
 .debug_info    0x0000000000002493      0x3d8 /home/qc2335/optee/optee_os/out/arm/export-ta_arm64/lib/libutee.a(trace_ext.o)
 .debug_info    0x000000000000286b     0x2ed2 /home/qc2335/optee/optee_os/out/arm/export-ta_arm64/lib/libutee.a(tee_api_objects.o)
 .debug_info    0x000000000000573d      0xa4c /home/qc2335/optee/optee_os/out/arm/export-ta_arm64/lib/libutee.a(tee_api_panic.o)
 .debug_info    0x0000000000006189     0x16ba /home/qc2335/optee/optee_os/out/arm/export-ta_arm64/lib/libutee.a(user_ta_entry.o)
 .debug_info    0x0000000000007843      0x4d2 /home/qc2335/optee/optee_os/out/arm/export-ta_arm64/lib/libutee.a(user_ta_entry_compat.o)
 .debug_info    0x0000000000007d15       0x23 /home/qc2335/optee/optee_os/out/arm/export-ta_arm64/lib/libutee.a(utee_syscalls_a64.o)
 .debug_info    0x0000000000007d38       0xf1 /home/qc2335/optee/optee_os/out/arm/export-ta_arm64/lib/libutee.a(abort.o)
 .debug_info    0x0000000000007e29     0x2759 /home/qc2335/optee/optee_os/out/arm/export-ta_arm64/lib/libutee.a(tee_api.o)
 .debug_info    0x000000000000a582     0x520a /home/qc2335/optee/optee_os/out/arm/export-ta_arm64/lib/libutee.a(tee_api_arith_mpi.o)
 .debug_info    0x000000000000f78c     0x1946 /home/qc2335/optee/optee_os/out/arm/export-ta_arm64/lib/libutee.a(tee_api_property.o)
 .debug_info    0x00000000000110d2      0x7fa /home/qc2335/optee/optee_os/out/arm/export-ta_arm64/lib/libutee.a(tee_system_pta.o)
 .debug_info    0x00000000000118cc      0x8af /home/qc2335/optee/optee_os/out/arm/export-ta_arm64/lib/libutee.a(tcb.o)
 .debug_info    0x000000000001217b      0x1b5 /home/qc2335/optee/optee_os/out/arm/export-ta_arm64/lib/libutee.a(assert.o)
 .debug_info    0x0000000000012330      0x339 /home/qc2335/optee/optee_os/out/arm/export-ta_arm64/lib/libutee.a(base64.o)
 .debug_info    0x0000000000012669     0x57b0 /home/qc2335/optee/optee_os/out/arm/export-ta_arm64/lib/libmbedtls.a(bignum.o)
 .debug_info    0x0000000000017e19     0x20b9 /home/qc2335/optee/optee_os/out/arm/export-ta_arm64/lib/libmbedtls.a(bignum_core.o)
 .debug_info    0x0000000000019ed2     0x1084 /home/qc2335/optee/optee_os/out/arm/export-ta_arm64/lib/libmbedtls.a(constant_time.o)
 .debug_info    0x000000000001af56      0x4c2 /home/qc2335/optee/optee_os/out/arm/export-ta_arm64/lib/libmbedtls.a(platform_util.o)
 .debug_info    0x000000000001b418     0x2f9b /home/qc2335/optee/optee_os/out/arm/export-ta_arm64/lib/libutils.a(bget_malloc.o)
 .debug_info    0x000000000001e3b3      0x2a0 /home/qc2335/optee/optee_os/out/arm/export-ta_arm64/lib/libutils.a(snprintf.o)
 .debug_info    0x000000000001e653       0xfb /home/qc2335/optee/optee_os/out/arm/export-ta_arm64/lib/libutils.a(memmove.o)
 .debug_info    0x000000000001e74e       0xd3 /home/qc2335/optee/optee_os/out/arm/export-ta_arm64/lib/libutils.a(memset.o)
 .debug_info    0x000000000001e821       0xb4 /home/qc2335/optee/optee_os/out/arm/export-ta_arm64/lib/libutils.a(strcmp.o)
 .debug_info    0x000000000001e8d5      0x123 /home/qc2335/optee/optee_os/out/arm/export-ta_arm64/lib/libutils.a(strlcpy.o)
 .debug_info    0x000000000001e9f8      0x733 /home/qc2335/optee/optee_os/out/arm/export-ta_arm64/lib/libutils.a(mempool.o)
 .debug_info    0x000000000001f12b      0x132 /home/qc2335/optee/optee_os/out/arm/export-ta_arm64/lib/libutils.a(consttime_memcmp.o)
 .debug_info    0x000000000001f25d     0x5705 /home/qc2335/optee/optee_os/out/arm/export-ta_arm64/lib/libutee.a(tee_api_operations.o)

.debug_abbrev   0x0000000000000000     0x52b1
 .debug_abbrev  0x0000000000000000      0x297 ./my_test_ta.o
 .debug_abbrev  0x0000000000000297      0x224 ./user_ta_header.o
 .debug_abbrev  0x00000000000004bb       0xb2 /home/qc2335/optee/optee_os/out/arm/export-ta_arm64/lib/libutils.a(stack_check.o)
 .debug_abbrev  0x000000000000056d      0x2bf /home/qc2335/optee/optee_os/out/arm/export-ta_arm64/lib/libutils.a(trace.o)
 .debug_abbrev  0x000000000000082c       0xbb /home/qc2335/optee/optee_os/out/arm/export-ta_arm64/lib/libutils.a(memcpy.o)
 .debug_abbrev  0x00000000000008e7      0x300 /home/qc2335/optee/optee_os/out/arm/export-ta_arm64/lib/libutils.a(snprintk.o)
 .debug_abbrev  0x0000000000000be7       0xb4 /home/qc2335/optee/optee_os/out/arm/export-ta_arm64/lib/libutils.a(memchr.o)
 .debug_abbrev  0x0000000000000c9b       0x85 /home/qc2335/optee/optee_os/out/arm/export-ta_arm64/lib/libutils.a(strlen.o)
 .debug_abbrev  0x0000000000000d20      0x1c4 /home/qc2335/optee/optee_os/out/arm/export-ta_arm64/lib/libutee.a(trace_ext.o)
 .debug_abbrev  0x0000000000000ee4      0x399 /home/qc2335/optee/optee_os/out/arm/export-ta_arm64/lib/libutee.a(tee_api_objects.o)
 .debug_abbrev  0x000000000000127d      0x21c /home/qc2335/optee/optee_os/out/arm/export-ta_arm64/lib/libutee.a(tee_api_panic.o)
 .debug_abbrev  0x0000000000001499      0x5aa /home/qc2335/optee/optee_os/out/arm/export-ta_arm64/lib/libutee.a(user_ta_entry.o)
 .debug_abbrev  0x0000000000001a43      0x1a4 /home/qc2335/optee/optee_os/out/arm/export-ta_arm64/lib/libutee.a(user_ta_entry_compat.o)
 .debug_abbrev  0x0000000000001be7       0x12 /home/qc2335/optee/optee_os/out/arm/export-ta_arm64/lib/libutee.a(utee_syscalls_a64.o)
 .debug_abbrev  0x0000000000001bf9       0x94 /home/qc2335/optee/optee_os/out/arm/export-ta_arm64/lib/libutee.a(abort.o)
 .debug_abbrev  0x0000000000001c8d      0x558 /home/qc2335/optee/optee_os/out/arm/export-ta_arm64/lib/libutee.a(tee_api.o)
 .debug_abbrev  0x00000000000021e5      0x541 /home/qc2335/optee/optee_os/out/arm/export-ta_arm64/lib/libutee.a(tee_api_arith_mpi.o)
 .debug_abbrev  0x0000000000002726      0x343 /home/qc2335/optee/optee_os/out/arm/export-ta_arm64/lib/libutee.a(tee_api_property.o)
 .debug_abbrev  0x0000000000002a69      0x29f /home/qc2335/optee/optee_os/out/arm/export-ta_arm64/lib/libutee.a(tee_system_pta.o)
 .debug_abbrev  0x0000000000002d08      0x2cf /home/qc2335/optee/optee_os/out/arm/export-ta_arm64/lib/libutee.a(tcb.o)
 .debug_abbrev  0x0000000000002fd7       0xbd /home/qc2335/optee/optee_os/out/arm/export-ta_arm64/lib/libutee.a(assert.o)
 .debug_abbrev  0x0000000000003094      0x1a4 /home/qc2335/optee/optee_os/out/arm/export-ta_arm64/lib/libutee.a(base64.o)
 .debug_abbrev  0x0000000000003238      0x5a3 /home/qc2335/optee/optee_os/out/arm/export-ta_arm64/lib/libmbedtls.a(bignum.o)
 .debug_abbrev  0x00000000000037db      0x47c /home/qc2335/optee/optee_os/out/arm/export-ta_arm64/lib/libmbedtls.a(bignum_core.o)
 .debug_abbrev  0x0000000000003c57      0x398 /home/qc2335/optee/optee_os/out/arm/export-ta_arm64/lib/libmbedtls.a(constant_time.o)
 .debug_abbrev  0x0000000000003fef      0x18a /home/qc2335/optee/optee_os/out/arm/export-ta_arm64/lib/libmbedtls.a(platform_util.o)
 .debug_abbrev  0x0000000000004179      0x506 /home/qc2335/optee/optee_os/out/arm/export-ta_arm64/lib/libutils.a(bget_malloc.o)
 .debug_abbrev  0x000000000000467f      0x155 /home/qc2335/optee/optee_os/out/arm/export-ta_arm64/lib/libutils.a(snprintf.o)
 .debug_abbrev  0x00000000000047d4       0xa6 /home/qc2335/optee/optee_os/out/arm/export-ta_arm64/lib/libutils.a(memmove.o)
 .debug_abbrev  0x000000000000487a       0xa3 /home/qc2335/optee/optee_os/out/arm/export-ta_arm64/lib/libutils.a(memset.o)
 .debug_abbrev  0x000000000000491d       0x6f /home/qc2335/optee/optee_os/out/arm/export-ta_arm64/lib/libutils.a(strcmp.o)
 .debug_abbrev  0x000000000000498c       0xa5 /home/qc2335/optee/optee_os/out/arm/export-ta_arm64/lib/libutils.a(strlcpy.o)
 .debug_abbrev  0x0000000000004a31      0x2a9 /home/qc2335/optee/optee_os/out/arm/export-ta_arm64/lib/libutils.a(mempool.o)
 .debug_abbrev  0x0000000000004cda       0xc2 /home/qc2335/optee/optee_os/out/arm/export-ta_arm64/lib/libutils.a(consttime_memcmp.o)
 .debug_abbrev  0x0000000000004d9c      0x515 /home/qc2335/optee/optee_os/out/arm/export-ta_arm64/lib/libutee.a(tee_api_operations.o)

.debug_loc      0x0000000000000000      0x87a
 .debug_loc     0x0000000000000000      0x59d ./my_test_ta.o
 .debug_loc     0x000000000000059d      0x2dd ./user_ta_header.o

.debug_aranges  0x0000000000000000      0xa10
 .debug_aranges
                0x0000000000000000       0x30 ./my_test_ta.o
 .debug_aranges
                0x0000000000000030       0x30 ./user_ta_header.o
 .debug_aranges
                0x0000000000000060       0x30 /home/qc2335/optee/optee_os/out/arm/export-ta_arm64/lib/libutils.a(stack_check.o)
 .debug_aranges
                0x0000000000000090       0x30 /home/qc2335/optee/optee_os/out/arm/export-ta_arm64/lib/libutils.a(trace.o)
 .debug_aranges
                0x00000000000000c0       0x30 /home/qc2335/optee/optee_os/out/arm/export-ta_arm64/lib/libutils.a(memcpy.o)
 .debug_aranges
                0x00000000000000f0       0x30 /home/qc2335/optee/optee_os/out/arm/export-ta_arm64/lib/libutils.a(snprintk.o)
 .debug_aranges
                0x0000000000000120       0x30 /home/qc2335/optee/optee_os/out/arm/export-ta_arm64/lib/libutils.a(memchr.o)
 .debug_aranges
                0x0000000000000150       0x30 /home/qc2335/optee/optee_os/out/arm/export-ta_arm64/lib/libutils.a(strlen.o)
 .debug_aranges
                0x0000000000000180       0x30 /home/qc2335/optee/optee_os/out/arm/export-ta_arm64/lib/libutee.a(trace_ext.o)
 .debug_aranges
                0x00000000000001b0       0x30 /home/qc2335/optee/optee_os/out/arm/export-ta_arm64/lib/libutee.a(tee_api_objects.o)
 .debug_aranges
                0x00000000000001e0       0x30 /home/qc2335/optee/optee_os/out/arm/export-ta_arm64/lib/libutee.a(tee_api_panic.o)
 .debug_aranges
                0x0000000000000210       0x30 /home/qc2335/optee/optee_os/out/arm/export-ta_arm64/lib/libutee.a(user_ta_entry.o)
 .debug_aranges
                0x0000000000000240       0x30 /home/qc2335/optee/optee_os/out/arm/export-ta_arm64/lib/libutee.a(user_ta_entry_compat.o)
 .debug_aranges
                0x0000000000000270      0x3b0 /home/qc2335/optee/optee_os/out/arm/export-ta_arm64/lib/libutee.a(utee_syscalls_a64.o)
 .debug_aranges
                0x0000000000000620       0x30 /home/qc2335/optee/optee_os/out/arm/export-ta_arm64/lib/libutee.a(abort.o)
 .debug_aranges
                0x0000000000000650       0x30 /home/qc2335/optee/optee_os/out/arm/export-ta_arm64/lib/libutee.a(tee_api.o)
 .debug_aranges
                0x0000000000000680       0x30 /home/qc2335/optee/optee_os/out/arm/export-ta_arm64/lib/libutee.a(tee_api_arith_mpi.o)
 .debug_aranges
                0x00000000000006b0       0x30 /home/qc2335/optee/optee_os/out/arm/export-ta_arm64/lib/libutee.a(tee_api_property.o)
 .debug_aranges
                0x00000000000006e0       0x30 /home/qc2335/optee/optee_os/out/arm/export-ta_arm64/lib/libutee.a(tee_system_pta.o)
 .debug_aranges
                0x0000000000000710       0x30 /home/qc2335/optee/optee_os/out/arm/export-ta_arm64/lib/libutee.a(tcb.o)
 .debug_aranges
                0x0000000000000740       0x30 /home/qc2335/optee/optee_os/out/arm/export-ta_arm64/lib/libutee.a(assert.o)
 .debug_aranges
                0x0000000000000770       0x30 /home/qc2335/optee/optee_os/out/arm/export-ta_arm64/lib/libutee.a(base64.o)
 .debug_aranges
                0x00000000000007a0       0x30 /home/qc2335/optee/optee_os/out/arm/export-ta_arm64/lib/libmbedtls.a(bignum.o)
 .debug_aranges
                0x00000000000007d0       0x30 /home/qc2335/optee/optee_os/out/arm/export-ta_arm64/lib/libmbedtls.a(bignum_core.o)
 .debug_aranges
                0x0000000000000800       0x30 /home/qc2335/optee/optee_os/out/arm/export-ta_arm64/lib/libmbedtls.a(constant_time.o)
 .debug_aranges
                0x0000000000000830       0x30 /home/qc2335/optee/optee_os/out/arm/export-ta_arm64/lib/libmbedtls.a(platform_util.o)
 .debug_aranges
                0x0000000000000860       0x30 /home/qc2335/optee/optee_os/out/arm/export-ta_arm64/lib/libutils.a(bget_malloc.o)
 .debug_aranges
                0x0000000000000890       0x30 /home/qc2335/optee/optee_os/out/arm/export-ta_arm64/lib/libutils.a(snprintf.o)
 .debug_aranges
                0x00000000000008c0       0x30 /home/qc2335/optee/optee_os/out/arm/export-ta_arm64/lib/libutils.a(memmove.o)
 .debug_aranges
                0x00000000000008f0       0x30 /home/qc2335/optee/optee_os/out/arm/export-ta_arm64/lib/libutils.a(memset.o)
 .debug_aranges
                0x0000000000000920       0x30 /home/qc2335/optee/optee_os/out/arm/export-ta_arm64/lib/libutils.a(strcmp.o)
 .debug_aranges
                0x0000000000000950       0x30 /home/qc2335/optee/optee_os/out/arm/export-ta_arm64/lib/libutils.a(strlcpy.o)
 .debug_aranges
                0x0000000000000980       0x30 /home/qc2335/optee/optee_os/out/arm/export-ta_arm64/lib/libutils.a(mempool.o)
 .debug_aranges
                0x00000000000009b0       0x30 /home/qc2335/optee/optee_os/out/arm/export-ta_arm64/lib/libutils.a(consttime_memcmp.o)
 .debug_aranges
                0x00000000000009e0       0x30 /home/qc2335/optee/optee_os/out/arm/export-ta_arm64/lib/libutee.a(tee_api_operations.o)

.debug_ranges   0x0000000000000000       0x50
 .debug_ranges  0x0000000000000000       0x30 ./my_test_ta.o
 .debug_ranges  0x0000000000000030       0x20 ./user_ta_header.o

.debug_macro    0x0000000000000000    0x1c634
 .debug_macro   0x0000000000000000       0xd9 ./my_test_ta.o
 .debug_macro   0x00000000000000d9      0x9b8 ./my_test_ta.o
 .debug_macro   0x0000000000000a91      0x119 ./my_test_ta.o
 .debug_macro   0x0000000000000baa      0x174 ./my_test_ta.o
 .debug_macro   0x0000000000000d1e      0xceb ./my_test_ta.o
 .debug_macro   0x0000000000001a09       0x7c ./my_test_ta.o
 .debug_macro   0x0000000000001a85      0x1a0 ./my_test_ta.o
 .debug_macro   0x0000000000001c25       0xc4 ./my_test_ta.o
 .debug_macro   0x0000000000001ce9       0x22 ./my_test_ta.o
 .debug_macro   0x0000000000001d0b       0x35 ./my_test_ta.o
 .debug_macro   0x0000000000001d40       0x58 ./my_test_ta.o
 .debug_macro   0x0000000000001d98       0x34 ./my_test_ta.o
 .debug_macro   0x0000000000001dcc       0x79 ./my_test_ta.o
 .debug_macro   0x0000000000001e45      0x184 ./my_test_ta.o
 .debug_macro   0x0000000000001fc9       0xf7 ./my_test_ta.o
 .debug_macro   0x00000000000020c0       0x1c ./my_test_ta.o
 .debug_macro   0x00000000000020dc      0x1a7 ./user_ta_header.o
 .debug_macro   0x0000000000002283      0x9b8 ./user_ta_header.o
 .debug_macro   0x0000000000002c3b       0x2e ./user_ta_header.o
 .debug_macro   0x0000000000002c69       0x64 ./user_ta_header.o
 .debug_macro   0x0000000000002ccd       0x2e ./user_ta_header.o
 .debug_macro   0x0000000000002cfb       0x33 ./user_ta_header.o
 .debug_macro   0x0000000000002d2e       0xf0 ./user_ta_header.o
 .debug_macro   0x0000000000002e1e       0x88 ./user_ta_header.o
 .debug_macro   0x0000000000002ea6       0x2e ./user_ta_header.o
 .debug_macro   0x0000000000002ed4       0xb5 /home/qc2335/optee/optee_os/out/arm/export-ta_arm64/lib/libutils.a(stack_check.o)
 .debug_macro   0x0000000000002f89      0x9b8 /home/qc2335/optee/optee_os/out/arm/export-ta_arm64/lib/libutils.a(stack_check.o)
 .debug_macro   0x0000000000003941      0x64a /home/qc2335/optee/optee_os/out/arm/export-ta_arm64/lib/libutils.a(stack_check.o)
 .debug_macro   0x0000000000003f8b      0x119 /home/qc2335/optee/optee_os/out/arm/export-ta_arm64/lib/libutils.a(stack_check.o)
 .debug_macro   0x00000000000040a4       0x22 /home/qc2335/optee/optee_os/out/arm/export-ta_arm64/lib/libutils.a(stack_check.o)
 .debug_macro   0x00000000000040c6       0x79 /home/qc2335/optee/optee_os/out/arm/export-ta_arm64/lib/libutils.a(stack_check.o)
 .debug_macro   0x000000000000413f      0xcf1 /home/qc2335/optee/optee_os/out/arm/export-ta_arm64/lib/libutils.a(stack_check.o)
 .debug_macro   0x0000000000004e30       0xd9 /home/qc2335/optee/optee_os/out/arm/export-ta_arm64/lib/libutils.a(trace.o)
 .debug_macro   0x0000000000004f09      0x9b8 /home/qc2335/optee/optee_os/out/arm/export-ta_arm64/lib/libutils.a(trace.o)
 .debug_macro   0x00000000000058c1       0x16 /home/qc2335/optee/optee_os/out/arm/export-ta_arm64/lib/libutils.a(trace.o)
 .debug_macro   0x00000000000058d7       0x57 /home/qc2335/optee/optee_os/out/arm/export-ta_arm64/lib/libutils.a(memcpy.o)
 .debug_macro   0x000000000000592e      0x9b2 /home/qc2335/optee/optee_os/out/arm/export-ta_arm64/lib/libutils.a(memcpy.o)
 .debug_macro   0x00000000000062e0       0x7c /home/qc2335/optee/optee_os/out/arm/export-ta_arm64/lib/libutils.a(memcpy.o)
 .debug_macro   0x000000000000635c      0x13d /home/qc2335/optee/optee_os/out/arm/export-ta_arm64/lib/libutils.a(snprintk.o)
 .debug_macro   0x0000000000006499      0x9b8 /home/qc2335/optee/optee_os/out/arm/export-ta_arm64/lib/libutils.a(snprintk.o)
 .debug_macro   0x0000000000006e51       0x66 /home/qc2335/optee/optee_os/out/arm/export-ta_arm64/lib/libutils.a(memchr.o)
 .debug_macro   0x0000000000006eb7      0x9b8 /home/qc2335/optee/optee_os/out/arm/export-ta_arm64/lib/libutils.a(memchr.o)
 .debug_macro   0x000000000000786f       0x5a /home/qc2335/optee/optee_os/out/arm/export-ta_arm64/lib/libutils.a(strlen.o)
 .debug_macro   0x00000000000078c9      0x9b8 /home/qc2335/optee/optee_os/out/arm/export-ta_arm64/lib/libutils.a(strlen.o)
 .debug_macro   0x0000000000008281       0xf1 /home/qc2335/optee/optee_os/out/arm/export-ta_arm64/lib/libutee.a(trace_ext.o)
 .debug_macro   0x0000000000008372      0x9b8 /home/qc2335/optee/optee_os/out/arm/export-ta_arm64/lib/libutee.a(trace_ext.o)
 .debug_macro   0x0000000000008d2a       0xea /home/qc2335/optee/optee_os/out/arm/export-ta_arm64/lib/libutee.a(trace_ext.o)
 .debug_macro   0x0000000000008e14      0x165 /home/qc2335/optee/optee_os/out/arm/export-ta_arm64/lib/libutee.a(tee_api_objects.o)
 .debug_macro   0x0000000000008f79      0x9b8 /home/qc2335/optee/optee_os/out/arm/export-ta_arm64/lib/libutee.a(tee_api_objects.o)
 .debug_macro   0x0000000000009931      0x124 /home/qc2335/optee/optee_os/out/arm/export-ta_arm64/lib/libutee.a(tee_api_panic.o)
 .debug_macro   0x0000000000009a55      0x9b8 /home/qc2335/optee/optee_os/out/arm/export-ta_arm64/lib/libutee.a(tee_api_panic.o)
 .debug_macro   0x000000000000a40d      0x21e /home/qc2335/optee/optee_os/out/arm/export-ta_arm64/lib/libutee.a(user_ta_entry.o)
 .debug_macro   0x000000000000a62b      0x9b8 /home/qc2335/optee/optee_os/out/arm/export-ta_arm64/lib/libutee.a(user_ta_entry.o)
 .debug_macro   0x000000000000afe3     0x1610 /home/qc2335/optee/optee_os/out/arm/export-ta_arm64/lib/libutee.a(user_ta_entry.o)
 .debug_macro   0x000000000000c5f3       0x5f /home/qc2335/optee/optee_os/out/arm/export-ta_arm64/lib/libutee.a(user_ta_entry.o)
 .debug_macro   0x000000000000c652       0x1c /home/qc2335/optee/optee_os/out/arm/export-ta_arm64/lib/libutee.a(user_ta_entry.o)