Archive member included to satisfy reference by file (symbol)

/home/qc2335/optee/optee_os/out/arm/export-ta_arm64/lib/libutils.a(stack_check.o)
                              ./my_test_ta.o (__stack_chk_fail)
/home/qc2335/optee/optee_os/out/arm/export-ta_arm64/lib/libutils.a(trace.o)
                              ./my_test_ta.o (trace_printf)
/home/qc2335/optee/optee_os/out/arm/export-ta_arm64/lib/libutils.a(memcpy.o)
                              /home/qc2335/optee/optee_os/out/arm/export-ta_arm64/lib/libutils.a(trace.o) (memcpy)
/home/qc2335/optee/optee_os/out/arm/export-ta_arm64/lib/libutils.a(snprintk.o)
                              /home/qc2335/optee/optee_os/out/arm/export-ta_arm64/lib/libutils.a(trace.o) (vsnprintk)
/home/qc2335/optee/optee_os/out/arm/export-ta_arm64/lib/libutils.a(memchr.o)
                              /home/qc2335/optee/optee_os/out/arm/export-ta_arm64/lib/libutils.a(snprintk.o) (memchr)
/home/qc2335/optee/optee_os/out/arm/export-ta_arm64/lib/libutils.a(strlen.o)
                              /home/qc2335/optee/optee_os/out/arm/export-ta_arm64/lib/libutils.a(snprintk.o) (strlen)
/home/qc2335/optee/optee_os/out/arm/export-ta_arm64/lib/libutee.a(trace_ext.o)
                              /home/qc2335/optee/optee_os/out/arm/export-ta_arm64/lib/libutils.a(trace.o) (trace_ext_puts)
/home/qc2335/optee/optee_os/out/arm/export-ta_arm64/lib/libutee.a(tee_api.o)
                              ./my_test_ta.o (__GP11_TEE_MemMove)
/home/qc2335/optee/optee_os/out/arm/export-ta_arm64/lib/libutee.a(tee_api_objects.o)
                              ./my_test_ta.o (__GP11_TEE_GetObjectBufferAttribute)
/home/qc2335/optee/optee_os/out/arm/export-ta_arm64/lib/libutee.a(tee_api_panic.o)
                              /home/qc2335/optee/optee_os/out/arm/export-ta_arm64/lib/libutee.a(tee_api.o) (TEE_Panic)
/home/qc2335/optee/optee_os/out/arm/export-ta_arm64/lib/libutee.a(tee_system_pta.o)
                              /home/qc2335/optee/optee_os/out/arm/export-ta_arm64/lib/libutee.a(tee_api.o) (tee_map_zi)
/home/qc2335/optee/optee_os/out/arm/export-ta_arm64/lib/libutee.a(user_ta_entry.o)
                              ./user_ta_header.o (__utee_entry)
/home/qc2335/optee/optee_os/out/arm/export-ta_arm64/lib/libutee.a(user_ta_entry_compat.o)
                              ./user_ta_header.o (__ta_open_sess)
/home/qc2335/optee/optee_os/out/arm/export-ta_arm64/lib/libutee.a(utee_syscalls_a64.o)
                              /home/qc2335/optee/optee_os/out/arm/export-ta_arm64/lib/libutils.a(stack_check.o) (_utee_panic)
/home/qc2335/optee/optee_os/out/arm/export-ta_arm64/lib/libutee.a(abort.o)
                              /home/qc2335/optee/optee_os/out/arm/export-ta_arm64/lib/libutee.a(user_ta_entry.o) (abort)
/home/qc2335/optee/optee_os/out/arm/export-ta_arm64/lib/libutee.a(tee_api_arith_mpi.o)
                              /home/qc2335/optee/optee_os/out/arm/export-ta_arm64/lib/libutee.a(user_ta_entry.o) (_TEE_MathAPI_Init)
/home/qc2335/optee/optee_os/out/arm/export-ta_arm64/lib/libutee.a(tee_api_property.o)
                              /home/qc2335/optee/optee_os/out/arm/export-ta_arm64/lib/libutee.a(user_ta_entry.o) (TEE_GetPropertyAsU32)
/home/qc2335/optee/optee_os/out/arm/export-ta_arm64/lib/libutee.a(tcb.o)
                              /home/qc2335/optee/optee_os/out/arm/export-ta_arm64/lib/libutee.a(user_ta_entry.o) (__utee_tcb_init)
/home/qc2335/optee/optee_os/out/arm/export-ta_arm64/lib/libutee.a(assert.o)
                              /home/qc2335/optee/optee_os/out/arm/export-ta_arm64/lib/libutee.a(tcb.o) (_assert_log)
/home/qc2335/optee/optee_os/out/arm/export-ta_arm64/lib/libutee.a(base64.o)
                              /home/qc2335/optee/optee_os/out/arm/export-ta_arm64/lib/libutee.a(tee_api_property.o) (_base64_enc_len)
/home/qc2335/optee/optee_os/out/arm/export-ta_arm64/lib/libmbedtls.a(bignum.o)
                              /home/qc2335/optee/optee_os/out/arm/export-ta_arm64/lib/libutee.a(tee_api_arith_mpi.o) (mbedtls_mpi_init_mempool)
/home/qc2335/optee/optee_os/out/arm/export-ta_arm64/lib/libmbedtls.a(bignum_core.o)
                              /home/qc2335/optee/optee_os/out/arm/export-ta_arm64/lib/libmbedtls.a(bignum.o) (mbedtls_mpi_core_bitlen)
/home/qc2335/optee/optee_os/out/arm/export-ta_arm64/lib/libmbedtls.a(constant_time.o)
                              /home/qc2335/optee/optee_os/out/arm/export-ta_arm64/lib/libmbedtls.a(bignum_core.o) (mbedtls_ct_mpi_uint_mask)
/home/qc2335/optee/optee_os/out/arm/export-ta_arm64/lib/libmbedtls.a(platform_util.o)
                              /home/qc2335/optee/optee_os/out/arm/export-ta_arm64/lib/libmbedtls.a(bignum.o) (mbedtls_platform_zeroize)
/home/qc2335/optee/optee_os/out/arm/export-ta_arm64/lib/libutils.a(bget_malloc.o)
                              /home/qc2335/optee/optee_os/out/arm/export-ta_arm64/lib/libutee.a(tee_api.o) (raw_malloc)
/home/qc2335/optee/optee_os/out/arm/export-ta_arm64/lib/libutils.a(snprintf.o)
[...]
Memory Configuration

Name             Origin             Length             Attributes
*default*        0x0000000000000000 0xffffffffffffffff

Linker script and memory map


.text           0x0000000000000000    0x13594
                0x0000000000000000                __text_start = .
 *(SORT_BY_ALIGNMENT(.text) SORT_BY_ALIGNMENT(.text.*))
 .text          0x0000000000000000       0xec /home/qc2335/optee/optee_os/out/arm/export-ta_arm64/lib/libutils.a(memcpy.o)
                0x0000000000000000                memcpy
 .text          0x00000000000000ec      0x3c4 ./my_test_ta.o
                0x00000000000000ec                TA_CreateEntryPoint
                0x0000000000000250                TA_DestroyEntryPoint
                0x0000000000000274                __GP11_TA_OpenSessionEntryPoint
                0x00000000000002e4                TA_CloseSessionEntryPoint
                0x0000000000000308                __GP11_TA_InvokeCommandEntryPoint
 .text          0x00000000000004b0       0x34 ./user_ta_header.o
                0x00000000000004b0                __ta_entry
                0x00000000000004c4                tahead_get_trace_level
                0x00000000000004cc                TA_OpenSessionEntryPoint
                0x00000000000004d8                TA_InvokeCommandEntryPoint
 .text          0x00000000000004e4       0x30 /home/qc2335/optee/optee_os/out/arm/export-ta_arm64/lib/libutils.a(stack_check.o)
                0x00000000000004e4                __stack_chk_fail
 .text          0x0000000000000514      0x330 /home/qc2335/optee/optee_os/out/arm/export-ta_arm64/lib/libutils.a(trace.o)
                0x0000000000000514                trace_set_level
                0x0000000000000530                trace_get_level
                0x0000000000000540                trace_vprintf
                0x000000000000075c                trace_printf
                0x0000000000000840                dhex_dump
 .text          0x0000000000000844      0xdfc /home/qc2335/optee/optee_os/out/arm/export-ta_arm64/lib/libutils.a(snprintk.o)
                0x0000000000000844                __vsnprintf
                0x0000000000000908                vsnprintk
                0x0000000000000960                snprintk
                0x00000000000015f4                __vsprintf
 .text          0x0000000000001640       0x2c /home/qc2335/optee/optee_os/out/arm/export-ta_arm64/lib/libutils.a(memchr.o)
                0x0000000000001640                memchr
 .text          0x000000000000166c       0x1c /home/qc2335/optee/optee_os/out/arm/export-ta_arm64/lib/libutils.a(strlen.o)
                0x000000000000166c                strlen
 .text          0x0000000000001688      0x1e0 /home/qc2335/optee/optee_os/out/arm/export-ta_arm64/lib/libutee.a(trace_ext.o)
                0x0000000000001688                trace_ext_puts
                0x00000000000016b0                trace_ext_get_thread_id
                0x00000000000016b8                printf
                0x00000000000017b8                puts
                0x00000000000017f8                putchar
 .text          0x0000000000001868     0x10dc /home/qc2335/optee/optee_os/out/arm/export-ta_arm64/lib/libutee.a(tee_api.o)
                0x0000000000001c14                TEE_CloseTASession
                0x0000000000001c3c                TEE_GetCancellationFlag
                0x0000000000001c9c                TEE_UnmaskCancellation
                0x0000000000001cfc                TEE_MaskCancellation
                0x0000000000001d5c                TEE_CheckMemoryAccessRights
                0x0000000000001f80                TEE_OpenTASession
                0x00000000000020d4                __GP11_TEE_OpenTASession
                0x000000000000221c                TEE_InvokeTACommand
                0x00000000000023a0                __GP11_TEE_InvokeTACommand
                0x0000000000002518                __GP11_TEE_CheckMemoryAccessRights
                0x0000000000002520                TEE_SetInstanceData
                0x000000000000252c                TEE_GetInstanceData
                0x0000000000002538                TEE_MemMove
                0x000000000000253c                __GP11_TEE_MemMove
                0x0000000000002544                TEE_MemCompare
                0x0000000000002548                __GP11_TEE_MemCompare
                0x0000000000002550                TEE_MemFill
                0x0000000000002554                __GP11_TEE_MemFill
                0x000000000000255c                TEE_GetSystemTime
                0x0000000000002584                TEE_Wait
                0x00000000000025c0                TEE_GetTAPersistentTime
                0x0000000000002638                TEE_SetTAPersistentTime
                0x000000000000267c                TEE_GetREETime
                0x00000000000026a4                TEE_Malloc
                0x00000000000027c8                __GP11_TEE_Malloc
                0x00000000000027d0                TEE_Free
                0x0000000000002830                TEE_Realloc
                0x0000000000002924                __GP11_TEE_Realloc
                0x000000000000292c                TEE_CacheClean
                0x0000000000002934                TEE_CacheFlush
                0x000000000000293c                TEE_CacheInvalidate
 .text          0x0000000000002944     0x1a44 /home/qc2335/optee/optee_os/out/arm/export-ta_arm64/lib/libutee.a(tee_api_objects.o)
                0x0000000000002944                __utee_from_attr
                0x0000000000002994                __utee_from_gp11_attr
                0x00000000000029e4                TEE_GetObjectInfo
                0x0000000000002aa0                __GP11_TEE_GetObjectInfo
                0x0000000000002b68                TEE_GetObjectInfo1
                0x0000000000002c18                __GP11_TEE_GetObjectInfo1
                0x0000000000002cd8                TEE_RestrictObjectUsage1
                0x0000000000002d1c                TEE_RestrictObjectUsage
                0x0000000000002dac                TEE_GetObjectBufferAttribute
                0x0000000000002eb0                __GP11_TEE_GetObjectBufferAttribute
                0x0000000000002f4c                TEE_GetObjectValueAttribute
                0x0000000000003084                TEE_CloseObject
                0x00000000000030ac                __GP11_TEE_AllocateTransientObject
                0x0000000000003160                TEE_AllocateTransientObject
                0x000000000000317c                TEE_FreeTransientObject
                0x000000000000320c                TEE_ResetTransientObject
                0x000000000000329c                TEE_PopulateTransientObject
                0x00000000000033ac                __GP11_TEE_PopulateTransientObject
                0x00000000000034bc                TEE_InitRefAttribute
                0x0000000000003508                __GP11_TEE_InitRefAttribute
                0x0000000000003558                TEE_InitValueAttribute
                0x00000000000035a4                __GP11_TEE_InitValueAttribute
                0x00000000000035f0                TEE_CopyObjectAttributes1
                0x00000000000036e8                TEE_CopyObjectAttributes
                0x000000000000377c                TEE_GenerateKey
                0x0000000000003850                __GP11_TEE_GenerateKey
                0x0000000000003924                TEE_OpenPersistentObject
                0x0000000000003a08                __GP11_TEE_OpenPersistentObject
                0x0000000000003a10                TEE_CreatePersistentObject
                0x0000000000003b54                __GP11_TEE_CreatePersistentObject
                0x0000000000003bd0                TEE_CloseAndDeletePersistentObject1
                0x0000000000003c18                TEE_CloseAndDeletePersistentObject
                0x0000000000003c44                TEE_RenamePersistentObject
                0x0000000000003ca0                __GP11_TEE_RenamePersistentObject
                0x0000000000003ca8                TEE_AllocatePersistentObjectEnumerator
                0x0000000000003d38                TEE_FreePersistentObjectEnumerator
                0x0000000000003d60                TEE_ResetPersistentObjectEnumerator
                0x0000000000003d88                TEE_StartPersistentObjectEnumerator
                0x0000000000003dd8                TEE_GetNextPersistentObject
                0x0000000000003ef4                __GP11_TEE_GetNextPersistentObject
                0x0000000000004020                TEE_ReadObjectData
                0x00000000000040e8                __GP11_TEE_ReadObjectData
                0x0000000000004184                TEE_WriteObjectData
                0x00000000000041fc                __GP11_TEE_WriteObjectData
                0x0000000000004204                TEE_TruncateObjectData
                0x0000000000004260                __GP11_TEE_TruncateObjectData
                0x0000000000004268                TEE_SeekObjectData
                0x0000000000004380                __GP11_TEE_SeekObjectData
 .text          0x0000000000004388      0x1fc /home/qc2335/optee/optee_os/out/arm/export-ta_arm64/lib/libutee.a(tee_api_panic.o)
                0x00000000000043a4                TEE_Panic
                0x00000000000043bc                __utee_check_outbuf_annotation
                0x0000000000004408                __utee_check_gp11_outbuf_annotation
                0x0000000000004454                __utee_check_instring_annotation
                0x0000000000004484                __utee_check_outstring_annotation
                0x00000000000044d0                __utee_check_gp11_outstring_annotation
                0x000000000000451c                __utee_check_out_annotation
                0x000000000000453c                __utee_check_attr_in_annotation
                0x0000000000004560                __utee_check_gp11_attr_in_annotation
                0x0000000000004564                __utee_check_inout_annotation
 .text          0x0000000000004584      0x2bc /home/qc2335/optee/optee_os/out/arm/export-ta_arm64/lib/libutee.a(tee_system_pta.o)
                0x0000000000004608                tee_map_zi
                0x000000000000469c                tee_unmap
                0x0000000000004758                tee_invoke_supp_plugin
 .text          0x0000000000004840      0x740 /home/qc2335/optee/optee_os/out/arm/export-ta_arm64/lib/libutee.a(user_ta_entry.o)
                0x0000000000004b08                __utee_call_elf_init_fn
                0x0000000000004c54                __utee_call_elf_fini_fn
                0x0000000000004cf8                __utee_entry
 .text          0x0000000000004f80      0x214 /home/qc2335/optee/optee_os/out/arm/export-ta_arm64/lib/libutee.a(user_ta_entry_compat.o)
                0x0000000000005048                __ta_open_sess
                0x00000000000050e4                __ta_invoke_cmd
 .text._utee_panic
                0x0000000000005194        0xc /home/qc2335/optee/optee_os/out/arm/export-ta_arm64/lib/libutee.a(utee_syscalls_a64.o)
                0x0000000000005194                _utee_panic
 .text._utee_return
                0x00000000000051a0        0xc /home/qc2335/optee/optee_os/out/arm/export-ta_arm64/lib/libutee.a(utee_syscalls_a64.o)
                0x00000000000051a0                _utee_return
 .text._utee_log
                0x00000000000051ac        0xc /home/qc2335/optee/optee_os/out/arm/export-ta_arm64/lib/libutee.a(utee_syscalls_a64.o)
                0x00000000000051ac                _utee_log
 .text.__utee_panic
                0x00000000000051b8        0xc /home/qc2335/optee/optee_os/out/arm/export-ta_arm64/lib/libutee.a(utee_syscalls_a64.o)
                0x00000000000051b8                __utee_panic
 .text._utee_get_property
                0x00000000000051c4        0xc /home/qc2335/optee/optee_os/out/arm/export-ta_arm64/lib/libutee.a(utee_syscalls_a64.o)
                0x00000000000051c4                _utee_get_property
 .text._utee_get_property_name_to_index
                0x00000000000051d0        0xc /home/qc2335/optee/optee_os/out/arm/export-ta_arm64/lib/libutee.a(utee_syscalls_a64.o)
                0x00000000000051d0                _utee_get_property_name_to_index
 .text._utee_open_ta_session
                0x00000000000051dc        0xc /home/qc2335/optee/optee_os/out/arm/export-ta_arm64/lib/libutee.a(utee_syscalls_a64.o)
                0x00000000000051dc                _utee_open_ta_session
 .text._utee_close_ta_session
                0x00000000000051e8        0xc /home/qc2335/optee/optee_os/out/arm/export-ta_arm64/lib/libutee.a(utee_syscalls_a64.o)
                0x00000000000051e8                _utee_close_ta_session
 .text._utee_invoke_ta_command
                0x00000000000051f4        0xc /home/qc2335/optee/optee_os/out/arm/export-ta_arm64/lib/libutee.a(utee_syscalls_a64.o)
                0x00000000000051f4                _utee_invoke_ta_command
 .text._utee_get_cancellation_flag
                0x0000000000005200        0xc /home/qc2335/optee/optee_os/out/arm/export-ta_arm64/lib/libutee.a(utee_syscalls_a64.o)
                0x0000000000005200                _utee_get_cancellation_flag
 .text._utee_check_access_rights
                0x000000000000520c        0xc /home/qc2335/optee/optee_os/out/arm/export-ta_arm64/lib/libutee.a(utee_syscalls_a64.o)
                0x000000000000520c                _utee_check_access_rights
 .text._utee_unmask_cancellation
                0x0000000000005218        0xc /home/qc2335/optee/optee_os/out/arm/export-ta_arm64/lib/libutee.a(utee_syscalls_a64.o)
                0x0000000000005218                _utee_unmask_cancellation
 .text._utee_mask_cancellation
                0x0000000000005224        0xc /home/qc2335/optee/optee_os/out/arm/export-ta_arm64/lib/libutee.a(utee_syscalls_a64.o)
                0x0000000000005224                _utee_mask_cancellation
 .text._utee_wait
                0x0000000000005230        0xc /home/qc2335/optee/optee_os/out/arm/export-ta_arm64/lib/libutee.a(utee_syscalls_a64.o)
                0x0000000000005230                _utee_wait
 .text._utee_get_time
                0x000000000000523c        0xc /home/qc2335/optee/optee_os/out/arm/export-ta_arm64/lib/libutee.a(utee_syscalls_a64.o)
                0x000000000000523c                _utee_get_time
 .text._utee_set_ta_time
                0x0000000000005248        0xc /home/qc2335/optee/optee_os/out/arm/export-ta_arm64/lib/libutee.a(utee_syscalls_a64.o)
                0x0000000000005248                _utee_set_ta_time
 .text._utee_cryp_state_alloc
                0x0000000000005254        0xc /home/qc2335/optee/optee_os/out/arm/export-ta_arm64/lib/libutee.a(utee_syscalls_a64.o)
                0x0000000000005254                _utee_cryp_state_alloc
 .text._utee_cryp_state_copy
                0x0000000000005260        0xc /home/qc2335/optee/optee_os/out/arm/export-ta_arm64/lib/libutee.a(utee_syscalls_a64.o)
                0x0000000000005260                _utee_cryp_state_copy
 .text._utee_cryp_state_free
                0x000000000000526c        0xc /home/qc2335/optee/optee_os/out/arm/export-ta_arm64/lib/libutee.a(utee_syscalls_a64.o)
                0x000000000000526c                _utee_cryp_state_free
 .text._utee_hash_init
                0x0000000000005278        0xc /home/qc2335/optee/optee_os/out/arm/export-ta_arm64/lib/libutee.a(utee_syscalls_a64.o)
                0x0000000000005278                _utee_hash_init
 .text._utee_hash_update
                0x0000000000005284        0xc /home/qc2335/optee/optee_os/out/arm/export-ta_arm64/lib/libutee.a(utee_syscalls_a64.o)
                0x0000000000005284                _utee_hash_update
 .text._utee_hash_final
                0x0000000000005290        0xc /home/qc2335/optee/optee_os/out/arm/export-ta_arm64/lib/libutee.a(utee_syscalls_a64.o)
                0x0000000000005290                _utee_hash_final
 .text._utee_cipher_init
                0x000000000000529c        0xc /home/qc2335/optee/optee_os/out/arm/export-ta_arm64/lib/libutee.a(utee_syscalls_a64.o)
                0x000000000000529c                _utee_cipher_init
 .text._utee_cipher_update
                0x00000000000052a8        0xc /home/qc2335/optee/optee_os/out/arm/export-ta_arm64/lib/libutee.a(utee_syscalls_a64.o)
                0x00000000000052a8                _utee_cipher_update
 .text._utee_cipher_final
                0x00000000000052b4        0xc /home/qc2335/optee/optee_os/out/arm/export-ta_arm64/lib/libutee.a(utee_syscalls_a64.o)
                0x00000000000052b4                _utee_cipher_final
 .text._utee_cryp_obj_get_info
                0x00000000000052c0        0xc /home/qc2335/optee/optee_os/out/arm/export-ta_arm64/lib/libutee.a(utee_syscalls_a64.o)
                0x00000000000052c0                _utee_cryp_obj_get_info
 .text._utee_cryp_obj_restrict_usage
                0x00000000000052cc        0xc /home/qc2335/optee/optee_os/out/arm/export-ta_arm64/lib/libutee.a(utee_syscalls_a64.o)
                0x00000000000052cc                _utee_cryp_obj_restrict_usage
 .text._utee_cryp_obj_get_attr
                0x00000000000052d8        0xc /home/qc2335/optee/optee_os/out/arm/export-ta_arm64/lib/libutee.a(utee_syscalls_a64.o)
                0x00000000000052d8                _utee_cryp_obj_get_attr
 .text._utee_cryp_obj_alloc
                0x00000000000052e4        0xc /home/qc2335/optee/optee_os/out/arm/export-ta_arm64/lib/libutee.a(utee_syscalls_a64.o)
                0x00000000000052e4                _utee_cryp_obj_alloc
 .text._utee_cryp_obj_close
                0x00000000000052f0        0xc /home/qc2335/optee/optee_os/out/arm/export-ta_arm64/lib/libutee.a(utee_syscalls_a64.o)
                0x00000000000052f0                _utee_cryp_obj_close
 .text._utee_cryp_obj_reset
                0x00000000000052fc        0xc /home/qc2335/optee/optee_os/out/arm/export-ta_arm64/lib/libutee.a(utee_syscalls_a64.o)
                0x00000000000052fc                _utee_cryp_obj_reset
 .text._utee_cryp_obj_populate
                0x0000000000005308        0xc /home/qc2335/optee/optee_os/out/arm/export-ta_arm64/lib/libutee.a(utee_syscalls_a64.o)
                0x0000000000005308                _utee_cryp_obj_populate
 .text._utee_cryp_obj_copy
                0x0000000000005314        0xc /home/qc2335/optee/optee_os/out/arm/export-ta_arm64/lib/libutee.a(utee_syscalls_a64.o)
                0x0000000000005314                _utee_cryp_obj_copy
 .text._utee_cryp_derive_key
                0x0000000000005320        0xc /home/qc2335/optee/optee_os/out/arm/export-ta_arm64/lib/libutee.a(utee_syscalls_a64.o)
                0x0000000000005320                _utee_cryp_derive_key
 .text._utee_cryp_random_number_generate
                0x000000000000532c        0xc /home/qc2335/optee/optee_os/out/arm/export-ta_arm64/lib/libutee.a(utee_syscalls_a64.o)
                0x000000000000532c                _utee_cryp_random_number_generate
 .text._utee_authenc_init
                0x0000000000005338        0xc /home/qc2335/optee/optee_os/out/arm/export-ta_arm64/lib/libutee.a(utee_syscalls_a64.o)
                0x0000000000005338                _utee_authenc_init
 .text._utee_authenc_update_aad
                0x0000000000005344        0xc /home/qc2335/optee/optee_os/out/arm/export-ta_arm64/lib/libutee.a(utee_syscalls_a64.o)
                0x0000000000005344                _utee_authenc_update_aad
 .text._utee_authenc_update_payload
                0x0000000000005350        0xc /home/qc2335/optee/optee_os/out/arm/export-ta_arm64/lib/libutee.a(utee_syscalls_a64.o)
                0x0000000000005350                _utee_authenc_update_payload
 .text._utee_authenc_enc_final
                0x000000000000535c        0xc /home/qc2335/optee/optee_os/out/arm/export-ta_arm64/lib/libutee.a(utee_syscalls_a64.o)
                0x000000000000535c                _utee_authenc_enc_final
 .text._utee_authenc_dec_final
                0x0000000000005368        0xc /home/qc2335/optee/optee_os/out/arm/export-ta_arm64/lib/libutee.a(utee_syscalls_a64.o)
                0x0000000000005368                _utee_authenc_dec_final
 .text._utee_asymm_operate
                0x0000000000005374        0xc /home/qc2335/optee/optee_os/out/arm/export-ta_arm64/lib/libutee.a(utee_syscalls_a64.o)
                0x0000000000005374                _utee_asymm_operate
 .text._utee_asymm_verify
                0x0000000000005380        0xc /home/qc2335/optee/optee_os/out/arm/export-ta_arm64/lib/libutee.a(utee_syscalls_a64.o)
                0x0000000000005380                _utee_asymm_verify
 .text._utee_storage_obj_open
                0x000000000000538c        0xc /home/qc2335/optee/optee_os/out/arm/export-ta_arm64/lib/libutee.a(utee_syscalls_a64.o)
                0x000000000000538c                _utee_storage_obj_open
 .text._utee_storage_obj_create
                0x0000000000005398        0xc /home/qc2335/optee/optee_os/out/arm/export-ta_arm64/lib/libutee.a(utee_syscalls_a64.o)
                0x0000000000005398                _utee_storage_obj_create
 .text._utee_storage_obj_del
                0x00000000000053a4        0xc /home/qc2335/optee/optee_os/out/arm/export-ta_arm64/lib/libutee.a(utee_syscalls_a64.o)
                0x00000000000053a4                _utee_storage_obj_del
 .text._utee_storage_obj_rename
                0x00000000000053b0        0xc /home/qc2335/optee/optee_os/out/arm/export-ta_arm64/lib/libutee.a(utee_syscalls_a64.o)
                0x00000000000053b0                _utee_storage_obj_rename
 .text._utee_storage_alloc_enum
                0x00000000000053bc        0xc /home/qc2335/optee/optee_os/out/arm/export-ta_arm64/lib/libutee.a(utee_syscalls_a64.o)
                0x00000000000053bc                _utee_storage_alloc_enum
 .text._utee_storage_free_enum
                0x00000000000053c8        0xc /home/qc2335/optee/optee_os/out/arm/export-ta_arm64/lib/libutee.a(utee_syscalls_a64.o)
                0x00000000000053c8                _utee_storage_free_enum
 .text._utee_storage_reset_enum
                0x00000000000053d4        0xc /home/qc2335/optee/optee_os/out/arm/export-ta_arm64/lib/libutee.a(utee_syscalls_a64.o)
                0x00000000000053d4                _utee_storage_reset_enum
 .text._utee_storage_start_enum
                0x00000000000053e0        0xc /home/qc2335/optee/optee_os/out/arm/export-ta_arm64/lib/libutee.a(utee_syscalls_a64.o)
                0x00000000000053e0                _utee_storage_start_enum
 .text._utee_storage_next_enum
                0x00000000000053ec        0xc /home/qc2335/optee/optee_os/out/arm/export-ta_arm64/lib/libutee.a(utee_syscalls_a64.o)
                0x00000000000053ec                _utee_storage_next_enum
 .text._utee_storage_obj_read
                0x00000000000053f8        0xc /home/qc2335/optee/optee_os/out/arm/export-ta_arm64/lib/libutee.a(utee_syscalls_a64.o)
                0x00000000000053f8                _utee_storage_obj_read
 .text._utee_storage_obj_write
                0x0000000000005404        0xc /home/qc2335/optee/optee_os/out/arm/export-ta_arm64/lib/libutee.a(utee_syscalls_a64.o)
                0x0000000000005404                _utee_storage_obj_write
 .text._utee_storage_obj_trunc
                0x0000000000005410        0xc /home/qc2335/optee/optee_os/out/arm/export-ta_arm64/lib/libutee.a(utee_syscalls_a64.o)
                0x0000000000005410                _utee_storage_obj_trunc
 .text._utee_storage_obj_seek
                0x000000000000541c        0xc /home/qc2335/optee/optee_os/out/arm/export-ta_arm64/lib/libutee.a(utee_syscalls_a64.o)
                0x000000000000541c                _utee_storage_obj_seek
 .text._utee_cryp_obj_generate_key
                0x0000000000005428        0xc /home/qc2335/optee/optee_os/out/arm/export-ta_arm64/lib/libutee.a(utee_syscalls_a64.o)
                0x0000000000005428                _utee_cryp_obj_generate_key
 .text._utee_cache_operation
                0x0000000000005434        0xc /home/qc2335/optee/optee_os/out/arm/export-ta_arm64/lib/libutee.a(utee_syscalls_a64.o)
                0x0000000000005434                _utee_cache_operation
 .text.unlikely
                0x0000000000005440       0x20 /home/qc2335/optee/optee_os/out/arm/export-ta_arm64/lib/libutee.a(abort.o)
                0x0000000000005440                abort
 .text          0x0000000000005460     0x2168 /home/qc2335/optee/optee_os/out/arm/export-ta_arm64/lib/libutee.a(tee_api_arith_mpi.o)
                0x0000000000005cc4                _TEE_MathAPI_Init
                0x0000000000005d14                TEE_BigIntInit
                0x0000000000005d74                __GP11_TEE_BigIntInit
                0x0000000000005d7c                TEE_BigIntConvertFromOctetString
                0x0000000000005e44                __GP11_TEE_BigIntConvertFromOctetString
                0x0000000000005e4c                TEE_BigIntConvertToOctetString
                0x0000000000005f14                __GP11_TEE_BigIntConvertToOctetString
                0x0000000000005f78                TEE_BigIntConvertFromS32
                0x000000000000602c                TEE_BigIntConvertToS32
                0x00000000000060e4                TEE_BigIntCmp
                0x000000000000617c                TEE_BigIntCmpS32
                0x00000000000063cc                TEE_BigIntShiftRight
                0x000000000000656c                __GP11_TEE_BigIntShiftRight
                0x0000000000006574                TEE_BigIntGetBit
                0x00000000000065f8                TEE_BigIntGetBitCount
                0x0000000000006670                TEE_BigIntSetBit
                0x0000000000006720                TEE_BigIntAssign
                0x0000000000006770                TEE_BigIntAbs
                0x000000000000679c                TEE_BigIntAdd
                0x00000000000067a8                TEE_BigIntSub
                0x00000000000067b4                TEE_BigIntNeg
                0x0000000000006898                TEE_BigIntMul
                0x00000000000069ac                TEE_BigIntSquare
                0x00000000000069b4                TEE_BigIntDiv
                0x0000000000006b68                TEE_BigIntMod
                0x0000000000006bd4                TEE_BigIntAddMod
                0x0000000000006be0                TEE_BigIntSubMod
                0x0000000000006bec                TEE_BigIntMulMod
                0x0000000000006bf8                TEE_BigIntSquareMod
                0x0000000000006c04                TEE_BigIntInvMod
                0x0000000000006d54                TEE_BigIntRelativePrime
                0x0000000000006e5c                TEE_BigIntExpMod
                0x0000000000007034                TEE_BigIntComputeExtendedGcd
                0x00000000000072a4                TEE_BigIntIsProbablePrime
                0x000000000000733c                TEE_BigIntInitFMM
                0x0000000000007340                __GP11_TEE_BigIntInitFMM
                0x0000000000007348                TEE_BigIntInitFMMContext
                0x000000000000734c                __GP11_TEE_BigIntInitFMMContext
                0x0000000000007354                TEE_BigIntInitFMMContext1
                0x000000000000735c                TEE_BigIntFMMSizeInU32
                0x000000000000736c                __GP11_TEE_BigIntFMMSizeInU32
                0x0000000000007384                TEE_BigIntFMMContextSizeInU32
                0x000000000000738c                __GP11_TEE_BigIntFMMContextSizeInU32
                0x00000000000073a4                TEE_BigIntConvertToFMM
                0x00000000000073a8                TEE_BigIntConvertFromFMM
                0x000000000000747c                TEE_BigIntComputeFMM
 .text          0x00000000000075c8      0xfd0 /home/qc2335/optee/optee_os/out/arm/export-ta_arm64/lib/libutee.a(tee_api_property.o)
                0x0000000000007998                TEE_GetPropertyAsString
                0x0000000000007bfc                __GP11_TEE_GetPropertyAsString
                0x0000000000007c98                TEE_GetPropertyAsBool
                0x0000000000007d70                TEE_GetPropertyAsU32
                0x0000000000007e58                TEE_GetPropertyAsU64
                0x0000000000007f40                __GP11_TEE_GetPropertyAsBinaryBlock
                0x0000000000008028                TEE_GetPropertyAsBinaryBlock
                0x00000000000080c4                TEE_GetPropertyAsUUID
                0x00000000000081ac                TEE_GetPropertyAsIdentity
                0x0000000000008294                TEE_ResetPropertyEnumerator
                0x00000000000082a0                TEE_AllocatePropertyEnumerator
                0x00000000000082e8                TEE_FreePropertyEnumerator
                0x00000000000082ec                TEE_StartPropertyEnumerator
                0x00000000000082fc                __GP11_TEE_GetPropertyName
                0x000000000000842c                TEE_GetPropertyName
                0x00000000000084b8                TEE_GetNextProperty
 .text          0x0000000000008598      0x34c /home/qc2335/optee/optee_os/out/arm/export-ta_arm64/lib/libutee.a(tcb.o)
                0x0000000000008598                __utee_tcb_init
                0x00000000000087d8                __tls_get_addr
                0x00000000000087f4                dl_iterate_phdr
 .text          0x00000000000088e4       0x58 /home/qc2335/optee/optee_os/out/arm/export-ta_arm64/lib/libutee.a(assert.o)
                0x00000000000088e4                _assert_log
                0x0000000000008928                _assert_break
 .text          0x000000000000893c      0x250 /home/qc2335/optee/optee_os/out/arm/export-ta_arm64/lib/libutee.a(base64.o)
                0x000000000000893c                _base64_enc_len
                0x0000000000008954                _base64_enc
                0x0000000000008a68                _base64_dec
 .text          0x0000000000008b8c     0x369c /home/qc2335/optee/optee_os/out/arm/export-ta_arm64/lib/libmbedtls.a(bignum.o)
                0x0000000000008cec                mbedtls_mpi_init
                0x0000000000008d00                mbedtls_mpi_init_mempool
                0x0000000000008d28                mbedtls_mpi_free
                0x0000000000008d94                mbedtls_mpi_grow
                0x0000000000008ee8                mbedtls_mpi_shrink
                0x0000000000009000                mbedtls_mpi_copy
                0x00000000000090cc                mbedtls_mpi_swap
                0x0000000000009158                mbedtls_mpi_lset
                0x00000000000091c0                mbedtls_mpi_get_bit
                0x00000000000091ec                mbedtls_mpi_set_bit
                0x0000000000009278                mbedtls_mpi_lsb
                0x00000000000092cc                mbedtls_mpi_bitlen
                0x00000000000092d4                mbedtls_mpi_size
                0x00000000000092f0                mbedtls_mpi_read_binary_le
                0x000000000000934c                mbedtls_mpi_read_binary
                0x00000000000093a8                mbedtls_mpi_write_binary_le
                0x00000000000093b8                mbedtls_mpi_write_binary
                0x00000000000093c8                mbedtls_mpi_shift_l
                0x00000000000094d8                mbedtls_mpi_shift_r
                0x0000000000009508                mbedtls_mpi_cmp_abs
                0x00000000000095a4                mbedtls_mpi_cmp_mpi
                0x0000000000009674                mbedtls_mpi_cmp_int
                0x00000000000096ec                mbedtls_mpi_add_abs
                0x00000000000097e4                mbedtls_mpi_sub_abs
                0x000000000000999c                mbedtls_mpi_add_mpi
                0x00000000000099a4                mbedtls_mpi_sub_mpi
                0x00000000000099ac                mbedtls_mpi_add_int
                0x0000000000009a24                mbedtls_mpi_sub_int
                0x0000000000009a9c                mbedtls_mpi_mul_mpi
                0x0000000000009c58                mbedtls_mpi_mul_int
                0x0000000000009d0c                mbedtls_mpi_read_string
                0x0000000000009f18                mbedtls_mpi_div_mpi
                0x000000000000a438                mbedtls_mpi_div_int
                0x000000000000a4b0                mbedtls_mpi_mod_mpi
                0x000000000000a564                mbedtls_mpi_mod_int
                0x000000000000a600                mbedtls_mpi_write_string
                0x000000000000a938                mbedtls_mpi_montg_init
                0x000000000000a960                mbedtls_mpi_montmul
                0x000000000000a96c                mbedtls_mpi_montred
                0x000000000000a970                mbedtls_mpi_exp_mod
                0x000000000000b008                mbedtls_mpi_gcd
                0x000000000000b1e0                mbedtls_mpi_fill_random
                0x000000000000b4ec                mbedtls_mpi_random
                0x000000000000b580                mbedtls_mpi_inv_mod
                0x000000000000b9d8                mbedtls_mpi_is_prime_ext
                0x000000000000babc                mbedtls_mpi_gen_prime
                0x000000000000be08                mbedtls_mpi_self_test
 .text          0x000000000000c228      0xe70 /home/qc2335/optee/optee_os/out/arm/export-ta_arm64/lib/libmbedtls.a(bignum_core.o)
                0x000000000000c228                mbedtls_mpi_core_clz
                0x000000000000c250                mbedtls_mpi_core_bitlen
                0x000000000000c2a4                mbedtls_mpi_core_bigendian_to_host
                0x000000000000c2d8                mbedtls_mpi_core_uint_le_mpi
                0x000000000000c33c                mbedtls_mpi_core_cond_assign
                0x000000000000c360                mbedtls_mpi_core_cond_swap
                0x000000000000c3dc                mbedtls_mpi_core_read_le
                0x000000000000c468                mbedtls_mpi_core_read_be
                0x000000000000c4f8                mbedtls_mpi_core_write_le
                0x000000000000c5a4                mbedtls_mpi_core_write_be
                0x000000000000c65c                mbedtls_mpi_core_shift_r
                0x000000000000c738                mbedtls_mpi_core_add
                0x000000000000c774                mbedtls_mpi_core_add_if
                0x000000000000c7e4                mbedtls_mpi_core_sub
                0x000000000000c828                mbedtls_mpi_core_mla
                0x000000000000c9f4                mbedtls_mpi_core_montmul_init
                0x000000000000ca28                mbedtls_mpi_core_montmul
                0x000000000000cb20                mbedtls_mpi_core_get_mont_r2_unsafe
                0x000000000000cb88                mbedtls_mpi_core_fill_random
                0x000000000000cc38                mbedtls_mpi_core_random
                0x000000000000cd30                mbedtls_mpi_core_exp_mod_working_limbs
                0x000000000000cd58                mbedtls_mpi_core_exp_mod
                0x000000000000cfb8                mbedtls_mpi_core_sub_int
                0x000000000000cfe8                mbedtls_mpi_core_check_zero_ct
                0x000000000000d010                mbedtls_mpi_core_to_mont_rep
                0x000000000000d02c                mbedtls_mpi_core_from_mont_rep
 .text          0x000000000000d098      0x774 /home/qc2335/optee/optee_os/out/arm/export-ta_arm64/lib/libmbedtls.a(constant_time.o)
                0x000000000000d0b8                mbedtls_ct_memcmp
                0x000000000000d0ec                mbedtls_ct_uint_mask
                0x000000000000d0fc                mbedtls_ct_mpi_uint_mask
                0x000000000000d10c                mbedtls_ct_size_bool_eq
                0x000000000000d124                mbedtls_ct_mpi_uint_lt
                0x000000000000d140                mbedtls_ct_uint_if
                0x000000000000d170                mbedtls_ct_mpi_uint_cond_assign
                0x000000000000d1ac                mbedtls_ct_base64_enc_char
                0x000000000000d260                mbedtls_ct_base64_dec_value
                0x000000000000d31c                mbedtls_mpi_safe_cond_assign
                0x000000000000d3d8                mbedtls_mpi_safe_cond_swap
                0x000000000000d490                mbedtls_mpi_core_lt_ct
                0x000000000000d510                mbedtls_mpi_lt_mpi_ct
                0x000000000000d608                mbedtls_ct_rsaes_pkcs1_v15_unpadding
 .text          0x000000000000d80c      0x21c /home/qc2335/optee/optee_os/out/arm/export-ta_arm64/lib/libmbedtls.a(platform_util.o)
                0x000000000000d80c                mbedtls_get_unaligned_uint16
                0x000000000000d860                mbedtls_put_unaligned_uint16
                0x000000000000d878                mbedtls_get_unaligned_uint32
                0x000000000000d8d4                mbedtls_put_unaligned_uint32
                0x000000000000d8f4                mbedtls_get_unaligned_uint64
                0x000000000000d950                mbedtls_put_unaligned_uint64
                0x000000000000d970                mbedtls_xor
                0x000000000000da08                mbedtls_platform_zeroize
 .text          0x000000000000da28     0x1288 /home/qc2335/optee/optee_os/out/arm/export-ta_arm64/lib/libutils.a(bget_malloc.o)
                0x000000000000dabc                bget
                0x000000000000dd9c                bgetz
                0x000000000000de24                brel
                0x000000000000e0e8                bgetr
                0x000000000000e1b8                bpool
                0x000000000000e288                bstats
                0x000000000000e3a4                bget_main_test
                0x000000000000e678                malloc_reset_stats
                0x000000000000e690                raw_memalign
                0x000000000000e714                raw_malloc
                0x000000000000e724                raw_free
                0x000000000000e734                raw_calloc
                0x000000000000e7a4                raw_realloc
                0x000000000000e898                malloc
                0x000000000000e8b4                calloc
                0x000000000000e8d4                realloc
                0x000000000000e8f0                memalign
                0x000000000000e910                aligned_alloc
                0x000000000000e928                free
                0x000000000000e93c                free_wipe
                0x000000000000e950                raw_malloc_get_ctx_size
                0x000000000000e958                raw_malloc_init_ctx
                0x000000000000e974                raw_malloc_add_pool
                0x000000000000ea48                raw_malloc_buffer_overlaps_heap
                0x000000000000eac8                raw_malloc_buffer_is_within_alloced
                0x000000000000ec18                raw_malloc_get_stats
                0x000000000000ec54                malloc_get_stats
                0x000000000000ec68                malloc_add_pool
                0x000000000000ec80                malloc_buffer_is_within_alloced
                0x000000000000ec98                malloc_buffer_overlaps_heap
 .text          0x000000000000ecb0      0x12c /home/qc2335/optee/optee_os/out/arm/export-ta_arm64/lib/libutils.a(snprintf.o)
                0x000000000000ecb0                snprintf
                0x000000000000ed84                vsnprintf
 .text          0x000000000000eddc       0x5c /home/qc2335/optee/optee_os/out/arm/export-ta_arm64/lib/libutils.a(memmove.o)
                0x000000000000eddc                memmove
 .text          0x000000000000ee38       0x1c /home/qc2335/optee/optee_os/out/arm/export-ta_arm64/lib/libutils.a(memset.o)
                0x000000000000ee38                memset
 .text          0x000000000000ee54       0x24 /home/qc2335/optee/optee_os/out/arm/export-ta_arm64/lib/libutils.a(strcmp.o)
                0x000000000000ee54                strcmp
 .text          0x000000000000ee78       0x38 /home/qc2335/optee/optee_os/out/arm/export-ta_arm64/lib/libutils.a(strlcpy.o)
                0x000000000000ee78                strlcpy
 .text          0x000000000000eeb0      0x198 /home/qc2335/optee/optee_os/out/arm/export-ta_arm64/lib/libutils.a(mempool.o)
                0x000000000000eeb0                mempool_alloc_pool
                0x000000000000ef78                mempool_alloc
                0x000000000000efdc                mempool_calloc
                0x000000000000f02c                mempool_free
 .text          0x000000000000f048       0x70 /home/qc2335/optee/optee_os/out/arm/export-ta_arm64/lib/libutils.a(consttime_memcmp.o)
                0x000000000000f048                consttime_memcmp
 .text          0x000000000000f0b8     0x44dc /home/qc2335/optee/optee_os/out/arm/export-ta_arm64/lib/libutee.a(tee_api_operations.o)
                0x000000000000f7ec                TEE_FreeOperation
                0x000000000000f82c                TEE_AllocateOperation
                0x000000000001047c                __GP11_TEE_FreeOperation
                0x00000000000104a8                TEE_GetOperationInfo
                0x00000000000104fc                TEE_GetOperationInfoMultiple
                0x00000000000106ac                __GP11_TEE_GetOperationInfoMultiple
                0x0000000000010738                TEE_ResetOperation
                0x0000000000010774                TEE_SetOperationKey
                0x00000000000108c0                __GP11_TEE_SetOperationKey
                0x00000000000108fc                TEE_SetOperationKey2
                0x000000000001091c                __GP11_TEE_SetOperationKey2
                0x0000000000010968                TEE_CopyOperation
                0x0000000000010ac4                TEE_DigestUpdate
                0x0000000000010b34                __GP11_TEE_DigestUpdate
                0x0000000000010b3c                TEE_DigestDoFinal
                0x0000000000010ca8                __GP11_TEE_DigestDoFinal
                0x0000000000010d4c                TEE_DigestExtract
                0x0000000000010ef0                TEE_CipherInit
                0x0000000000010fd0                __GP11_TEE_CipherInit
                0x0000000000010fd8                TEE_CipherUpdate
                0x000000000001116c                __GP11_TEE_CipherUpdate
                0x0000000000011210                TEE_CipherDoFinal
                0x0000000000011428                __GP11_TEE_CipherDoFinal
                0x00000000000114d8                TEE_MACInit
                0x000000000001157c                __GP11_TEE_MACInit
                0x0000000000011584                TEE_MACUpdate
                0x0000000000011624                __GP11_TEE_MACUpdate
                0x000000000001162c                TEE_MACComputeFinal
                0x000000000001173c                __GP11_TEE_MACComputeFinal
                0x00000000000117e0                TEE_MACCompareFinal
                0x00000000000118e4                __GP11_TEE_MACCompareFinal
                0x00000000000118f0                TEE_AEInit
                0x00000000000119b4                __GP11_TEE_AEInit
                0x00000000000119c4                TEE_AEUpdateAAD
                0x0000000000011a60                __GP11_TEE_AEUpdateAAD
                0x0000000000011af4                TEE_AEUpdate
                0x0000000000011bc0                __GP11_TEE_AEUpdate
                0x0000000000011cc0                TEE_AEEncryptFinal
                0x0000000000011ec0                __GP11_TEE_AEEncryptFinal
                0x0000000000011f98                TEE_AEDecryptFinal
                0x000000000001216c                __GP11_TEE_AEDecryptFinal
                0x0000000000012228                TEE_AsymmetricEncrypt
                0x00000000000123b4                __GP11_TEE_AsymmetricEncrypt
                0x0000000000012528                TEE_AsymmetricDecrypt
                0x00000000000126b8                __GP11_TEE_AsymmetricDecrypt
                0x0000000000012830                TEE_AsymmetricSignDigest
                0x000000000001299c                __GP11_TEE_AsymmetricSignDigest
                0x0000000000012b08                TEE_AsymmetricVerifyDigest
                0x0000000000012c60                __GP11_TEE_AsymmetricVerifyDigest
                0x0000000000012db8                TEE_DeriveKey
                0x0000000000012f30                __GP11_TEE_DeriveKey
                0x00000000000130a8                TEE_GenerateRandom
                0x00000000000130c8                __GP11_TEE_GenerateRandom
                0x00000000000130d0                rand
                0x000000000001312c                TEE_IsAlgorithmSupported
 .text          0x0000000000013594        0x0 /home/qc2335/optee/optee_os/out/arm/export-ta_arm64/lib/libutee.a(utee_syscalls_a64.o)
 .text          0x0000000000013594        0x0 /home/qc2335/optee/optee_os/out/arm/export-ta_arm64/lib/libutee.a(abort.o)
 *(SORT_BY_ALIGNMENT(.stub))
 *(SORT_BY_ALIGNMENT(.glue_7))
 *(SORT_BY_ALIGNMENT(.glue_7t))
 *(SORT_BY_ALIGNMENT(.gnu.linkonce.t.*))
 *(SORT_BY_ALIGNMENT(.vfp11_veneer))
                0x0000000000013594                __text_end = .

.note.gnu.property
 *(SORT_BY_ALIGNMENT(.note.gnu.property))

.plt            0x0000000000013594        0x0
 *(SORT_BY_ALIGNMENT(.plt))
 .plt           0x0000000000013594        0x0 ./my_test_ta.o

.eh_frame_hdr
 *(SORT_BY_ALIGNMENT(.eh_frame_hdr))
 *(SORT_BY_ALIGNMENT(.eh_frame_entry) SORT_BY_ALIGNMENT(.eh_frame_entry.*))

.eh_frame       0x0000000000013598     0x40f4
 *(SORT_BY_ALIGNMENT(.eh_frame))
 .eh_frame      0x0000000000013598       0xc8 ./my_test_ta.o
 .eh_frame      0x0000000000013660       0x58 ./user_ta_header.o
                                         0x68 (size before relaxing)
 .eh_frame      0x00000000000136b8       0x18 /home/qc2335/optee/optee_os/out/arm/export-ta_arm64/lib/libutils.a(stack_check.o)
                                         0x30 (size before relaxing)
 .eh_frame      0x00000000000136d0       0xb8 /home/qc2335/optee/optee_os/out/arm/export-ta_arm64/lib/libutils.a(trace.o)
                                         0xc8 (size before relaxing)
 .eh_frame      0x0000000000013788       0x18 /home/qc2335/optee/optee_os/out/arm/export-ta_arm64/lib/libutils.a(memcpy.o)
                                         0x28 (size before relaxing)
 .eh_frame      0x00000000000137a0       0xf0 /home/qc2335/optee/optee_os/out/arm/export-ta_arm64/lib/libutils.a(snprintk.o)
                                        0x100 (size before relaxing)
 .eh_frame      0x0000000000013890       0x18 /home/qc2335/optee/optee_os/out/arm/export-ta_arm64/lib/libutils.a(memchr.o)
                                         0x28 (size before relaxing)
 .eh_frame      0x00000000000138a8       0x18 /home/qc2335/optee/optee_os/out/arm/export-ta_arm64/lib/libutils.a(strlen.o)
                                         0x28 (size before relaxing)
 .eh_frame      0x00000000000138c0       0xa8 /home/qc2335/optee/optee_os/out/arm/export-ta_arm64/lib/libutee.a(trace_ext.o)
                                         0xc0 (size before relaxing)
 .eh_frame      0x0000000000013968      0x590 /home/qc2335/optee/optee_os/out/arm/export-ta_arm64/lib/libutee.a(tee_api.o)
                                        0x5a8 (size before relaxing)
 .eh_frame      0x0000000000013ef8      0x758 /home/qc2335/optee/optee_os/out/arm/export-ta_arm64/lib/libutee.a(tee_api_objects.o)
                                        0x768 (size before relaxing)
 .eh_frame      0x0000000000014650      0x178 /home/qc2335/optee/optee_os/out/arm/export-ta_arm64/lib/libutee.a(tee_api_panic.o)
                                        0x188 (size before relaxing)
 .eh_frame      0x00000000000147c8       0xa8 /home/qc2335/optee/optee_os/out/arm/export-ta_arm64/lib/libutee.a(tee_system_pta.o)
                                         0xc0 (size before relaxing)
 .eh_frame      0x0000000000014870      0x150 /home/qc2335/optee/optee_os/out/arm/export-ta_arm64/lib/libutee.a(user_ta_entry.o)
                                        0x160 (size before relaxing)
 .eh_frame      0x00000000000149c0       0x80 /home/qc2335/optee/optee_os/out/arm/export-ta_arm64/lib/libutee.a(user_ta_entry_compat.o)
                                         0x98 (size before relaxing)
 .eh_frame      0x0000000000014a40       0x18 /home/qc2335/optee/optee_os/out/arm/export-ta_arm64/lib/libutee.a(abort.o)
                                         0x30 (size before relaxing)
 .eh_frame      0x0000000000014a58      0x7d0 /home/qc2335/optee/optee_os/out/arm/export-ta_arm64/lib/libutee.a(tee_api_arith_mpi.o)
                                        0x7e0 (size before relaxing)
 .eh_frame      0x0000000000015228      0x310 /home/qc2335/optee/optee_os/out/arm/export-ta_arm64/lib/libutee.a(tee_api_property.o)
                                        0x320 (size before relaxing)
 .eh_frame      0x0000000000015538       0x90 /home/qc2335/optee/optee_os/out/arm/export-ta_arm64/lib/libutee.a(tcb.o)
                                         0xa0 (size before relaxing)
 .eh_frame      0x00000000000155c8       0x38 /home/qc2335/optee/optee_os/out/arm/export-ta_arm64/lib/libutee.a(assert.o)
                                         0x50 (size before relaxing)
 .eh_frame      0x0000000000015600       0x58 /home/qc2335/optee/optee_os/out/arm/export-ta_arm64/lib/libutee.a(base64.o)
                                         0x70 (size before relaxing)
 .eh_frame      0x0000000000015658      0x910 /home/qc2335/optee/optee_os/out/arm/export-ta_arm64/lib/libmbedtls.a(bignum.o)
                                        0x920 (size before relaxing)
 .eh_frame      0x0000000000015f68      0x3c8 /home/qc2335/optee/optee_os/out/arm/export-ta_arm64/lib/libmbedtls.a(bignum_core.o)
                                        0x3e0 (size before relaxing)
 .eh_frame      0x0000000000016330      0x218 /home/qc2335/optee/optee_os/out/arm/export-ta_arm64/lib/libmbedtls.a(constant_time.o)
                                        0x228 (size before relaxing)
 .eh_frame      0x0000000000016548      0x110 /home/qc2335/optee/optee_os/out/arm/export-ta_arm64/lib/libmbedtls.a(platform_util.o)
                                        0x128 (size before relaxing)
 .eh_frame      0x0000000000016658      0x3f0 /home/qc2335/optee/optee_os/out/arm/export-ta_arm64/lib/libutils.a(bget_malloc.o)
                                        0x400 (size before relaxing)
 .eh_frame      0x0000000000016a48       0x58 /home/qc2335/optee/optee_os/out/arm/export-ta_arm64/lib/libutils.a(snprintf.o)
                                         0x68 (size before relaxing)
 .eh_frame      0x0000000000016aa0       0x18 /home/qc2335/optee/optee_os/out/arm/export-ta_arm64/lib/libutils.a(memmove.o)
                                         0x28 (size before relaxing)
 .eh_frame      0x0000000000016ab8       0x18 /home/qc2335/optee/optee_os/out/arm/export-ta_arm64/lib/libutils.a(memset.o)
                                         0x28 (size before relaxing)
 .eh_frame      0x0000000000016ad0       0x18 /home/qc2335/optee/optee_os/out/arm/export-ta_arm64/lib/libutils.a(strcmp.o)
                                         0x28 (size before relaxing)
 .eh_frame      0x0000000000016ae8       0x18 /home/qc2335/optee/optee_os/out/arm/export-ta_arm64/lib/libutils.a(strlcpy.o)
                                         0x28 (size before relaxing)
 .eh_frame      0x0000000000016b00       0x88 /home/qc2335/optee/optee_os/out/arm/export-ta_arm64/lib/libutils.a(mempool.o)
                                         0xa0 (size before relaxing)
 .eh_frame      0x0000000000016b88       0x20 /home/qc2335/optee/optee_os/out/arm/export-ta_arm64/lib/libutils.a(consttime_memcmp.o)
                                         0x30 (size before relaxing)
 .eh_frame      0x0000000000016ba8      0xae4 /home/qc2335/optee/optee_os/out/arm/export-ta_arm64/lib/libutee.a(tee_api_operations.o)
                                        0xaf8 (size before relaxing)
 *(SORT_BY_ALIGNMENT(.eh_frame.*))

.gcc_except_table
 *(SORT_BY_ALIGNMENT(.gcc_except_table) SORT_BY_ALIGNMENT(.gcc_except_table.*))

.rodata         0x0000000000017690     0x1591
 *(SORT_BY_ALIGNMENT(.gnu.linkonce.r.*))
 *(SORT_BY_ALIGNMENT(.rodata) SORT_BY_ALIGNMENT(.rodata.*))
 .rodata.user_ta_header.c
                0x0000000000017690       0x33 ./user_ta_header.o
                0x0000000000017690                ta_num_props
                0x00000000000176b0                __ta_no_share_heap_size
                0x00000000000176b8                ta_heap_size
                0x00000000000176c0                trace_ext_prefix
 *fill*         0x00000000000176c3        0x5 
 .rodata.lib/libutee/tee_api.c
                0x00000000000176c8       0x20 /home/qc2335/optee/optee_os/out/arm/export-ta_arm64/lib/libutee.a(tee_api.o)
 .rodata.lib/libutils/ext/snprintk.c
                0x00000000000176e8       0xac /home/qc2335/optee/optee_os/out/arm/export-ta_arm64/lib/libutils.a(snprintk.o)
 .rodata.lib/libutee/tee_system_pta.c
                0x0000000000017794       0x31 /home/qc2335/optee/optee_os/out/arm/export-ta_arm64/lib/libutee.a(tee_system_pta.o)
 *fill*         0x00000000000177c5        0x3 
 .rodata.lib/libutee/tee_api_property.c
                0x00000000000177c8       0x20 /home/qc2335/optee/optee_os/out/arm/export-ta_arm64/lib/libutee.a(tee_api_property.o)
 .rodata.lib/libutee/base64.c
                0x00000000000177e8       0x45 /home/qc2335/optee/optee_os/out/arm/export-ta_arm64/lib/libutee.a(base64.o)
 *fill*         0x000000000001782d        0x3 
 .rodata.lib/libmbedtls/mbedtls/library/bignum.c
                0x0000000000017830      0x2c4 /home/qc2335/optee/optee_os/out/arm/export-ta_arm64/lib/libmbedtls.a(bignum.o)
 .rodata.lib/libutee/tee_api_operations.c
                0x0000000000017af4       0x20 /home/qc2335/optee/optee_os/out/arm/export-ta_arm64/lib/libutee.a(tee_api_operations.o)
 .rodata.str1.1.my_test_ta.c
                0x0000000000017b14      0x140 ./my_test_ta.o
 .rodata.my_test_ta.c
                0x0000000000017c54       0x77 ./my_test_ta.o
 .rodata.str1.1.user_ta_header.c
                0x0000000000017ccb      0x153 ./user_ta_header.o
 .rodata.str1.1.lib/libutils/isoc/stack_check.c
                0x0000000000017e1e       0x18 /home/qc2335/optee/optee_os/out/arm/export-ta_arm64/lib/libutils.a(stack_check.o)
 .rodata.str1.1.lib/libutils/ext/trace.c
                0x0000000000017e36       0x1a /home/qc2335/optee/optee_os/out/arm/export-ta_arm64/lib/libutils.a(trace.o)
                                         0x1b (size before relaxing)
 .rodata.lib/libutils/ext/trace.c
                0x0000000000017e50        0x5 /home/qc2335/optee/optee_os/out/arm/export-ta_arm64/lib/libutils.a(trace.o)
 .rodata.str1.1.lib/libutils/ext/snprintk.c
                0x0000000000017e55       0x38 /home/qc2335/optee/optee_os/out/arm/export-ta_arm64/lib/libutils.a(snprintk.o)
 .rodata.str1.1.lib/libutee/trace_ext.c
                0x0000000000017e8d       0x38 /home/qc2335/optee/optee_os/out/arm/export-ta_arm64/lib/libutee.a(trace_ext.o)
                                          0x2 (size before relaxing)
 .rodata.str1.1.lib/libutee/tee_api.c
                0x0000000000017e8d       0x11 /home/qc2335/optee/optee_os/out/arm/export-ta_arm64/lib/libutee.a(tee_api.o)
 .rodata.str1.1.lib/libutee/tee_system_pta.c
                0x0000000000017e9e       0x55 /home/qc2335/optee/optee_os/out/arm/export-ta_arm64/lib/libutee.a(tee_system_pta.o)
 .rodata.str1.1.lib/libutee/user_ta_entry.c
                0x0000000000017ef3       0x4f /home/qc2335/optee/optee_os/out/arm/export-ta_arm64/lib/libutee.a(user_ta_entry.o)
 .rodata.lib/libutee/user_ta_entry.c
                0x0000000000017f42       0x16 /home/qc2335/optee/optee_os/out/arm/export-ta_arm64/lib/libutee.a(user_ta_entry.o)
 .rodata.str1.1.lib/libutee/abort.c
                0x0000000000017f58        0x7 /home/qc2335/optee/optee_os/out/arm/export-ta_arm64/lib/libutee.a(abort.o)
 .rodata.str1.1.lib/libutee/tee_api_arith_mpi.c
                0x0000000000017f5f       0xc9 /home/qc2335/optee/optee_os/out/arm/export-ta_arm64/lib/libutee.a(tee_api_arith_mpi.o)
 .rodata.lib/libutee/tee_api_arith_mpi.c
                0x0000000000018028      0x14e /home/qc2335/optee/optee_os/out/arm/export-ta_arm64/lib/libutee.a(tee_api_arith_mpi.o)
 .rodata.str1.1.lib/libutee/tee_api_property.c
                0x0000000000018176       0x80 /home/qc2335/optee/optee_os/out/arm/export-ta_arm64/lib/libutee.a(tee_api_property.o)
                                         0x88 (size before relaxing)
 .rodata.str1.1.lib/libutee/tcb.c
                0x00000000000181f6       0x8d /home/qc2335/optee/optee_os/out/arm/export-ta_arm64/lib/libutee.a(tcb.o)
 .rodata.lib/libutee/tcb.c
                0x0000000000018283       0x20 /home/qc2335/optee/optee_os/out/arm/export-ta_arm64/lib/libutee.a(tcb.o)
 .rodata.str1.1.lib/libutee/assert.c
                0x00000000000182a3       0x27 /home/qc2335/optee/optee_os/out/arm/export-ta_arm64/lib/libutee.a(assert.o)
 .rodata.str1.1.lib/libmbedtls/mbedtls/library/bignum.c
                0x00000000000182ca      0x456 /home/qc2335/optee/optee_os/out/arm/export-ta_arm64/lib/libmbedtls.a(bignum.o)
                                        0x45d (size before relaxing)
 .rodata.str1.1.lib/libutils/isoc/bget_malloc.c
                0x0000000000018720      0x3a9 /home/qc2335/optee/optee_os/out/arm/export-ta_arm64/lib/libutils.a(bget_malloc.o)
                                        0x3b2 (size before relaxing)
 .rodata.lib/libutils/isoc/bget_malloc.c
                0x0000000000018ac9       0x6a /home/qc2335/optee/optee_os/out/arm/export-ta_arm64/lib/libutils.a(bget_malloc.o)
 .rodata.str1.1.lib/libutils/ext/mempool.c
                0x0000000000018b33       0x89 /home/qc2335/optee/optee_os/out/arm/export-ta_arm64/lib/libutils.a(mempool.o)
 .rodata.lib/libutils/ext/mempool.c
                0x0000000000018bbc       0x2c /home/qc2335/optee/optee_os/out/arm/export-ta_arm64/lib/libutils.a(mempool.o)
 .rodata.str1.1.lib/libutee/tee_api_operations.c
                0x0000000000018be8       0x39 /home/qc2335/optee/optee_os/out/arm/export-ta_arm64/lib/libutee.a(tee_api_operations.o)

.gnu.version_d  0x0000000000018c28        0x0
 .gnu.version_d
                0x0000000000018c28        0x0 ./my_test_ta.o

.gnu.version    0x0000000000018c22        0x0
 .gnu.version   0x0000000000018c22        0x0 ./my_test_ta.o

.gnu.version_r  0x0000000000018c28        0x0
 .gnu.version_r
                0x0000000000018c28        0x0 ./my_test_ta.o

.gnu.hash       0x0000000000018c28       0x34
 .gnu.hash      0x0000000000018c28       0x34 ./my_test_ta.o

.ta_head        0x0000000000018c60       0x20
 .ta_head       0x0000000000018c60       0x20 ./user_ta_header.o
                0x0000000000018c60                ta_head

.ARM.extab
 *(SORT_BY_ALIGNMENT(.ARM.extab*) SORT_BY_ALIGNMENT(.gnu.linkonce.armextab.*))
                [!provide]                        PROVIDE (__exidx_start = .)

.ARM.exidx
 *(SORT_BY_ALIGNMENT(.ARM.exidx*) SORT_BY_ALIGNMENT(.gnu.linkonce.armexidx.*))
                [!provide]                        PROVIDE (__exidx_end = .)

.ctors
 *(SORT_BY_ALIGNMENT(.ctors))

.dtors
 *(SORT_BY_ALIGNMENT(.dtors))

.dynsym         0x0000000000018c80       0xa8
 *(SORT_BY_ALIGNMENT(.dynsym))
 .dynsym        0x0000000000018c80       0xa8 ./my_test_ta.o

.dynstr         0x0000000000018d28       0x36
 *(SORT_BY_ALIGNMENT(.dynstr))
 .dynstr        0x0000000000018d28       0x36 ./my_test_ta.o

.hash           0x0000000000018d60       0x30
 *(SORT_BY_ALIGNMENT(.hash))
 .hash          0x0000000000018d60       0x30 ./my_test_ta.o

.rela.dyn       0x0000000000018d90      0x378
 .rela.data.rel.ro
                0x0000000000018d90        0x0 ./my_test_ta.o
 .rela.ifunc    0x0000000000018d90        0x0 ./my_test_ta.o
 .rela.data.rel.ro.local
                0x0000000000018d90      0x2d0 ./my_test_ta.o
 .rela.data.rel.local
                0x0000000000019060       0x90 ./my_test_ta.o
 .rela.data.rel
                0x00000000000190f0       0x18 ./my_test_ta.o
                0x000000000001a000                . = ALIGN (0x1000)

.dynamic        0x000000000001a000      0x110
 *(SORT_BY_ALIGNMENT(.dynamic))
 .dynamic       0x000000000001a000      0x110 ./my_test_ta.o
                0x000000000001a000                _DYNAMIC

.tdata
 *(SORT_BY_ALIGNMENT(.tdata) SORT_BY_ALIGNMENT(.tdata.*) SORT_BY_ALIGNMENT(.gnu.linkonce.td.*))

.tbss
 *(SORT_BY_ALIGNMENT(.tbss) SORT_BY_ALIGNMENT(.tbss.*) SORT_BY_ALIGNMENT(.gnu.linkonce.tb.*))
 *(SORT_BY_ALIGNMENT(.tcommon))

.got            0x000000000001a110      0x100
 *(SORT_BY_ALIGNMENT(.got.plt))
 .got.plt       0x000000000001a110       0x18 ./my_test_ta.o
 *(SORT_BY_ALIGNMENT(.got))
 .got           0x000000000001a128       0xe8 ./my_test_ta.o
                0x000000000001a128                _GLOBAL_OFFSET_TABLE_

.rel.text
 *(SORT_BY_ALIGNMENT(.rel.text))
 *(SORT_BY_ALIGNMENT(.rel.gnu.linkonce.t*))

.rela.text
 *(SORT_BY_ALIGNMENT(.rela.text))
 *(SORT_BY_ALIGNMENT(.rela.gnu.linkonce.t*))

.rel.data
 *(SORT_BY_ALIGNMENT(.rel.data))
 *(SORT_BY_ALIGNMENT(.rel.gnu.linkonce.d*))

.rela.data
 *(SORT_BY_ALIGNMENT(.rela.data))
 *(SORT_BY_ALIGNMENT(.rela.gnu.linkonce.d*))

.rel.tdata
 *(SORT_BY_ALIGNMENT(.rel.tdata) SORT_BY_ALIGNMENT(.rel.tdata.*) SORT_BY_ALIGNMENT(.rel.gnu.linkonce.td.*))

.rela.tdata
 *(SORT_BY_ALIGNMENT(.rela.tdata) SORT_BY_ALIGNMENT(.rela.tdata.*) SORT_BY_ALIGNMENT(.rela.gnu.linkonce.td.*))

.rel.tbss
 *(SORT_BY_ALIGNMENT(.rel.tbss) SORT_BY_ALIGNMENT(.rel.tbss.*) SORT_BY_ALIGNMENT(.rel.gnu.linkonce.tb.*))

.rela.tbss
 *(SORT_BY_ALIGNMENT(.rela.tbss) SORT_BY_ALIGNMENT(.rela.tbss.*) SORT_BY_ALIGNMENT(.rela.gnu.linkonce.tb.*))

.rel.rodata
 *(SORT_BY_ALIGNMENT(.rel.rodata))
 *(SORT_BY_ALIGNMENT(.rel.gnu.linkonce.r*))

.rela.rodata
 *(SORT_BY_ALIGNMENT(.rela.rodata))
 *(SORT_BY_ALIGNMENT(.rela.gnu.linkonce.r*))

.rel.dyn
 *(SORT_BY_ALIGNMENT(.rel.dyn))

.rel.got
 *(SORT_BY_ALIGNMENT(.rel.got))

.rela.got       0x000000000001a210      0x2a0
 *(SORT_BY_ALIGNMENT(.rela.got))
 .rela.got      0x000000000001a210      0x2a0 ./my_test_ta.o

.rel.ctors
 *(SORT_BY_ALIGNMENT(.rel.ctors))

.rela.ctors
 *(SORT_BY_ALIGNMENT(.rela.ctors))

.rel.dtors
 *(SORT_BY_ALIGNMENT(.rel.dtors))

.rela.dtors
 *(SORT_BY_ALIGNMENT(.rela.dtors))

.rel.init
 *(SORT_BY_ALIGNMENT(.rel.init))

.rela.init
 *(SORT_BY_ALIGNMENT(.rela.init))

.rel.fini
 *(SORT_BY_ALIGNMENT(.rel.fini))

.rela.fini
 *(SORT_BY_ALIGNMENT(.rela.fini))

.rel.bss
 *(SORT_BY_ALIGNMENT(.rel.bss))

.rela.bss       0x000000000001a4b0        0x0
 *(SORT_BY_ALIGNMENT(.rela.bss))
 .rela.bss      0x000000000001a4b0        0x0 ./my_test_ta.o

.rel.plt
 *(SORT_BY_ALIGNMENT(.rel.plt))

.rela.plt       0x000000000001a4b0        0x0
 *(SORT_BY_ALIGNMENT(.rela.plt))
 .rela.plt      0x000000000001a4b0        0x0 ./my_test_ta.o

.data           0x000000000001a4b0      0x264
 *(SORT_BY_ALIGNMENT(.data) SORT_BY_ALIGNMENT(.data.*) SORT_BY_ALIGNMENT(.gnu.linkonce.d.*))
 .data.rel.ro.local
                0x000000000001a4b0      0x108 ./user_ta_header.o
                0x000000000001a4b0                ta_props
 .data          0x000000000001a5b8        0x8 /home/qc2335/optee/optee_os/out/arm/export-ta_arm64/lib/libutils.a(stack_check.o)
                0x000000000001a5b8                __stack_chk_guard
 .data.rel.local
                0x000000000001a5c0       0x20 /home/qc2335/optee/optee_os/out/arm/export-ta_arm64/lib/libutee.a(user_ta_entry.o)
 .data.rel.ro.local
                0x000000000001a5e0       0x60 /home/qc2335/optee/optee_os/out/arm/export-ta_arm64/lib/libutee.a(tee_api_property.o)
                0x000000000001a5e0                tee_props
 .data.rel      0x000000000001a640        0x8 /home/qc2335/optee/optee_os/out/arm/export-ta_arm64/lib/libmbedtls.a(platform_util.o)
 .data          0x000000000001a648        0x8 /home/qc2335/optee/optee_os/out/arm/export-ta_arm64/lib/libutils.a(bget_malloc.o)
 .data.rel.local
                0x000000000001a650       0xb8 /home/qc2335/optee/optee_os/out/arm/export-ta_arm64/lib/libutils.a(bget_malloc.o)
 .data          0x000000000001a708        0x8 ./my_test_ta.o
                0x000000000001a708                g_public_exponent_size
                0x000000000001a70c                g_public_modulus_size
 .data          0x000000000001a710        0x4 ./user_ta_header.o
                0x000000000001a710                trace_level
 .data.rel.ro   0x000000000001a714        0x0 ./my_test_ta.o
 .data          0x000000000001a714        0x0 /home/qc2335/optee/optee_os/out/arm/export-ta_arm64/lib/libutils.a(trace.o)
 .data          0x000000000001a714        0x0 /home/qc2335/optee/optee_os/out/arm/export-ta_arm64/lib/libutils.a(memcpy.o)
 .data          0x000000000001a714        0x0 /home/qc2335/optee/optee_os/out/arm/export-ta_arm64/lib/libutils.a(snprintk.o)
 .data          0x000000000001a714        0x0 /home/qc2335/optee/optee_os/out/arm/export-ta_arm64/lib/libutils.a(memchr.o)
 .data          0x000000000001a714        0x0 /home/qc2335/optee/optee_os/out/arm/export-ta_arm64/lib/libutils.a(strlen.o)
 .data          0x000000000001a714        0x0 /home/qc2335/optee/optee_os/out/arm/export-ta_arm64/lib/libutee.a(trace_ext.o)
 .data          0x000000000001a714        0x0 /home/qc2335/optee/optee_os/out/arm/export-ta_arm64/lib/libutee.a(tee_api.o)
 .data          0x000000000001a714        0x0 /home/qc2335/optee/optee_os/out/arm/export-ta_arm64/lib/libutee.a(tee_api_objects.o)
 .data          0x000000000001a714        0x0 /home/qc2335/optee/optee_os/out/arm/export-ta_arm64/lib/libutee.a(tee_api_panic.o)
 .data          0x000000000001a714        0x0 /home/qc2335/optee/optee_os/out/arm/export-ta_arm64/lib/libutee.a(tee_system_pta.o)
 .data          0x000000000001a714        0x0 /home/qc2335/optee/optee_os/out/arm/export-ta_arm64/lib/libutee.a(user_ta_entry.o)
 .data          0x000000000001a714        0x0 /home/qc2335/optee/optee_os/out/arm/export-ta_arm64/lib/libutee.a(user_ta_entry_compat.o)
 .data          0x000000000001a714        0x0 /home/qc2335/optee/optee_os/out/arm/export-ta_arm64/lib/libutee.a(utee_syscalls_a64.o)
 .data          0x000000000001a714        0x0 /home/qc2335/optee/optee_os/out/arm/export-ta_arm64/lib/libutee.a(abort.o)
 .data          0x000000000001a714        0x0 /home/qc2335/optee/optee_os/out/arm/export-ta_arm64/lib/libutee.a(tee_api_arith_mpi.o)
 .data          0x000000000001a714        0x0 /home/qc2335/optee/optee_os/out/arm/export-ta_arm64/lib/libutee.a(tee_api_property.o)
 .data          0x000000000001a714        0x0 /home/qc2335/optee/optee_os/out/arm/export-ta_arm64/lib/libutee.a(tcb.o)
 .data          0x000000000001a714        0x0 /home/qc2335/optee/optee_os/out/arm/export-ta_arm64/lib/libutee.a(assert.o)
 .data          0x000000000001a714        0x0 /home/qc2335/optee/optee_os/out/arm/export-ta_arm64/lib/libutee.a(base64.o)
 .data          0x000000000001a714        0x0 /home/qc2335/optee/optee_os/out/arm/export-ta_arm64/lib/libmbedtls.a(bignum.o)
 .data          0x000000000001a714        0x0 /home/qc2335/optee/optee_os/out/arm/export-ta_arm64/lib/libmbedtls.a(bignum_core.o)
 .data          0x000000000001a714        0x0 /home/qc2335/optee/optee_os/out/arm/export-ta_arm64/lib/libmbedtls.a(constant_time.o)
 .data          0x000000000001a714        0x0 /home/qc2335/optee/optee_os/out/arm/export-ta_arm64/lib/libmbedtls.a(platform_util.o)
 .data          0x000000000001a714        0x0 /home/qc2335/optee/optee_os/out/arm/export-ta_arm64/lib/libutils.a(snprintf.o)
 .data          0x000000000001a714        0x0 /home/qc2335/optee/optee_os/out/arm/export-ta_arm64/lib/libutils.a(memmove.o)
 .data          0x000000000001a714        0x0 /home/qc2335/optee/optee_os/out/arm/export-ta_arm64/lib/libutils.a(memset.o)
 .data          0x000000000001a714        0x0 /home/qc2335/optee/optee_os/out/arm/export-ta_arm64/lib/libutils.a(strcmp.o)
 .data          0x000000000001a714        0x0 /home/qc2335/optee/optee_os/out/arm/export-ta_arm64/lib/libutils.a(strlcpy.o)
 .data          0x000000000001a714        0x0 /home/qc2335/optee/optee_os/out/arm/export-ta_arm64/lib/libutils.a(mempool.o)
 .data          0x000000000001a714        0x0 /home/qc2335/optee/optee_os/out/arm/export-ta_arm64/lib/libutils.a(consttime_memcmp.o)
 .data          0x000000000001a714        0x0 /home/qc2335/optee/optee_os/out/arm/export-ta_arm64/lib/libutee.a(tee_api_operations.o)

.bss            0x000000000001a718     0xb9b0
 *(SORT_BY_ALIGNMENT(.bss) SORT_BY_ALIGNMENT(.bss.*) SORT_BY_ALIGNMENT(.gnu.linkonce.b.*) SORT_BY_ALIGNMENT(COMMON))
 .bss           0x000000000001a718       0x10 /home/qc2335/optee/optee_os/out/arm/export-ta_arm64/lib/libutee.a(tee_api.o)
 .bss           0x000000000001a728        0x8 /home/qc2335/optee/optee_os/out/arm/export-ta_arm64/lib/libutee.a(tee_system_pta.o)
 .bss           0x000000000001a730       0x6c /home/qc2335/optee/optee_os/out/arm/export-ta_arm64/lib/libutee.a(user_ta_entry.o)
                0x000000000001a740                __elf_phdr_info
                0x000000000001a750                __ta_no_share_malloc_ctx
                0x000000000001a758                ta_params
                0x000000000001a798                ta_param_types
 *fill*         0x000000000001a79c        0x4 
 .bss           0x000000000001a7a0     0x3800 /home/qc2335/optee/optee_os/out/arm/export-ta_arm64/lib/libutee.a(tee_api_arith_mpi.o)
 .bss           0x000000000001dfa0       0x10 /home/qc2335/optee/optee_os/out/arm/export-ta_arm64/lib/libutee.a(tcb.o)
 .bss           0x000000000001dfb0        0x8 /home/qc2335/optee/optee_os/out/arm/export-ta_arm64/lib/libmbedtls.a(bignum.o)
                0x000000000001dfb0                mbedtls_mpi_mempool
 .bss           0x000000000001dfb8        0x8 /home/qc2335/optee/optee_os/out/arm/export-ta_arm64/lib/libutils.a(bget_malloc.o)
 .bss           0x000000000001dfc0        0x0 ./my_test_ta.o
 COMMON         0x000000000001dfc0      0x103 ./my_test_ta.o
                0x000000000001dfc0                g_public_exponent
                0x000000000001dfc3                g_public_modulus
 .bss           0x000000000001e0c3        0x0 ./user_ta_header.o
 COMMON         0x000000000001e0c3     0x8000 ./user_ta_header.o
                0x000000000001e0c3                ta_heap
                0x00000000000260c3                __ta_no_share_heap
 .bss           0x00000000000260c3        0x0 /home/qc2335/optee/optee_os/out/arm/export-ta_arm64/lib/libutils.a(stack_check.o)
 .bss           0x00000000000260c3        0x0 /home/qc2335/optee/optee_os/out/arm/export-ta_arm64/lib/libutils.a(trace.o)
 .bss           0x00000000000260c3        0x0 /home/qc2335/optee/optee_os/out/arm/export-ta_arm64/lib/libutils.a(memcpy.o)
 .bss           0x00000000000260c3        0x0 /home/qc2335/optee/optee_os/out/arm/export-ta_arm64/lib/libutils.a(snprintk.o)
 .bss           0x00000000000260c3        0x0 /home/qc2335/optee/optee_os/out/arm/export-ta_arm64/lib/libutils.a(memchr.o)
 .bss           0x00000000000260c3        0x0 /home/qc2335/optee/optee_os/out/arm/export-ta_arm64/lib/libutils.a(strlen.o)
 .bss           0x00000000000260c3        0x0 /home/qc2335/optee/optee_os/out/arm/export-ta_arm64/lib/libutee.a(trace_ext.o)
 .bss           0x00000000000260c3        0x0 /home/qc2335/optee/optee_os/out/arm/export-ta_arm64/lib/libutee.a(tee_api_objects.o)
 .bss           0x00000000000260c3        0x0 /home/qc2335/optee/optee_os/out/arm/export-ta_arm64/lib/libutee.a(tee_api_panic.o)
 .bss           0x00000000000260c3        0x0 /home/qc2335/optee/optee_os/out/arm/export-ta_arm64/lib/libutee.a(user_ta_entry_compat.o)
 .bss           0x00000000000260c3        0x0 /home/qc2335/optee/optee_os/out/arm/export-ta_arm64/lib/libutee.a(utee_syscalls_a64.o)
 .bss           0x00000000000260c3        0x0 /home/qc2335/optee/optee_os/out/arm/export-ta_arm64/lib/libutee.a(abort.o)
 .bss           0x00000000000260c3        0x0 /home/qc2335/optee/optee_os/out/arm/export-ta_arm64/lib/libutee.a(tee_api_property.o)
 .bss           0x00000000000260c3        0x0 /home/qc2335/optee/optee_os/out/arm/export-ta_arm64/lib/libutee.a(assert.o)
 .bss           0x00000000000260c3        0x0 /home/qc2335/optee/optee_os/out/arm/export-ta_arm64/lib/libutee.a(base64.o)
 .bss           0x00000000000260c3        0x0 /home/qc2335/optee/optee_os/out/arm/export-ta_arm64/lib/libmbedtls.a(bignum_core.o)
 .bss           0x00000000000260c3        0x0 /home/qc2335/optee/optee_os/out/arm/export-ta_arm64/lib/libmbedtls.a(constant_time.o)
 .bss           0x00000000000260c3        0x0 /home/qc2335/optee/optee_os/out/arm/export-ta_arm64/lib/libmbedtls.a(platform_util.o)
 .bss           0x00000000000260c3        0x0 /home/qc2335/optee/optee_os/out/arm/export-ta_arm64/lib/libutils.a(snprintf.o)
 .bss           0x00000000000260c3        0x0 /home/qc2335/optee/optee_os/out/arm/export-ta_arm64/lib/libutils.a(memmove.o)
 .bss           0x00000000000260c3        0x0 /home/qc2335/optee/optee_os/out/arm/export-ta_arm64/lib/libutils.a(memset.o)
 .bss           0x00000000000260c3        0x0 /home/qc2335/optee/optee_os/out/arm/export-ta_arm64/lib/libutils.a(strcmp.o)
 .bss           0x00000000000260c3        0x0 /home/qc2335/optee/optee_os/out/arm/export-ta_arm64/lib/libutils.a(strlcpy.o)
 .bss           0x00000000000260c3        0x0 /home/qc2335/optee/optee_os/out/arm/export-ta_arm64/lib/libutils.a(mempool.o)
 .bss           0x00000000000260c3        0x0 /home/qc2335/optee/optee_os/out/arm/export-ta_arm64/lib/libutils.a(consttime_memcmp.o)
 .bss           0x00000000000260c3        0x0 /home/qc2335/optee/optee_os/out/arm/export-ta_arm64/lib/libutee.a(tee_api_operations.o)
                0x00000000000260c8                . = ALIGN (0x8)
 *fill*         0x00000000000260c3        0x5 
                0x00000000000260c8                __ftrace_buf_start = .
                0x00000000000260c8                . = (. + DEFINED (_mcount)?0x800:0x0)
                0x00000000000260c8                __ftrace_buf_end = .

.dynbss         0x00000000000260c8        0x0
 .dynbss        0x00000000000260c8        0x0 ./my_test_ta.o

/DISCARD/
 *(SORT_BY_ALIGNMENT(.interp))
LOAD ./my_test_ta.o
LOAD ./user_ta_header.o
START GROUP
LOAD /home/qc2335/optee/optee_os/out/arm/export-ta_arm64/lib/libutils.a
LOAD /home/qc2335/optee/optee_os/out/arm/export-ta_arm64/lib/libutee.a
LOAD /home/qc2335/optee/optee_os/out/arm/export-ta_arm64/lib/libmbedtls.a
LOAD /home/qc2335/optee/optee_os/out/arm/export-ta_arm64/lib/libdl.a
END GROUP
LOAD /usr/lib/gcc-cross/aarch64-linux-gnu/9/libgcc.a
LOAD /home/qc2335/optee/optee_os/out/arm/export-ta_arm64/lib/libutils.a
OUTPUT(9aaaf200-2450-11e4-abe2-0002a5d5c51b.elf elf64-littleaarch64)
LOAD linker stubs

.debug_info     0x0000000000000000    0x24a41
 .debug_info    0x0000000000000000      0x93b ./my_test_ta.o
 .debug_info    0x000000000000093b      0x793 ./user_ta_header.o
 .debug_info    0x00000000000010ce      0x144 /home/qc2335/optee/optee_os/out/arm/export-ta_arm64/lib/libutils.a(stack_check.o)
 .debug_info    0x0000000000001212      0x711 /home/qc2335/optee/optee_os/out/arm/export-ta_arm64/lib/libutils.a(trace.o)
 .debug_info    0x0000000000001923      0x130 /home/qc2335/optee/optee_os/out/arm/export-ta_arm64/lib/libutils.a(memcpy.o)
 .debug_info    0x0000000000001a53      0x961 /home/qc2335/optee/optee_os/out/arm/export-ta_arm64/lib/libutils.a(snprintk.o)
 .debug_info    0x00000000000023b4       0xff /home/qc2335/optee/optee_os/out/arm/export-ta_arm64/lib/libutils.a(memchr.o)
 .debug_info    0x00000000000024b3       0xbf /home/qc2335/optee/optee_os/out/arm/export-ta_arm64/lib/libutils.a(strlen.o)
 .debug_info    0x0000000000002572      0x3d8 /home/qc2335/optee/optee_os/out/arm/export-ta_arm64/lib/libutee.a(trace_ext.o)
 .debug_info    0x000000000000294a     0x2759 /home/qc2335/optee/optee_os/out/arm/export-ta_arm64/lib/libutee.a(tee_api.o)
 .debug_info    0x00000000000050a3     0x2ed2 /home/qc2335/optee/optee_os/out/arm/export-ta_arm64/lib/libutee.a(tee_api_objects.o)
 .debug_info    0x0000000000007f75      0xa4c /home/qc2335/optee/optee_os/out/arm/export-ta_arm64/lib/libutee.a(tee_api_panic.o)
 .debug_info    0x00000000000089c1      0x7fa /home/qc2335/optee/optee_os/out/arm/export-ta_arm64/lib/libutee.a(tee_system_pta.o)
 .debug_info    0x00000000000091bb     0x16ba /home/qc2335/optee/optee_os/out/arm/export-ta_arm64/lib/libutee.a(user_ta_entry.o)
 .debug_info    0x000000000000a875      0x4d2 /home/qc2335/optee/optee_os/out/arm/export-ta_arm64/lib/libutee.a(user_ta_entry_compat.o)
 .debug_info    0x000000000000ad47       0x23 /home/qc2335/optee/optee_os/out/arm/export-ta_arm64/lib/libutee.a(utee_syscalls_a64.o)
 .debug_info    0x000000000000ad6a       0xf1 /home/qc2335/optee/optee_os/out/arm/export-ta_arm64/lib/libutee.a(abort.o)
 .debug_info    0x000000000000ae5b     0x520a /home/qc2335/optee/optee_os/out/arm/export-ta_arm64/lib/libutee.a(tee_api_arith_mpi.o)
 .debug_info    0x0000000000010065     0x1946 /home/qc2335/optee/optee_os/out/arm/export-ta_arm64/lib/libutee.a(tee_api_property.o)
 .debug_info    0x00000000000119ab      0x8af /home/qc2335/optee/optee_os/out/arm/export-ta_arm64/lib/libutee.a(tcb.o)
 .debug_info    0x000000000001225a      0x1b5 /home/qc2335/optee/optee_os/out/arm/export-ta_arm64/lib/libutee.a(assert.o)
 .debug_info    0x000000000001240f      0x339 /home/qc2335/optee/optee_os/out/arm/export-ta_arm64/lib/libutee.a(base64.o)
 .debug_info    0x0000000000012748     0x57b0 /home/qc2335/optee/optee_os/out/arm/export-ta_arm64/lib/libmbedtls.a(bignum.o)
 .debug_info    0x0000000000017ef8     0x20b9 /home/qc2335/optee/optee_os/out/arm/export-ta_arm64/lib/libmbedtls.a(bignum_core.o)
 .debug_info    0x0000000000019fb1     0x1084 /home/qc2335/optee/optee_os/out/arm/export-ta_arm64/lib/libmbedtls.a(constant_time.o)
 .debug_info    0x000000000001b035      0x4c2 /home/qc2335/optee/optee_os/out/arm/export-ta_arm64/lib/libmbedtls.a(platform_util.o)
 .debug_info    0x000000000001b4f7     0x2f9b /home/qc2335/optee/optee_os/out/arm/export-ta_arm64/lib/libutils.a(bget_malloc.o)
 .debug_info    0x000000000001e492      0x2a0 /home/qc2335/optee/optee_os/out/arm/export-ta_arm64/lib/libutils.a(snprintf.o)
 .debug_info    0x000000000001e732       0xfb /home/qc2335/optee/optee_os/out/arm/export-ta_arm64/lib/libutils.a(memmove.o)
 .debug_info    0x000000000001e82d       0xd3 /home/qc2335/optee/optee_os/out/arm/export-ta_arm64/lib/libutils.a(memset.o)
 .debug_info    0x000000000001e900       0xb4 /home/qc2335/optee/optee_os/out/arm/export-ta_arm64/lib/libutils.a(strcmp.o)
 .debug_info    0x000000000001e9b4      0x123 /home/qc2335/optee/optee_os/out/arm/export-ta_arm64/lib/libutils.a(strlcpy.o)
 .debug_info    0x000000000001ead7      0x733 /home/qc2335/optee/optee_os/out/arm/export-ta_arm64/lib/libutils.a(mempool.o)
 .debug_info    0x000000000001f20a      0x132 /home/qc2335/optee/optee_os/out/arm/export-ta_arm64/lib/libutils.a(consttime_memcmp.o)
 .debug_info    0x000000000001f33c     0x5705 /home/qc2335/optee/optee_os/out/arm/export-ta_arm64/lib/libutee.a(tee_api_operations.o)

.debug_abbrev   0x0000000000000000     0x52c7
 .debug_abbrev  0x0000000000000000      0x2ad ./my_test_ta.o
 .debug_abbrev  0x00000000000002ad      0x224 ./user_ta_header.o
 .debug_abbrev  0x00000000000004d1       0xb2 /home/qc2335/optee/optee_os/out/arm/export-ta_arm64/lib/libutils.a(stack_check.o)
 .debug_abbrev  0x0000000000000583      0x2bf /home/qc2335/optee/optee_os/out/arm/export-ta_arm64/lib/libutils.a(trace.o)
 .debug_abbrev  0x0000000000000842       0xbb /home/qc2335/optee/optee_os/out/arm/export-ta_arm64/lib/libutils.a(memcpy.o)
 .debug_abbrev  0x00000000000008fd      0x300 /home/qc2335/optee/optee_os/out/arm/export-ta_arm64/lib/libutils.a(snprintk.o)
 .debug_abbrev  0x0000000000000bfd       0xb4 /home/qc2335/optee/optee_os/out/arm/export-ta_arm64/lib/libutils.a(memchr.o)
 .debug_abbrev  0x0000000000000cb1       0x85 /home/qc2335/optee/optee_os/out/arm/export-ta_arm64/lib/libutils.a(strlen.o)
 .debug_abbrev  0x0000000000000d36      0x1c4 /home/qc2335/optee/optee_os/out/arm/export-ta_arm64/lib/libutee.a(trace_ext.o)
 .debug_abbrev  0x0000000000000efa      0x558 /home/qc2335/optee/optee_os/out/arm/export-ta_arm64/lib/libutee.a(tee_api.o)
 .debug_abbrev  0x0000000000001452      0x399 /home/qc2335/optee/optee_os/out/arm/export-ta_arm64/lib/libutee.a(tee_api_objects.o)
 .debug_abbrev  0x00000000000017eb      0x21c /home/qc2335/optee/optee_os/out/arm/export-ta_arm64/lib/libutee.a(tee_api_panic.o)
 .debug_abbrev  0x0000000000001a07      0x29f /home/qc2335/optee/optee_os/out/arm/export-ta_arm64/lib/libutee.a(tee_system_pta.o)
 .debug_abbrev  0x0000000000001ca6      0x5aa /home/qc2335/optee/optee_os/out/arm/export-ta_arm64/lib/libutee.a(user_ta_entry.o)
 .debug_abbrev  0x0000000000002250      0x1a4 /home/qc2335/optee/optee_os/out/arm/export-ta_arm64/lib/libutee.a(user_ta_entry_compat.o)
 .debug_abbrev  0x00000000000023f4       0x12 /home/qc2335/optee/optee_os/out/arm/export-ta_arm64/lib/libutee.a(utee_syscalls_a64.o)
 .debug_abbrev  0x0000000000002406       0x94 /home/qc2335/optee/optee_os/out/arm/export-ta_arm64/lib/libutee.a(abort.o)
 .debug_abbrev  0x000000000000249a      0x541 /home/qc2335/optee/optee_os/out/arm/export-ta_arm64/lib/libutee.a(tee_api_arith_mpi.o)
 .debug_abbrev  0x00000000000029db      0x343 /home/qc2335/optee/optee_os/out/arm/export-ta_arm64/lib/libutee.a(tee_api_property.o)
 .debug_abbrev  0x0000000000002d1e      0x2cf /home/qc2335/optee/optee_os/out/arm/export-ta_arm64/lib/libutee.a(tcb.o)
 .debug_abbrev  0x0000000000002fed       0xbd /home/qc2335/optee/optee_os/out/arm/export-ta_arm64/lib/libutee.a(assert.o)
 .debug_abbrev  0x00000000000030aa      0x1a4 /home/qc2335/optee/optee_os/out/arm/export-ta_arm64/lib/libutee.a(base64.o)
 .debug_abbrev  0x000000000000324e      0x5a3 /home/qc2335/optee/optee_os/out/arm/export-ta_arm64/lib/libmbedtls.a(bignum.o)
 .debug_abbrev  0x00000000000037f1      0x47c /home/qc2335/optee/optee_os/out/arm/export-ta_arm64/lib/libmbedtls.a(bignum_core.o)
 .debug_abbrev  0x0000000000003c6d      0x398 /home/qc2335/optee/optee_os/out/arm/export-ta_arm64/lib/libmbedtls.a(constant_time.o)
 .debug_abbrev  0x0000000000004005      0x18a /home/qc2335/optee/optee_os/out/arm/export-ta_arm64/lib/libmbedtls.a(platform_util.o)
 .debug_abbrev  0x000000000000418f      0x506 /home/qc2335/optee/optee_os/out/arm/export-ta_arm64/lib/libutils.a(bget_malloc.o)
 .debug_abbrev  0x0000000000004695      0x155 /home/qc2335/optee/optee_os/out/arm/export-ta_arm64/lib/libutils.a(snprintf.o)
 .debug_abbrev  0x00000000000047ea       0xa6 /home/qc2335/optee/optee_os/out/arm/export-ta_arm64/lib/libutils.a(memmove.o)
 .debug_abbrev  0x0000000000004890       0xa3 /home/qc2335/optee/optee_os/out/arm/export-ta_arm64/lib/libutils.a(memset.o)
 .debug_abbrev  0x0000000000004933       0x6f /home/qc2335/optee/optee_os/out/arm/export-ta_arm64/lib/libutils.a(strcmp.o)
 .debug_abbrev  0x00000000000049a2       0xa5 /home/qc2335/optee/optee_os/out/arm/export-ta_arm64/lib/libutils.a(strlcpy.o)
 .debug_abbrev  0x0000000000004a47      0x2a9 /home/qc2335/optee/optee_os/out/arm/export-ta_arm64/lib/libutils.a(mempool.o)
 .debug_abbrev  0x0000000000004cf0       0xc2 /home/qc2335/optee/optee_os/out/arm/export-ta_arm64/lib/libutils.a(consttime_memcmp.o)
 .debug_abbrev  0x0000000000004db2      0x515 /home/qc2335/optee/optee_os/out/arm/export-ta_arm64/lib/libutee.a(tee_api_operations.o)

.debug_loc      0x0000000000000000      0xa1c
 .debug_loc     0x0000000000000000      0x73f ./my_test_ta.o
 .debug_loc     0x000000000000073f      0x2dd ./user_ta_header.o

.debug_aranges  0x0000000000000000      0xa10
 .debug_aranges
                0x0000000000000000       0x30 ./my_test_ta.o
 .debug_aranges
                0x0000000000000030       0x30 ./user_ta_header.o
 .debug_aranges
                0x0000000000000060       0x30 /home/qc2335/optee/optee_os/out/arm/export-ta_arm64/lib/libutils.a(stack_check.o)
 .debug_aranges
                0x0000000000000090       0x30 /home/qc2335/optee/optee_os/out/arm/export-ta_arm64/lib/libutils.a(trace.o)
 .debug_aranges
                0x00000000000000c0       0x30 /home/qc2335/optee/optee_os/out/arm/export-ta_arm64/lib/libutils.a(memcpy.o)
 .debug_aranges
                0x00000000000000f0       0x30 /home/qc2335/optee/optee_os/out/arm/export-ta_arm64/lib/libutils.a(snprintk.o)
 .debug_aranges
                0x0000000000000120       0x30 /home/qc2335/optee/optee_os/out/arm/export-ta_arm64/lib/libutils.a(memchr.o)
 .debug_aranges
                0x0000000000000150       0x30 /home/qc2335/optee/optee_os/out/arm/export-ta_arm64/lib/libutils.a(strlen.o)
 .debug_aranges
                0x0000000000000180       0x30 /home/qc2335/optee/optee_os/out/arm/export-ta_arm64/lib/libutee.a(trace_ext.o)
 .debug_aranges
                0x00000000000001b0       0x30 /home/qc2335/optee/optee_os/out/arm/export-ta_arm64/lib/libutee.a(tee_api.o)
 .debug_aranges
                0x00000000000001e0       0x30 /home/qc2335/optee/optee_os/out/arm/export-ta_arm64/lib/libutee.a(tee_api_objects.o)
 .debug_aranges
                0x0000000000000210       0x30 /home/qc2335/optee/optee_os/out/arm/export-ta_arm64/lib/libutee.a(tee_api_panic.o)
 .debug_aranges
                0x0000000000000240       0x30 /home/qc2335/optee/optee_os/out/arm/export-ta_arm64/lib/libutee.a(tee_system_pta.o)
 .debug_aranges
                0x0000000000000270       0x30 /home/qc2335/optee/optee_os/out/arm/export-ta_arm64/lib/libutee.a(user_ta_entry.o)
 .debug_aranges
                0x00000000000002a0       0x30 /home/qc2335/optee/optee_os/out/arm/export-ta_arm64/lib/libutee.a(user_ta_entry_compat.o)
 .debug_aranges
                0x00000000000002d0      0x3b0 /home/qc2335/optee/optee_os/out/arm/export-ta_arm64/lib/libutee.a(utee_syscalls_a64.o)
 .debug_aranges
                0x0000000000000680       0x30 /home/qc2335/optee/optee_os/out/arm/export-ta_arm64/lib/libutee.a(abort.o)
 .debug_aranges
                0x00000000000006b0       0x30 /home/qc2335/optee/optee_os/out/arm/export-ta_arm64/lib/libutee.a(tee_api_arith_mpi.o)
 .debug_aranges
                0x00000000000006e0       0x30 /home/qc2335/optee/optee_os/out/arm/export-ta_arm64/lib/libutee.a(tee_api_property.o)
 .debug_aranges
                0x0000000000000710       0x30 /home/qc2335/optee/optee_os/out/arm/export-ta_arm64/lib/libutee.a(tcb.o)
 .debug_aranges
                0x0000000000000740       0x30 /home/qc2335/optee/optee_os/out/arm/export-ta_arm64/lib/libutee.a(assert.o)
 .debug_aranges
                0x0000000000000770       0x30 /home/qc2335/optee/optee_os/out/arm/export-ta_arm64/lib/libutee.a(base64.o)
 .debug_aranges
                0x00000000000007a0       0x30 /home/qc2335/optee/optee_os/out/arm/export-ta_arm64/lib/libmbedtls.a(bignum.o)
 .debug_aranges
                0x00000000000007d0       0x30 /home/qc2335/optee/optee_os/out/arm/export-ta_arm64/lib/libmbedtls.a(bignum_core.o)
 .debug_aranges
                0x0000000000000800       0x30 /home/qc2335/optee/optee_os/out/arm/export-ta_arm64/lib/libmbedtls.a(constant_time.o)
 .debug_aranges
                0x0000000000000830       0x30 /home/qc2335/optee/optee_os/out/arm/export-ta_arm64/lib/libmbedtls.a(platform_util.o)
 .debug_aranges
                0x0000000000000860       0x30 /home/qc2335/optee/optee_os/out/arm/export-ta_arm64/lib/libutils.a(bget_malloc.o)
 .debug_aranges
                0x0000000000000890       0x30 /home/qc2335/optee/optee_os/out/arm/export-ta_arm64/lib/libutils.a(snprintf.o)
 .debug_aranges
                0x00000000000008c0       0x30 /home/qc2335/optee/optee_os/out/arm/export-ta_arm64/lib/libutils.a(memmove.o)
 .debug_aranges
                0x00000000000008f0       0x30 /home/qc2335/optee/optee_os/out/arm/export-ta_arm64/lib/libutils.a(memset.o)
 .debug_aranges
                0x0000000000000920       0x30 /home/qc2335/optee/optee_os/out/arm/export-ta_arm64/lib/libutils.a(strcmp.o)
 .debug_aranges
                0x0000000000000950       0x30 /home/qc2335/optee/optee_os/out/arm/export-ta_arm64/lib/libutils.a(strlcpy.o)
 .debug_aranges
                0x0000000000000980       0x30 /home/qc2335/optee/optee_os/out/arm/export-ta_arm64/lib/libutils.a(mempool.o)
 .debug_aranges
                0x00000000000009b0       0x30 /home/qc2335/optee/optee_os/out/arm/export-ta_arm64/lib/libutils.a(consttime_memcmp.o)
 .debug_aranges
                0x00000000000009e0       0x30 /home/qc2335/optee/optee_os/out/arm/export-ta_arm64/lib/libutee.a(tee_api_operations.o)

.debug_ranges   0x0000000000000000       0x80
 .debug_ranges  0x0000000000000000       0x60 ./my_test_ta.o
 .debug_ranges  0x0000000000000060       0x20 ./user_ta_header.o

.debug_macro    0x0000000000000000    0x1c63a
 .debug_macro   0x0000000000000000       0xd9 ./my_test_ta.o
 .debug_macro   0x00000000000000d9      0x9b8 ./my_test_ta.o
 .debug_macro   0x0000000000000a91      0x119 ./my_test_ta.o
 .debug_macro   0x0000000000000baa      0x174 ./my_test_ta.o
 .debug_macro   0x0000000000000d1e      0xceb ./my_test_ta.o
 .debug_macro   0x0000000000001a09       0x7c ./my_test_ta.o
 .debug_macro   0x0000000000001a85      0x1a0 ./my_test_ta.o
 .debug_macro   0x0000000000001c25       0xc4 ./my_test_ta.o
 .debug_macro   0x0000000000001ce9       0x22 ./my_test_ta.o
 .debug_macro   0x0000000000001d0b       0x35 ./my_test_ta.o
 .debug_macro   0x0000000000001d40       0x58 ./my_test_ta.o
 .debug_macro   0x0000000000001d98       0x34 ./my_test_ta.o
 .debug_macro   0x0000000000001dcc       0x79 ./my_test_ta.o
 .debug_macro   0x0000000000001e45      0x184 ./my_test_ta.o
 .debug_macro   0x0000000000001fc9       0xf7 ./my_test_ta.o
 .debug_macro   0x00000000000020c0       0x22 ./my_test_ta.o
 .debug_macro   0x00000000000020e2      0x1a7 ./user_ta_header.o
 .debug_macro   0x0000000000002289      0x9b8 ./user_ta_header.o
 .debug_macro   0x0000000000002c41       0x2e ./user_ta_header.o
 .debug_macro   0x0000000000002c6f       0x64 ./user_ta_header.o
 .debug_macro   0x0000000000002cd3       0x2e ./user_ta_header.o
 .debug_macro   0x0000000000002d01       0x33 ./user_ta_header.o
 .debug_macro   0x0000000000002d34       0xf0 ./user_ta_header.o
 .debug_macro   0x0000000000002e24       0x88 ./user_ta_header.o
 .debug_macro   0x0000000000002eac       0x2e ./user_ta_header.o
 .debug_macro   0x0000000000002eda       0xb5 /home/qc2335/optee/optee_os/out/arm/export-ta_arm64/lib/libutils.a(stack_check.o)
 .debug_macro   0x0000000000002f8f      0x9b8 /home/qc2335/optee/optee_os/out/arm/export-ta_arm64/lib/libutils.a(stack_check.o)
 .debug_macro   0x0000000000003947      0x64a /home/qc2335/optee/optee_os/out/arm/export-ta_arm64/lib/libutils.a(stack_check.o)
 .debug_macro   0x0000000000003f91      0x119 /home/qc2335/optee/optee_os/out/arm/export-ta_arm64/lib/libutils.a(stack_check.o)
 .debug_macro   0x00000000000040aa       0x22 /home/qc2335/optee/optee_os/out/arm/export-ta_arm64/lib/libutils.a(stack_check.o)
 .debug_macro   0x00000000000040cc       0x79 /home/qc2335/optee/optee_os/out/arm/export-ta_arm64/lib/libutils.a(stack_check.o)
 .debug_macro   0x0000000000004145      0xcf1 /home/qc2335/optee/optee_os/out/arm/export-ta_arm64/lib/libutils.a(stack_check.o)
 .debug_macro   0x0000000000004e36       0xd9 /home/qc2335/optee/optee_os/out/arm/export-ta_arm64/lib/libutils.a(trace.o)
 .debug_macro   0x0000000000004f0f      0x9b8 /home/qc2335/optee/optee_os/out/arm/export-ta_arm64/lib/libutils.a(trace.o)
 .debug_macro   0x00000000000058c7       0x16 /home/qc2335/optee/optee_os/out/arm/export-ta_arm64/lib/libutils.a(trace.o)
 .debug_macro   0x00000000000058dd       0x57 /home/qc2335/optee/optee_os/out/arm/export-ta_arm64/lib/libutils.a(memcpy.o)
 .debug_macro   0x0000000000005934      0x9b2 /home/qc2335/optee/optee_os/out/arm/export-ta_arm64/lib/libutils.a(memcpy.o)
 .debug_macro   0x00000000000062e6       0x7c /home/qc2335/optee/optee_os/out/arm/export-ta_arm64/lib/libutils.a(memcpy.o)
 .debug_macro   0x0000000000006362      0x13d /home/qc2335/optee/optee_os/out/arm/export-ta_arm64/lib/libutils.a(snprintk.o)
 .debug_macro   0x000000000000649f      0x9b8 /home/qc2335/optee/optee_os/out/arm/export-ta_arm64/lib/libutils.a(snprintk.o)
 .debug_macro   0x0000000000006e57       0x66 /home/qc2335/optee/optee_os/out/arm/export-ta_arm64/lib/libutils.a(memchr.o)
 .debug_macro   0x0000000000006ebd      0x9b8 /home/qc2335/optee/optee_os/out/arm/export-ta_arm64/lib/libutils.a(memchr.o)
 .debug_macro   0x0000000000007875       0x5a /home/qc2335/optee/optee_os/out/arm/export-ta_arm64/lib/libutils.a(strlen.o)
 .debug_macro   0x00000000000078cf      0x9b8 /home/qc2335/optee/optee_os/out/arm/export-ta_arm64/lib/libutils.a(strlen.o)
 .debug_macro   0x0000000000008287       0xf1 /home/qc2335/optee/optee_os/out/arm/export-ta_arm64/lib/libutee.a(trace_ext.o)
 .debug_macro   0x0000000000008378      0x9b8 /home/qc2335/optee/optee_os/out/arm/export-ta_arm64/lib/libutee.a(trace_ext.o)
 .debug_macro   0x0000000000008d30       0xea /home/qc2335/optee/optee_os/out/arm/export-ta_arm64/lib/libutee.a(trace_ext.o)
 .debug_macro   0x0000000000008e1a      0x1b8 /home/qc2335/optee/optee_os/out/arm/export-ta_arm64/lib/libutee.a(tee_api.o)
 .debug_macro   0x0000000000008fd2      0x9b8 /home/qc2335/optee/optee_os/out/arm/export-ta_arm64/lib/libutee.a(tee_api.o)
 .debug_macro   0x000000000000998a      0x165 /home/qc2335/optee/optee_os/out/arm/export-ta_arm64/lib/libutee.a(tee_api_objects.o)
 .debug_macro   0x0000000000009aef      0x9b8 /home/qc2335/optee/optee_os/out/arm/export-ta_arm64/lib/libutee.a(tee_api_objects.o)
 .debug_macro   0x000000000000a4a7      0x124 /home/qc2335/optee/optee_os/out/arm/export-ta_arm64/lib/libutee.a(tee_api_panic.o)
 .debug_macro   0x000000000000a5cb      0x9b8 /home/qc2335/optee/optee_os/out/arm/export-ta_arm64/lib/libutee.a(tee_api_panic.o)
 .debug_macro   0x000000000000af83      0x13a /home/qc2335/optee/optee_os/out/arm/export-ta_arm64/lib/libutee.a(tee_system_pta.o)
 .debug_macro   0x000000000000b0bd      0x9b8 /home/qc2335/optee/optee_os/out/arm/export-ta_arm64/lib/libutee.a(tee_system_pta.o)